[0.011s] Invoking command in '/home/jmendes/drone_ws/build/drone_gazebo_plugins': CMAKE_PREFIX_PATH=${CMAKE_PREFIX_PATH}:/opt/ros/jazzy /usr/bin/cmake --build /home/jmendes/drone_ws/build/drone_gazebo_plugins -- -j8 -l8
[0.106s] [ 50%] [32mBuilding CXX object CMakeFiles/TeensyEmulator.dir/src/TeensyEmulator.cpp.o[0m
[2.320s] [01m[K/home/jmendes/drone_ws/src/drone_gazebo_plugins/src/TeensyEmulator.cpp:[m[K In member function ‘[01m[Kvirtual void DroneTeensyEmulator::TeensyEmulator::[01;32m[KConfigure[m[K(const gz::sim::v8::Entity&, const std::shared_ptr<const sdf::v14::Element>&, gz::sim::v8::EntityComponentManager&, gz::sim::v8::EventManager&)[m[K’:
[2.320s] [01m[K/home/jmendes/drone_ws/src/drone_gazebo_plugins/src/TeensyEmulator.cpp:30:86:[m[K [01;35m[Kwarning: [m[Kunused parameter ‘[01m[Kecm[m[K’ [[01;35m[K-Wunused-parameter[m[K]
[2.320s]    30 | td::shared_ptr<sdf::Element const> const& sdf, [01;35m[Kgz::sim::EntityComponentManager& ecm[m[K,
[2.320s]       |                                                [01;35m[K~~~~~~~~~~~~~~~~~~~~~~~~~~~~~~~~~^~~[m[K
[2.320s] 
[2.320s] [01m[K/home/jmendes/drone_ws/src/drone_gazebo_plugins/src/TeensyEmulator.cpp:31:28:[m[K [01;35m[Kwarning: [m[Kunused parameter ‘[01m[KeventMgr[m[K’ [[01;35m[K-Wunused-parameter[m[K]
[2.320s]    31 |     [01;35m[Kgz::sim::EventManager& eventMgr[m[K)
[2.320s]       |     [01;35m[K~~~~~~~~~~~~~~~~~~~~~~~^~~~~~~~[m[K
[2.329s] [01m[K/home/jmendes/drone_ws/src/drone_gazebo_plugins/src/TeensyEmulator.cpp:[m[K In member function ‘[01m[Kvirtual void DroneTeensyEmulator::TeensyEmulator::[01;32m[KPreUpdate[m[K(const gz::sim::v8::UpdateInfo&, gz::sim::v8::EntityComponentManager&)[m[K’:
[2.329s] [01m[K/home/jmendes/drone_ws/src/drone_gazebo_plugins/src/TeensyEmulator.cpp:62:19:[m[K [01;31m[Kerror: [m[K‘[01m[Kclass gz::sim::v8::Model[m[K’ has no member named ‘[01m[KSetWorldPose[m[K’; did you mean ‘[01m[KSetWorldPoseCmd[m[K’?
[2.329s]    62 |             model.[01;31m[KSetWorldPose[m[K(pose, ecm);
[2.329s]       |                   [01;31m[K^~~~~~~~~~~~[m[K
[2.329s]       |                   [32m[KSetWorldPoseCmd[m[K
[2.329s] [01m[K/home/jmendes/drone_ws/src/drone_gazebo_plugins/src/TeensyEmulator.cpp:[m[K In member function ‘[01m[Kvirtual void DroneTeensyEmulator::TeensyEmulator::[01;32m[KPostUpdate[m[K(const gz::sim::v8::UpdateInfo&, const gz::sim::v8::EntityComponentManager&)[m[K’:
[2.329s] [01m[K/home/jmendes/drone_ws/src/drone_gazebo_plugins/src/TeensyEmulator.cpp:67:81:[m[K [01;35m[Kwarning: [m[Kunused parameter ‘[01m[Kinfo[m[K’ [[01;35m[K-Wunused-parameter[m[K]
[2.329s]    67 | oid DroneTeensyEmulator::TeensyEmulator::PostUpdate([01;35m[Kconst gz::sim::UpdateInfo& info[m[K,
[2.329s]       |                                                     [01;35m[K~~~~~~~~~~~~~~~~~~~~~~~~~~~^~~~[m[K
[2.329s] 
[2.329s] [01m[K/home/jmendes/drone_ws/src/drone_gazebo_plugins/src/TeensyEmulator.cpp:68:44:[m[K [01;35m[Kwarning: [m[Kunused parameter ‘[01m[Kecm[m[K’ [[01;35m[K-Wunused-parameter[m[K]
[2.329s]    68 |     [01;35m[Kconst gz::sim::EntityComponentManager& ecm[m[K)
[2.329s]       |     [01;35m[K~~~~~~~~~~~~~~~~~~~~~~~~~~~~~~~~~~~~~~~^~~[m[K
[3.237s] gmake[2]: *** [CMakeFiles/TeensyEmulator.dir/build.make:76: CMakeFiles/TeensyEmulator.dir/src/TeensyEmulator.cpp.o] Error 1
[3.238s] gmake[1]: *** [CMakeFiles/Makefile2:137: CMakeFiles/TeensyEmulator.dir/all] Error 2
[3.238s] gmake: *** [Makefile:146: all] Error 2
[3.239s] Invoked command in '/home/jmendes/drone_ws/build/drone_gazebo_plugins' returned '2': CMAKE_PREFIX_PATH=${CMAKE_PREFIX_PATH}:/opt/ros/jazzy /usr/bin/cmake --build /home/jmendes/drone_ws/build/drone_gazebo_plugins -- -j8 -l8
