[0.166s] DEBUG:colcon:Command line arguments: ['/usr/bin/colcon', 'build']
[0.166s] DEBUG:colcon:Parsed command line arguments: Namespace(log_base=None, log_level=None, verb_name='build', build_base='build', install_base='install', merge_install=False, symlink_install=False, test_result_base=None, continue_on_error=False, executor='parallel', parallel_workers=8, event_handlers=None, ignore_user_meta=False, metas=['./colcon.meta'], base_paths=['.'], packages_ignore=None, packages_ignore_regex=None, paths=None, packages_up_to=None, packages_up_to_regex=None, packages_above=None, packages_above_and_dependencies=None, packages_above_depth=None, packages_select_by_dep=None, packages_skip_by_dep=None, packages_skip_up_to=None, packages_select_build_failed=False, packages_skip_build_finished=False, packages_select_test_failures=False, packages_skip_test_passed=False, packages_select=None, packages_skip=None, packages_select_regex=None, packages_skip_regex=None, packages_start=None, packages_end=None, cmake_args=None, cmake_target=None, cmake_target_skip_unavailable=False, cmake_clean_cache=False, cmake_clean_first=False, cmake_force_configure=False, ament_cmake_args=None, catkin_cmake_args=None, catkin_skip_building_tests=False, mixin_files=None, mixin=None, verb_parser=<colcon_mixin.mixin.mixin_argument.MixinArgumentDecorator object at 0x734da8395370>, verb_extension=<colcon_core.verb.build.BuildVerb object at 0x734da8da1d00>, main=<bound method BuildVerb.main of <colcon_core.verb.build.BuildVerb object at 0x734da8da1d00>>, mixin_verb=('build',))
[0.206s] Level 1:colcon.colcon_core.package_discovery:discover_packages(colcon_meta) check parameters
[0.206s] Level 1:colcon.colcon_core.package_discovery:discover_packages(recursive) check parameters
[0.206s] Level 1:colcon.colcon_core.package_discovery:discover_packages(ignore) check parameters
[0.206s] Level 1:colcon.colcon_core.package_discovery:discover_packages(path) check parameters
[0.206s] Level 1:colcon.colcon_core.package_discovery:discover_packages(colcon_meta) discover
[0.206s] Level 1:colcon.colcon_core.package_discovery:discover_packages(recursive) discover
[0.206s] INFO:colcon.colcon_core.package_discovery:Crawling recursively for packages in '/home/jmendes/drone_ws'
[0.206s] Level 1:colcon.colcon_core.package_identification:_identify(.) by extensions ['ignore', 'ignore_ament_install']
[0.206s] Level 1:colcon.colcon_core.package_identification:_identify(.) by extension 'ignore'
[0.207s] Level 1:colcon.colcon_core.package_identification:_identify(.) by extension 'ignore_ament_install'
[0.207s] Level 1:colcon.colcon_core.package_identification:_identify(.) by extensions ['colcon_pkg']
[0.207s] Level 1:colcon.colcon_core.package_identification:_identify(.) by extension 'colcon_pkg'
[0.207s] Level 1:colcon.colcon_core.package_identification:_identify(.) by extensions ['colcon_meta']
[0.207s] Level 1:colcon.colcon_core.package_identification:_identify(.) by extension 'colcon_meta'
[0.207s] Level 1:colcon.colcon_core.package_identification:_identify(.) by extensions ['ros']
[0.207s] Level 1:colcon.colcon_core.package_identification:_identify(.) by extension 'ros'
[0.228s] Level 1:colcon.colcon_core.package_identification:_identify(.) by extensions ['cmake', 'python']
[0.228s] Level 1:colcon.colcon_core.package_identification:_identify(.) by extension 'cmake'
[0.228s] Level 1:colcon.colcon_core.package_identification:_identify(.) by extension 'python'
[0.228s] Level 1:colcon.colcon_core.package_identification:_identify(.) by extensions ['python_setup_py']
[0.228s] Level 1:colcon.colcon_core.package_identification:_identify(.) by extension 'python_setup_py'
[0.228s] Level 1:colcon.colcon_core.package_identification:_identify(build) by extensions ['ignore', 'ignore_ament_install']
[0.228s] Level 1:colcon.colcon_core.package_identification:_identify(build) by extension 'ignore'
[0.228s] Level 1:colcon.colcon_core.package_identification:_identify(build) ignored
[0.228s] Level 1:colcon.colcon_core.package_identification:_identify(install) by extensions ['ignore', 'ignore_ament_install']
[0.228s] Level 1:colcon.colcon_core.package_identification:_identify(install) by extension 'ignore'
[0.228s] Level 1:colcon.colcon_core.package_identification:_identify(install) ignored
[0.229s] Level 1:colcon.colcon_core.package_identification:_identify(log) by extensions ['ignore', 'ignore_ament_install']
[0.229s] Level 1:colcon.colcon_core.package_identification:_identify(log) by extension 'ignore'
[0.229s] Level 1:colcon.colcon_core.package_identification:_identify(log) ignored
[0.229s] Level 1:colcon.colcon_core.package_identification:_identify(src) by extensions ['ignore', 'ignore_ament_install']
[0.229s] Level 1:colcon.colcon_core.package_identification:_identify(src) by extension 'ignore'
[0.229s] Level 1:colcon.colcon_core.package_identification:_identify(src) by extension 'ignore_ament_install'
[0.229s] Level 1:colcon.colcon_core.package_identification:_identify(src) by extensions ['colcon_pkg']
[0.229s] Level 1:colcon.colcon_core.package_identification:_identify(src) by extension 'colcon_pkg'
[0.229s] Level 1:colcon.colcon_core.package_identification:_identify(src) by extensions ['colcon_meta']
[0.229s] Level 1:colcon.colcon_core.package_identification:_identify(src) by extension 'colcon_meta'
[0.229s] Level 1:colcon.colcon_core.package_identification:_identify(src) by extensions ['ros']
[0.229s] Level 1:colcon.colcon_core.package_identification:_identify(src) by extension 'ros'
[0.229s] Level 1:colcon.colcon_core.package_identification:_identify(src) by extensions ['cmake', 'python']
[0.229s] Level 1:colcon.colcon_core.package_identification:_identify(src) by extension 'cmake'
[0.229s] Level 1:colcon.colcon_core.package_identification:_identify(src) by extension 'python'
[0.229s] Level 1:colcon.colcon_core.package_identification:_identify(src) by extensions ['python_setup_py']
[0.229s] Level 1:colcon.colcon_core.package_identification:_identify(src) by extension 'python_setup_py'
[0.229s] Level 1:colcon.colcon_core.package_identification:_identify(src/drone_description) by extensions ['ignore', 'ignore_ament_install']
[0.229s] Level 1:colcon.colcon_core.package_identification:_identify(src/drone_description) by extension 'ignore'
[0.229s] Level 1:colcon.colcon_core.package_identification:_identify(src/drone_description) by extension 'ignore_ament_install'
[0.229s] Level 1:colcon.colcon_core.package_identification:_identify(src/drone_description) by extensions ['colcon_pkg']
[0.229s] Level 1:colcon.colcon_core.package_identification:_identify(src/drone_description) by extension 'colcon_pkg'
[0.229s] Level 1:colcon.colcon_core.package_identification:_identify(src/drone_description) by extensions ['colcon_meta']
[0.229s] Level 1:colcon.colcon_core.package_identification:_identify(src/drone_description) by extension 'colcon_meta'
[0.229s] Level 1:colcon.colcon_core.package_identification:_identify(src/drone_description) by extensions ['ros']
[0.229s] Level 1:colcon.colcon_core.package_identification:_identify(src/drone_description) by extension 'ros'
[0.231s] DEBUG:colcon.colcon_core.package_identification:Package 'src/drone_description' with type 'ros.ament_cmake' and name 'drone_description'
[0.231s] Level 1:colcon.colcon_core.package_identification:_identify(src/drone_gazebo) by extensions ['ignore', 'ignore_ament_install']
[0.231s] Level 1:colcon.colcon_core.package_identification:_identify(src/drone_gazebo) by extension 'ignore'
[0.231s] Level 1:colcon.colcon_core.package_identification:_identify(src/drone_gazebo) by extension 'ignore_ament_install'
[0.231s] Level 1:colcon.colcon_core.package_identification:_identify(src/drone_gazebo) by extensions ['colcon_pkg']
[0.231s] Level 1:colcon.colcon_core.package_identification:_identify(src/drone_gazebo) by extension 'colcon_pkg'
[0.232s] Level 1:colcon.colcon_core.package_identification:_identify(src/drone_gazebo) by extensions ['colcon_meta']
[0.232s] Level 1:colcon.colcon_core.package_identification:_identify(src/drone_gazebo) by extension 'colcon_meta'
[0.232s] Level 1:colcon.colcon_core.package_identification:_identify(src/drone_gazebo) by extensions ['ros']
[0.232s] Level 1:colcon.colcon_core.package_identification:_identify(src/drone_gazebo) by extension 'ros'
[0.232s] DEBUG:colcon.colcon_core.package_identification:Package 'src/drone_gazebo' with type 'ros.ament_cmake' and name 'drone_gazebo'
[0.232s] Level 1:colcon.colcon_core.package_identification:_identify(src/drone_gazebo_plugins) by extensions ['ignore', 'ignore_ament_install']
[0.232s] Level 1:colcon.colcon_core.package_identification:_identify(src/drone_gazebo_plugins) by extension 'ignore'
[0.232s] Level 1:colcon.colcon_core.package_identification:_identify(src/drone_gazebo_plugins) by extension 'ignore_ament_install'
[0.232s] Level 1:colcon.colcon_core.package_identification:_identify(src/drone_gazebo_plugins) by extensions ['colcon_pkg']
[0.232s] Level 1:colcon.colcon_core.package_identification:_identify(src/drone_gazebo_plugins) by extension 'colcon_pkg'
[0.232s] Level 1:colcon.colcon_core.package_identification:_identify(src/drone_gazebo_plugins) by extensions ['colcon_meta']
[0.232s] Level 1:colcon.colcon_core.package_identification:_identify(src/drone_gazebo_plugins) by extension 'colcon_meta'
[0.232s] Level 1:colcon.colcon_core.package_identification:_identify(src/drone_gazebo_plugins) by extensions ['ros']
[0.232s] Level 1:colcon.colcon_core.package_identification:_identify(src/drone_gazebo_plugins) by extension 'ros'
[0.233s] DEBUG:colcon.colcon_core.package_identification:Package 'src/drone_gazebo_plugins' with type 'ros.ament_cmake' and name 'drone_gazebo_plugins'
[0.233s] Level 1:colcon.colcon_core.package_discovery:discover_packages(recursive) using defaults
[0.233s] Level 1:colcon.colcon_core.package_discovery:discover_packages(ignore) discover
[0.233s] Level 1:colcon.colcon_core.package_discovery:discover_packages(ignore) using defaults
[0.233s] Level 1:colcon.colcon_core.package_discovery:discover_packages(path) discover
[0.233s] Level 1:colcon.colcon_core.package_discovery:discover_packages(path) using defaults
[0.251s] Level 5:colcon.colcon_core.verb:set package 'drone_description' build argument 'cmake_args' from command line to 'None'
[0.251s] Level 5:colcon.colcon_core.verb:set package 'drone_description' build argument 'cmake_target' from command line to 'None'
[0.251s] Level 5:colcon.colcon_core.verb:set package 'drone_description' build argument 'cmake_target_skip_unavailable' from command line to 'False'
[0.251s] Level 5:colcon.colcon_core.verb:set package 'drone_description' build argument 'cmake_clean_cache' from command line to 'False'
[0.251s] Level 5:colcon.colcon_core.verb:set package 'drone_description' build argument 'cmake_clean_first' from command line to 'False'
[0.251s] Level 5:colcon.colcon_core.verb:set package 'drone_description' build argument 'cmake_force_configure' from command line to 'False'
[0.251s] Level 5:colcon.colcon_core.verb:set package 'drone_description' build argument 'ament_cmake_args' from command line to 'None'
[0.251s] Level 5:colcon.colcon_core.verb:set package 'drone_description' build argument 'catkin_cmake_args' from command line to 'None'
[0.251s] Level 5:colcon.colcon_core.verb:set package 'drone_description' build argument 'catkin_skip_building_tests' from command line to 'False'
[0.251s] DEBUG:colcon.colcon_core.verb:Building package 'drone_description' with the following arguments: {'ament_cmake_args': None, 'build_base': '/home/jmendes/drone_ws/build/drone_description', 'catkin_cmake_args': None, 'catkin_skip_building_tests': False, 'cmake_args': None, 'cmake_clean_cache': False, 'cmake_clean_first': False, 'cmake_force_configure': False, 'cmake_target': None, 'cmake_target_skip_unavailable': False, 'install_base': '/home/jmendes/drone_ws/install/drone_description', 'merge_install': False, 'path': '/home/jmendes/drone_ws/src/drone_description', 'symlink_install': False, 'test_result_base': None}
[0.251s] Level 5:colcon.colcon_core.verb:set package 'drone_gazebo' build argument 'cmake_args' from command line to 'None'
[0.251s] Level 5:colcon.colcon_core.verb:set package 'drone_gazebo' build argument 'cmake_target' from command line to 'None'
[0.251s] Level 5:colcon.colcon_core.verb:set package 'drone_gazebo' build argument 'cmake_target_skip_unavailable' from command line to 'False'
[0.251s] Level 5:colcon.colcon_core.verb:set package 'drone_gazebo' build argument 'cmake_clean_cache' from command line to 'False'
[0.251s] Level 5:colcon.colcon_core.verb:set package 'drone_gazebo' build argument 'cmake_clean_first' from command line to 'False'
[0.251s] Level 5:colcon.colcon_core.verb:set package 'drone_gazebo' build argument 'cmake_force_configure' from command line to 'False'
[0.251s] Level 5:colcon.colcon_core.verb:set package 'drone_gazebo' build argument 'ament_cmake_args' from command line to 'None'
[0.251s] Level 5:colcon.colcon_core.verb:set package 'drone_gazebo' build argument 'catkin_cmake_args' from command line to 'None'
[0.251s] Level 5:colcon.colcon_core.verb:set package 'drone_gazebo' build argument 'catkin_skip_building_tests' from command line to 'False'
[0.251s] DEBUG:colcon.colcon_core.verb:Building package 'drone_gazebo' with the following arguments: {'ament_cmake_args': None, 'build_base': '/home/jmendes/drone_ws/build/drone_gazebo', 'catkin_cmake_args': None, 'catkin_skip_building_tests': False, 'cmake_args': None, 'cmake_clean_cache': False, 'cmake_clean_first': False, 'cmake_force_configure': False, 'cmake_target': None, 'cmake_target_skip_unavailable': False, 'install_base': '/home/jmendes/drone_ws/install/drone_gazebo', 'merge_install': False, 'path': '/home/jmendes/drone_ws/src/drone_gazebo', 'symlink_install': False, 'test_result_base': None}
[0.251s] Level 5:colcon.colcon_core.verb:set package 'drone_gazebo_plugins' build argument 'cmake_args' from command line to 'None'
[0.251s] Level 5:colcon.colcon_core.verb:set package 'drone_gazebo_plugins' build argument 'cmake_target' from command line to 'None'
[0.251s] Level 5:colcon.colcon_core.verb:set package 'drone_gazebo_plugins' build argument 'cmake_target_skip_unavailable' from command line to 'False'
[0.251s] Level 5:colcon.colcon_core.verb:set package 'drone_gazebo_plugins' build argument 'cmake_clean_cache' from command line to 'False'
[0.251s] Level 5:colcon.colcon_core.verb:set package 'drone_gazebo_plugins' build argument 'cmake_clean_first' from command line to 'False'
[0.251s] Level 5:colcon.colcon_core.verb:set package 'drone_gazebo_plugins' build argument 'cmake_force_configure' from command line to 'False'
[0.251s] Level 5:colcon.colcon_core.verb:set package 'drone_gazebo_plugins' build argument 'ament_cmake_args' from command line to 'None'
[0.251s] Level 5:colcon.colcon_core.verb:set package 'drone_gazebo_plugins' build argument 'catkin_cmake_args' from command line to 'None'
[0.251s] Level 5:colcon.colcon_core.verb:set package 'drone_gazebo_plugins' build argument 'catkin_skip_building_tests' from command line to 'False'
[0.251s] DEBUG:colcon.colcon_core.verb:Building package 'drone_gazebo_plugins' with the following arguments: {'ament_cmake_args': None, 'build_base': '/home/jmendes/drone_ws/build/drone_gazebo_plugins', 'catkin_cmake_args': None, 'catkin_skip_building_tests': False, 'cmake_args': None, 'cmake_clean_cache': False, 'cmake_clean_first': False, 'cmake_force_configure': False, 'cmake_target': None, 'cmake_target_skip_unavailable': False, 'install_base': '/home/jmendes/drone_ws/install/drone_gazebo_plugins', 'merge_install': False, 'path': '/home/jmendes/drone_ws/src/drone_gazebo_plugins', 'symlink_install': False, 'test_result_base': None}
[0.251s] INFO:colcon.colcon_core.executor:Executing jobs using 'parallel' executor
[0.252s] DEBUG:colcon.colcon_parallel_executor.executor.parallel:run_until_complete
[0.252s] INFO:colcon.colcon_ros.task.ament_cmake.build:Building ROS package in '/home/jmendes/drone_ws/src/drone_description' with build type 'ament_cmake'
[0.253s] INFO:colcon.colcon_cmake.task.cmake.build:Building CMake package in '/home/jmendes/drone_ws/src/drone_description'
[0.256s] INFO:colcon.colcon_core.plugin_system:Skipping extension 'colcon_core.shell.bat': Not used on non-Windows systems
[0.256s] INFO:colcon.colcon_core.shell:Skip shell extension 'powershell' for command environment: Not usable outside of PowerShell
[0.256s] DEBUG:colcon.colcon_core.shell:Skip shell extension 'dsv' for command environment
[0.263s] INFO:colcon.colcon_ros.task.ament_cmake.build:Building ROS package in '/home/jmendes/drone_ws/src/drone_gazebo' with build type 'ament_cmake'
[0.263s] INFO:colcon.colcon_cmake.task.cmake.build:Building CMake package in '/home/jmendes/drone_ws/src/drone_gazebo'
[0.263s] INFO:colcon.colcon_core.shell:Skip shell extension 'powershell' for command environment: Not usable outside of PowerShell
[0.263s] DEBUG:colcon.colcon_core.shell:Skip shell extension 'dsv' for command environment
[0.266s] INFO:colcon.colcon_ros.task.ament_cmake.build:Building ROS package in '/home/jmendes/drone_ws/src/drone_gazebo_plugins' with build type 'ament_cmake'
[0.266s] INFO:colcon.colcon_cmake.task.cmake.build:Building CMake package in '/home/jmendes/drone_ws/src/drone_gazebo_plugins'
[0.266s] INFO:colcon.colcon_core.shell:Skip shell extension 'powershell' for command environment: Not usable outside of PowerShell
[0.266s] DEBUG:colcon.colcon_core.shell:Skip shell extension 'dsv' for command environment
[0.272s] DEBUG:colcon.colcon_core.event_handler.log_command:Invoking command in '/home/jmendes/drone_ws/build/drone_description': CMAKE_PREFIX_PATH=${CMAKE_PREFIX_PATH}:/opt/ros/jazzy /usr/bin/cmake --build /home/jmendes/drone_ws/build/drone_description -- -j8 -l8
[0.274s] DEBUG:colcon.colcon_core.event_handler.log_command:Invoking command in '/home/jmendes/drone_ws/build/drone_gazebo': CMAKE_PREFIX_PATH=${CMAKE_PREFIX_PATH}:/opt/ros/jazzy /usr/bin/cmake --build /home/jmendes/drone_ws/build/drone_gazebo -- -j8 -l8
[0.277s] DEBUG:colcon.colcon_core.event_handler.log_command:Invoking command in '/home/jmendes/drone_ws/build/drone_gazebo_plugins': CMAKE_PREFIX_PATH=${CMAKE_PREFIX_PATH}:/opt/ros/jazzy /usr/bin/cmake --build /home/jmendes/drone_ws/build/drone_gazebo_plugins -- -j8 -l8
[0.307s] DEBUG:colcon.colcon_core.event_handler.log_command:Invoked command in '/home/jmendes/drone_ws/build/drone_description' returned '0': CMAKE_PREFIX_PATH=${CMAKE_PREFIX_PATH}:/opt/ros/jazzy /usr/bin/cmake --build /home/jmendes/drone_ws/build/drone_description -- -j8 -l8
[0.315s] DEBUG:colcon.colcon_core.event_handler.log_command:Invoking command in '/home/jmendes/drone_ws/build/drone_description': CMAKE_PREFIX_PATH=${CMAKE_PREFIX_PATH}:/opt/ros/jazzy /usr/bin/cmake --install /home/jmendes/drone_ws/build/drone_description
[0.315s] DEBUG:colcon.colcon_core.event_handler.log_command:Invoked command in '/home/jmendes/drone_ws/build/drone_gazebo' returned '0': CMAKE_PREFIX_PATH=${CMAKE_PREFIX_PATH}:/opt/ros/jazzy /usr/bin/cmake --build /home/jmendes/drone_ws/build/drone_gazebo -- -j8 -l8
[0.317s] DEBUG:colcon.colcon_core.event_handler.log_command:Invoking command in '/home/jmendes/drone_ws/build/drone_gazebo': CMAKE_PREFIX_PATH=${CMAKE_PREFIX_PATH}:/opt/ros/jazzy /usr/bin/cmake --install /home/jmendes/drone_ws/build/drone_gazebo
[0.326s] Level 1:colcon.colcon_core.environment:create_environment_scripts_only(drone_description)
[0.330s] DEBUG:colcon.colcon_core.event_handler.log_command:Invoked command in '/home/jmendes/drone_ws/build/drone_description' returned '0': CMAKE_PREFIX_PATH=${CMAKE_PREFIX_PATH}:/opt/ros/jazzy /usr/bin/cmake --install /home/jmendes/drone_ws/build/drone_description
[0.348s] Level 1:colcon.colcon_core.environment:checking '/home/jmendes/drone_ws/install/drone_description' for CMake module files
[0.354s] Level 1:colcon.colcon_core.environment:checking '/home/jmendes/drone_ws/install/drone_description' for CMake config files
[0.361s] Level 1:colcon.colcon_core.shell:create_environment_hook('drone_description', 'cmake_prefix_path')
[0.361s] INFO:colcon.colcon_core.shell:Creating environment hook '/home/jmendes/drone_ws/install/drone_description/share/drone_description/hook/cmake_prefix_path.ps1'
[0.363s] INFO:colcon.colcon_core.shell:Creating environment descriptor '/home/jmendes/drone_ws/install/drone_description/share/drone_description/hook/cmake_prefix_path.dsv'
[0.365s] INFO:colcon.colcon_core.shell:Creating environment hook '/home/jmendes/drone_ws/install/drone_description/share/drone_description/hook/cmake_prefix_path.sh'
[0.369s] Level 1:colcon.colcon_core.environment:checking '/home/jmendes/drone_ws/install/drone_description/bin'
[0.370s] Level 1:colcon.colcon_core.environment:checking '/home/jmendes/drone_ws/install/drone_description/lib/pkgconfig/drone_description.pc'
[0.373s] Level 1:colcon.colcon_core.environment:checking '/home/jmendes/drone_ws/install/drone_description/lib/python3.12/site-packages'
[0.374s] Level 1:colcon.colcon_core.environment:checking '/home/jmendes/drone_ws/install/drone_description/bin'
[0.374s] INFO:colcon.colcon_core.shell:Creating package script '/home/jmendes/drone_ws/install/drone_description/share/drone_description/package.ps1'
[0.376s] INFO:colcon.colcon_core.shell:Creating package descriptor '/home/jmendes/drone_ws/install/drone_description/share/drone_description/package.dsv'
[0.378s] INFO:colcon.colcon_core.shell:Creating package script '/home/jmendes/drone_ws/install/drone_description/share/drone_description/package.sh'
[0.380s] INFO:colcon.colcon_core.shell:Creating package script '/home/jmendes/drone_ws/install/drone_description/share/drone_description/package.bash'
[0.382s] INFO:colcon.colcon_core.shell:Creating package script '/home/jmendes/drone_ws/install/drone_description/share/drone_description/package.zsh'
[0.385s] Level 1:colcon.colcon_core.environment:create_file_with_runtime_dependencies(/home/jmendes/drone_ws/install/drone_description/share/colcon-core/packages/drone_description)
[0.387s] Level 1:colcon.colcon_core.environment:create_environment_scripts_only(drone_description)
[0.387s] Level 1:colcon.colcon_core.environment:checking '/home/jmendes/drone_ws/install/drone_description' for CMake module files
[0.390s] Level 1:colcon.colcon_core.environment:checking '/home/jmendes/drone_ws/install/drone_description' for CMake config files
[0.396s] Level 1:colcon.colcon_core.shell:create_environment_hook('drone_description', 'cmake_prefix_path')
[0.396s] INFO:colcon.colcon_core.shell:Creating environment hook '/home/jmendes/drone_ws/install/drone_description/share/drone_description/hook/cmake_prefix_path.ps1'
[0.398s] INFO:colcon.colcon_core.shell:Creating environment descriptor '/home/jmendes/drone_ws/install/drone_description/share/drone_description/hook/cmake_prefix_path.dsv'
[0.401s] INFO:colcon.colcon_core.shell:Creating environment hook '/home/jmendes/drone_ws/install/drone_description/share/drone_description/hook/cmake_prefix_path.sh'
[0.402s] Level 1:colcon.colcon_core.environment:checking '/home/jmendes/drone_ws/install/drone_description/bin'
[0.402s] Level 1:colcon.colcon_core.environment:checking '/home/jmendes/drone_ws/install/drone_description/lib/pkgconfig/drone_description.pc'
[0.402s] Level 1:colcon.colcon_core.environment:checking '/home/jmendes/drone_ws/install/drone_description/lib/python3.12/site-packages'
[0.403s] Level 1:colcon.colcon_core.environment:checking '/home/jmendes/drone_ws/install/drone_description/bin'
[0.403s] INFO:colcon.colcon_core.shell:Creating package script '/home/jmendes/drone_ws/install/drone_description/share/drone_description/package.ps1'
[0.403s] INFO:colcon.colcon_core.shell:Creating package descriptor '/home/jmendes/drone_ws/install/drone_description/share/drone_description/package.dsv'
[0.403s] INFO:colcon.colcon_core.shell:Creating package script '/home/jmendes/drone_ws/install/drone_description/share/drone_description/package.sh'
[0.404s] INFO:colcon.colcon_core.shell:Creating package script '/home/jmendes/drone_ws/install/drone_description/share/drone_description/package.bash'
[0.404s] INFO:colcon.colcon_core.shell:Creating package script '/home/jmendes/drone_ws/install/drone_description/share/drone_description/package.zsh'
[0.404s] Level 1:colcon.colcon_core.environment:create_file_with_runtime_dependencies(/home/jmendes/drone_ws/install/drone_description/share/colcon-core/packages/drone_description)
[0.405s] Level 1:colcon.colcon_core.environment:create_environment_scripts_only(drone_gazebo)
[0.405s] Level 1:colcon.colcon_core.environment:checking '/home/jmendes/drone_ws/install/drone_gazebo' for CMake module files
[0.405s] DEBUG:colcon.colcon_core.event_handler.log_command:Invoked command in '/home/jmendes/drone_ws/build/drone_gazebo' returned '0': CMAKE_PREFIX_PATH=${CMAKE_PREFIX_PATH}:/opt/ros/jazzy /usr/bin/cmake --install /home/jmendes/drone_ws/build/drone_gazebo
[0.406s] Level 1:colcon.colcon_core.environment:checking '/home/jmendes/drone_ws/install/drone_gazebo' for CMake config files
[0.439s] Level 1:colcon.colcon_core.shell:create_environment_hook('drone_gazebo', 'cmake_prefix_path')
[0.439s] INFO:colcon.colcon_core.shell:Creating environment hook '/home/jmendes/drone_ws/install/drone_gazebo/share/drone_gazebo/hook/cmake_prefix_path.ps1'
[0.439s] INFO:colcon.colcon_core.shell:Creating environment descriptor '/home/jmendes/drone_ws/install/drone_gazebo/share/drone_gazebo/hook/cmake_prefix_path.dsv'
[0.439s] INFO:colcon.colcon_core.shell:Creating environment hook '/home/jmendes/drone_ws/install/drone_gazebo/share/drone_gazebo/hook/cmake_prefix_path.sh'
[0.440s] Level 1:colcon.colcon_core.environment:checking '/home/jmendes/drone_ws/install/drone_gazebo/bin'
[0.440s] Level 1:colcon.colcon_core.environment:checking '/home/jmendes/drone_ws/install/drone_gazebo/lib/pkgconfig/drone_gazebo.pc'
[0.440s] Level 1:colcon.colcon_core.environment:checking '/home/jmendes/drone_ws/install/drone_gazebo/lib/python3.12/site-packages'
[0.440s] Level 1:colcon.colcon_core.environment:checking '/home/jmendes/drone_ws/install/drone_gazebo/bin'
[0.440s] INFO:colcon.colcon_core.shell:Creating package script '/home/jmendes/drone_ws/install/drone_gazebo/share/drone_gazebo/package.ps1'
[0.441s] INFO:colcon.colcon_core.shell:Creating package descriptor '/home/jmendes/drone_ws/install/drone_gazebo/share/drone_gazebo/package.dsv'
[0.441s] INFO:colcon.colcon_core.shell:Creating package script '/home/jmendes/drone_ws/install/drone_gazebo/share/drone_gazebo/package.sh'
[0.441s] INFO:colcon.colcon_core.shell:Creating package script '/home/jmendes/drone_ws/install/drone_gazebo/share/drone_gazebo/package.bash'
[0.441s] INFO:colcon.colcon_core.shell:Creating package script '/home/jmendes/drone_ws/install/drone_gazebo/share/drone_gazebo/package.zsh'
[0.442s] Level 1:colcon.colcon_core.environment:create_file_with_runtime_dependencies(/home/jmendes/drone_ws/install/drone_gazebo/share/colcon-core/packages/drone_gazebo)
[0.442s] Level 1:colcon.colcon_core.environment:create_environment_scripts_only(drone_gazebo)
[0.442s] Level 1:colcon.colcon_core.environment:checking '/home/jmendes/drone_ws/install/drone_gazebo' for CMake module files
[0.442s] Level 1:colcon.colcon_core.environment:checking '/home/jmendes/drone_ws/install/drone_gazebo' for CMake config files
[0.446s] Level 1:colcon.colcon_core.shell:create_environment_hook('drone_gazebo', 'cmake_prefix_path')
[0.446s] INFO:colcon.colcon_core.shell:Creating environment hook '/home/jmendes/drone_ws/install/drone_gazebo/share/drone_gazebo/hook/cmake_prefix_path.ps1'
[0.447s] INFO:colcon.colcon_core.shell:Creating environment descriptor '/home/jmendes/drone_ws/install/drone_gazebo/share/drone_gazebo/hook/cmake_prefix_path.dsv'
[0.447s] INFO:colcon.colcon_core.shell:Creating environment hook '/home/jmendes/drone_ws/install/drone_gazebo/share/drone_gazebo/hook/cmake_prefix_path.sh'
[0.447s] Level 1:colcon.colcon_core.environment:checking '/home/jmendes/drone_ws/install/drone_gazebo/bin'
[0.447s] Level 1:colcon.colcon_core.environment:checking '/home/jmendes/drone_ws/install/drone_gazebo/lib/pkgconfig/drone_gazebo.pc'
[0.448s] Level 1:colcon.colcon_core.environment:checking '/home/jmendes/drone_ws/install/drone_gazebo/lib/python3.12/site-packages'
[0.448s] Level 1:colcon.colcon_core.environment:checking '/home/jmendes/drone_ws/install/drone_gazebo/bin'
[0.448s] INFO:colcon.colcon_core.shell:Creating package script '/home/jmendes/drone_ws/install/drone_gazebo/share/drone_gazebo/package.ps1'
[0.448s] INFO:colcon.colcon_core.shell:Creating package descriptor '/home/jmendes/drone_ws/install/drone_gazebo/share/drone_gazebo/package.dsv'
[0.449s] INFO:colcon.colcon_core.shell:Creating package script '/home/jmendes/drone_ws/install/drone_gazebo/share/drone_gazebo/package.sh'
[0.449s] INFO:colcon.colcon_core.shell:Creating package script '/home/jmendes/drone_ws/install/drone_gazebo/share/drone_gazebo/package.bash'
[0.449s] INFO:colcon.colcon_core.shell:Creating package script '/home/jmendes/drone_ws/install/drone_gazebo/share/drone_gazebo/package.zsh'
[0.449s] Level 1:colcon.colcon_core.environment:create_file_with_runtime_dependencies(/home/jmendes/drone_ws/install/drone_gazebo/share/colcon-core/packages/drone_gazebo)
[3.505s] DEBUG:colcon.colcon_core.event_handler.log_command:Invoked command in '/home/jmendes/drone_ws/build/drone_gazebo_plugins' returned '2': CMAKE_PREFIX_PATH=${CMAKE_PREFIX_PATH}:/opt/ros/jazzy /usr/bin/cmake --build /home/jmendes/drone_ws/build/drone_gazebo_plugins -- -j8 -l8
[3.506s] Level 1:colcon.colcon_core.environment:create_environment_scripts_only(drone_gazebo_plugins)
[3.506s] Level 1:colcon.colcon_core.environment:checking '/home/jmendes/drone_ws/install/drone_gazebo_plugins' for CMake module files
[3.507s] Level 1:colcon.colcon_core.environment:checking '/home/jmendes/drone_ws/install/drone_gazebo_plugins' for CMake config files
[3.507s] Level 1:colcon.colcon_core.shell:create_environment_hook('drone_gazebo_plugins', 'cmake_prefix_path')
[3.507s] INFO:colcon.colcon_core.shell:Creating environment hook '/home/jmendes/drone_ws/install/drone_gazebo_plugins/share/drone_gazebo_plugins/hook/cmake_prefix_path.ps1'
[3.507s] INFO:colcon.colcon_core.shell:Creating environment descriptor '/home/jmendes/drone_ws/install/drone_gazebo_plugins/share/drone_gazebo_plugins/hook/cmake_prefix_path.dsv'
[3.508s] INFO:colcon.colcon_core.shell:Creating environment hook '/home/jmendes/drone_ws/install/drone_gazebo_plugins/share/drone_gazebo_plugins/hook/cmake_prefix_path.sh'
[3.508s] Level 1:colcon.colcon_core.environment:checking '/home/jmendes/drone_ws/install/drone_gazebo_plugins/lib'
[3.508s] Level 1:colcon.colcon_core.shell:create_environment_hook('drone_gazebo_plugins', 'ld_library_path_lib')
[3.508s] INFO:colcon.colcon_core.shell:Creating environment hook '/home/jmendes/drone_ws/install/drone_gazebo_plugins/share/drone_gazebo_plugins/hook/ld_library_path_lib.ps1'
[3.509s] INFO:colcon.colcon_core.shell:Creating environment descriptor '/home/jmendes/drone_ws/install/drone_gazebo_plugins/share/drone_gazebo_plugins/hook/ld_library_path_lib.dsv'
[3.509s] INFO:colcon.colcon_core.shell:Creating environment hook '/home/jmendes/drone_ws/install/drone_gazebo_plugins/share/drone_gazebo_plugins/hook/ld_library_path_lib.sh'
[3.509s] Level 1:colcon.colcon_core.environment:checking '/home/jmendes/drone_ws/install/drone_gazebo_plugins/bin'
[3.509s] Level 1:colcon.colcon_core.environment:checking '/home/jmendes/drone_ws/install/drone_gazebo_plugins/lib/pkgconfig/drone_gazebo_plugins.pc'
[3.509s] Level 1:colcon.colcon_core.environment:checking '/home/jmendes/drone_ws/install/drone_gazebo_plugins/lib/python3.12/site-packages'
[3.510s] Level 1:colcon.colcon_core.environment:checking '/home/jmendes/drone_ws/install/drone_gazebo_plugins/bin'
[3.510s] INFO:colcon.colcon_core.shell:Creating package script '/home/jmendes/drone_ws/install/drone_gazebo_plugins/share/drone_gazebo_plugins/package.ps1'
[3.510s] INFO:colcon.colcon_core.shell:Creating package descriptor '/home/jmendes/drone_ws/install/drone_gazebo_plugins/share/drone_gazebo_plugins/package.dsv'
[3.510s] INFO:colcon.colcon_core.shell:Creating package script '/home/jmendes/drone_ws/install/drone_gazebo_plugins/share/drone_gazebo_plugins/package.sh'
[3.511s] INFO:colcon.colcon_core.shell:Creating package script '/home/jmendes/drone_ws/install/drone_gazebo_plugins/share/drone_gazebo_plugins/package.bash'
[3.511s] INFO:colcon.colcon_core.shell:Creating package script '/home/jmendes/drone_ws/install/drone_gazebo_plugins/share/drone_gazebo_plugins/package.zsh'
[3.511s] Level 1:colcon.colcon_core.environment:create_file_with_runtime_dependencies(/home/jmendes/drone_ws/install/drone_gazebo_plugins/share/colcon-core/packages/drone_gazebo_plugins)
[3.521s] DEBUG:colcon.colcon_parallel_executor.executor.parallel:closing loop
[3.522s] DEBUG:colcon.colcon_parallel_executor.executor.parallel:loop closed
[3.522s] DEBUG:colcon.colcon_parallel_executor.executor.parallel:run_until_complete finished with '2'
[3.522s] DEBUG:colcon.colcon_core.event_reactor:joining thread
[3.529s] INFO:colcon.colcon_core.plugin_system:Skipping extension 'colcon_notification.desktop_notification.notify_send': Could not find 'notify-send'
[3.529s] INFO:colcon.colcon_core.plugin_system:Skipping extension 'colcon_notification.desktop_notification.terminal_notifier': Not used on non-Darwin systems
[3.529s] INFO:colcon.colcon_core.plugin_system:Skipping extension 'colcon_notification.desktop_notification.win32': Not used on non-Windows systems
[3.529s] INFO:colcon.colcon_notification.desktop_notification:Sending desktop notification using 'notify2'
[3.532s] DEBUG:colcon.colcon_notification.desktop_notification.notify2:Failed to initialize notify2: org.freedesktop.DBus.Error.Spawn.ExecFailed: /usr/bin/dbus-launch terminated abnormally without any error message
[3.532s] DEBUG:colcon.colcon_core.event_reactor:joined thread
[3.532s] INFO:colcon.colcon_core.shell:Creating prefix script '/home/jmendes/drone_ws/install/local_setup.ps1'
[3.533s] INFO:colcon.colcon_core.shell:Creating prefix util module '/home/jmendes/drone_ws/install/_local_setup_util_ps1.py'
[3.534s] INFO:colcon.colcon_core.shell:Creating prefix chain script '/home/jmendes/drone_ws/install/setup.ps1'
[3.535s] INFO:colcon.colcon_core.shell:Creating prefix script '/home/jmendes/drone_ws/install/local_setup.sh'
[3.535s] INFO:colcon.colcon_core.shell:Creating prefix util module '/home/jmendes/drone_ws/install/_local_setup_util_sh.py'
[3.536s] INFO:colcon.colcon_core.shell:Creating prefix chain script '/home/jmendes/drone_ws/install/setup.sh'
[3.537s] INFO:colcon.colcon_core.shell:Creating prefix script '/home/jmendes/drone_ws/install/local_setup.bash'
[3.537s] INFO:colcon.colcon_core.shell:Creating prefix chain script '/home/jmendes/drone_ws/install/setup.bash'
[3.538s] INFO:colcon.colcon_core.shell:Creating prefix script '/home/jmendes/drone_ws/install/local_setup.zsh'
[3.538s] INFO:colcon.colcon_core.shell:Creating prefix chain script '/home/jmendes/drone_ws/install/setup.zsh'
