[0.011s] Invoking command in '/home/jmendes/drone_ws/build/drone_gazebo_plugins': CMAKE_PREFIX_PATH=${CMAKE_PREFIX_PATH}:/opt/ros/jazzy /usr/bin/cmake --build /home/jmendes/drone_ws/build/drone_gazebo_plugins -- -j8 -l8
[0.035s] -- Found ament_cmake: 2.5.4 (/opt/ros/jazzy/share/ament_cmake/cmake)
[0.214s] -- Looking for gz-common6 -- found version 6.1.0
[0.218s] -- Searching for dependencies of gz-common6
[0.218s] -- Looking for gz-utils3 -- found version 3.1.1
[0.218s] -- Searching for dependencies of gz-utils3
[0.219s] -- Searching for <gz-utils3> component [log]
[0.219s] -- Looking for gz-utils3-log -- found version 3.1.1
[0.219s] -- Searching for dependencies of gz-utils3-log
[0.226s] -- Checking for module 'uuid'
[0.236s] --   Found uuid, version 2.39.3
[0.257s] -- Looking for gz-msgs10 -- found version 10.3.2
[0.258s] -- Searching for dependencies of gz-msgs10
[0.279s] -- Looking for gz-utils2 -- found version 2.2.1
[0.279s] -- Searching for dependencies of gz-utils2
[0.280s] -- Looking for gz-math7 -- found version 7.5.2
[0.280s] -- Searching for dependencies of gz-math7
[0.280s] -- Looking for gz-utils2 -- found version 2.2.1
[0.284s] -- Checking for module 'tinyxml2'
[0.294s] --   Found tinyxml2, version 10.0.0
[0.315s] -- Looking for gz-transport13 -- found version 13.4.1
[0.315s] -- Searching for dependencies of gz-transport13
[0.346s] -- Config-file not installed for ZeroMQ -- checking for pkg-config
[0.349s] -- Checking for module 'libzmq >= 4'
[0.359s] --   Found libzmq, version 4.3.5
[0.390s] -- Looking for gz-utils2 -- found version 2.2.1
[0.390s] -- Searching for dependencies of gz-utils2
[0.390s] -- Searching for <gz-utils2> component [cli]
[0.391s] -- Looking for gz-utils2-cli -- found version 2.2.1
[0.391s] -- Searching for dependencies of gz-utils2-cli
[0.391s] -- Looking for gz-msgs10 -- found version 10.3.2
[0.392s] -- Looking for gz-sim8 -- found version 8.9.0
[0.392s] -- Searching for dependencies of gz-sim8
[0.393s] -- Looking for sdformat14 -- found version 14.8.0
[0.393s] -- Searching for dependencies of sdformat14
[0.397s] -- Looking for gz-math7 -- found version 7.5.2
[0.397s] -- Looking for gz-utils2 -- found version 2.2.1
[0.398s] -- Looking for gz-plugin2 -- found version 2.0.4
[0.398s] -- Searching for dependencies of gz-plugin2
[0.398s] -- Looking for gz-utils2 -- found version 2.2.1
[0.398s] -- Searching for <gz-plugin2> component [loader]
[0.399s] -- Looking for gz-plugin2-loader -- found version 2.0.4
[0.399s] -- Searching for dependencies of gz-plugin2-loader
[0.399s] -- Searching for <gz-plugin2> component [register]
[0.399s] -- Looking for gz-plugin2-register -- found version 2.0.4
[0.400s] -- Searching for dependencies of gz-plugin2-register
[0.400s] -- Looking for gz-transport13 -- found version 13.4.1
[0.400s] -- Searching for dependencies of gz-transport13
[0.431s] -- Config-file not installed for ZeroMQ -- checking for pkg-config
[0.434s] -- Checking for module 'libzmq >= 4'
[0.444s] --   Found libzmq, version 4.3.5
[0.477s] -- Looking for gz-utils2 -- found version 2.2.1
[0.477s] -- Looking for gz-msgs10 -- found version 10.3.2
[0.477s] -- Searching for <gz-transport13> component [log]
[0.478s] -- Looking for gz-transport13-log -- found version 13.4.1
[0.478s] -- Searching for dependencies of gz-transport13-log
[0.478s] -- Searching for <gz-transport13> component [parameters]
[0.479s] -- Looking for gz-transport13-parameters -- found version 13.4.1
[0.479s] -- Searching for dependencies of gz-transport13-parameters
[0.480s] -- Looking for gz-msgs10 -- found version 10.3.2
[0.480s] -- Looking for gz-common5 -- found version 5.7.1
[0.480s] -- Searching for dependencies of gz-common5
[0.480s] -- Looking for gz-utils2 -- found version 2.2.1
[0.480s] -- Looking for dlfcn.h - found
[0.480s] -- Looking for libdl - found
[0.486s] -- Searching for <gz-common5> component [av]
[0.486s] -- Looking for gz-common5-av -- found version 5.7.1
[0.486s] -- Searching for dependencies of gz-common5-av
[0.490s] -- Checking for module 'libswscale'
[0.500s] --   Found libswscale, version 7.5.100
[0.526s] -- Checking for module 'libavdevice >= 56.4.100'
[0.536s] --   Found libavdevice, version 60.3.100
[0.570s] -- Checking for module 'libavformat'
[0.581s] --   Found libavformat, version 60.16.100
[0.609s] -- Checking for module 'libavcodec'
[0.619s] --   Found libavcodec, version 60.31.102
[0.647s] -- Checking for module 'libavutil'
[0.657s] --   Found libavutil, version 58.29.100
[0.679s] -- Searching for <gz-common5> component [events]
[0.679s] -- Looking for gz-common5-events -- found version 5.7.1
[0.679s] -- Searching for dependencies of gz-common5-events
[0.679s] -- Looking for gz-math7 -- found version 7.5.2
[0.680s] -- Searching for <gz-common5> component [graphics]
[0.680s] -- Looking for gz-common5-graphics -- found version 5.7.1
[0.680s] -- Searching for dependencies of gz-common5-graphics
[0.680s] -- Looking for gz-math7 -- found version 7.5.2
[0.682s] -- Searching for <gz-common5> component [io]
[0.682s] -- Looking for gz-common5-io -- found version 5.7.1
[0.683s] -- Searching for dependencies of gz-common5-io
[0.683s] -- Searching for <gz-common5> component [profiler]
[0.683s] -- Looking for gz-common5-profiler -- found version 5.7.1
[0.683s] -- Searching for dependencies of gz-common5-profiler
[0.684s] -- Looking for gz-fuel_tools9 -- found version 9.1.1
[0.684s] -- Searching for dependencies of gz-fuel_tools9
[0.731s] -- Checking for module 'jsoncpp'
[0.741s] --   Found jsoncpp, version 1.9.5
[0.779s] -- Checking for module 'yaml-0.1'
[0.789s] --   Found yaml-0.1, version 0.2.5
[0.814s] -- Checking for module 'libzip'
[0.824s] --   Found libzip, version 1.7.3
[0.846s] -- Looking for gz-utils2 -- found version 2.2.1
[0.846s] -- Looking for gz-common5 -- found version 5.7.1
[0.846s] -- Searching for dependencies of gz-common5
[0.846s] -- Looking for gz-utils2 -- found version 2.2.1
[0.846s] -- Looking for dlfcn.h - found
[0.846s] -- Looking for libdl - found
[0.852s] -- Searching for <gz-common5> component [testing]
[0.852s] -- Looking for gz-common5-testing -- found version 5.7.1
[0.852s] -- Searching for dependencies of gz-common5-testing
[0.853s] -- Looking for gz-math7 -- found version 7.5.2
[0.853s] -- Looking for gz-msgs10 -- found version 10.3.2
[0.854s] -- Looking for gz-gui8 -- found version 8.4.0
[0.854s] -- Searching for dependencies of gz-gui8
[0.876s] -- Looking for gz-utils2 -- found version 2.2.1
[0.876s] -- Looking for gz-math7 -- found version 7.5.2
[0.876s] -- Looking for gz-common5 -- found version 5.7.1
[0.877s] -- Looking for gz-plugin2 -- found version 2.0.4
[0.877s] -- Looking for gz-transport13 -- found version 13.4.1
[0.877s] -- Looking for gz-rendering8 -- found version 8.2.2
[0.877s] -- Searching for dependencies of gz-rendering8
[0.878s] -- Looking for gz-math7 -- found version 7.5.2
[0.878s] -- Searching for dependencies of gz-math7
[0.878s] -- Looking for gz-utils2 -- found version 2.2.1
[0.878s] -- Searching for <gz-math7> component [eigen3]
[0.879s] -- Looking for gz-math7-eigen3 -- found version 7.5.2
[0.879s] -- Searching for dependencies of gz-math7-eigen3
[0.880s] -- Looking for gz-common5 -- found version 5.7.1
[0.880s] -- Searching for dependencies of gz-common5
[0.880s] -- Looking for gz-utils2 -- found version 2.2.1
[0.880s] -- Looking for dlfcn.h - found
[0.880s] -- Looking for libdl - found
[0.886s] -- Searching for <gz-common5> component [graphics]
[0.886s] -- Searching for <gz-common5> component [events]
[0.886s] -- Searching for <gz-common5> component [geospatial]
[0.886s] -- Looking for gz-common5-geospatial -- found version 5.7.1
[0.886s] -- Searching for dependencies of gz-common5-geospatial
[0.886s] -- Looking for gz-math7 -- found version 7.5.2
[0.887s] -- Looking for gz-common5 -- found version 5.7.1
[0.887s] -- Looking for gz-plugin2 -- found version 2.0.4
[0.887s] -- Searching for dependencies of gz-plugin2
[0.888s] -- Looking for gz-utils2 -- found version 2.2.1
[0.888s] -- Searching for <gz-plugin2> component [all]
[0.888s] -- Looking for all libraries of gz-plugin2 -- found version 2.0.4
[0.889s] -- Looking for gz-plugin2 -- found version 2.0.4
[0.889s] -- Looking for gz-utils2 -- found version 2.2.1
[0.892s] -- Looking for gz-msgs10 -- found version 10.3.2
[0.904s] -- Looking for gz-physics7 -- found version 7.5.0
[0.904s] -- Searching for dependencies of gz-physics7
[0.904s] -- Looking for gz-common5 -- found version 5.7.1
[0.905s] -- Looking for gz-math7 -- found version 7.5.2
[0.905s] -- Looking for gz-plugin2 -- found version 2.0.4
[0.905s] -- Looking for gz-utils2 -- found version 2.2.1
[0.906s] -- Searching for <gz-physics7> component [heightmap]
[0.906s] -- Looking for gz-physics7-heightmap -- found version 7.5.0
[0.907s] -- Searching for dependencies of gz-physics7-heightmap
[0.907s] -- Looking for gz-common5 -- found version 5.7.1
[0.907s] -- Searching for <gz-physics7> component [mesh]
[0.907s] -- Looking for gz-physics7-mesh -- found version 7.5.0
[0.908s] -- Searching for dependencies of gz-physics7-mesh
[0.908s] -- Looking for gz-common5 -- found version 5.7.1
[0.908s] -- Searching for <gz-physics7> component [sdf]
[0.908s] -- Looking for gz-physics7-sdf -- found version 7.5.0
[0.909s] -- Searching for dependencies of gz-physics7-sdf
[0.909s] -- Looking for sdformat14 -- found version 14.8.0
[0.910s] -- Looking for gz-sensors8 -- found version 8.2.2
[0.910s] -- Searching for dependencies of gz-sensors8
[0.929s] -- Looking for gz-math7 -- found version 7.5.2
[0.929s] -- Looking for gz-common5 -- found version 5.7.1
[0.929s] -- Looking for gz-transport13 -- found version 13.4.1
[0.929s] -- Looking for gz-rendering8 -- found version 8.2.2
[0.930s] -- Looking for gz-msgs10 -- found version 10.3.2
[0.930s] -- Looking for sdformat14 -- found version 14.8.0
[0.930s] -- Searching for <gz-sensors8> component [air_pressure]
[0.931s] -- Looking for gz-sensors8-air_pressure -- found version 8.2.2
[0.931s] -- Searching for dependencies of gz-sensors8-air_pressure
[0.931s] -- Searching for <gz-sensors8> component [air_speed]
[0.932s] -- Looking for gz-sensors8-air_speed -- found version 8.2.2
[0.932s] -- Searching for dependencies of gz-sensors8-air_speed
[0.932s] -- Searching for <gz-sensors8> component [altimeter]
[0.932s] -- Looking for gz-sensors8-altimeter -- found version 8.2.2
[0.932s] -- Searching for dependencies of gz-sensors8-altimeter
[0.933s] -- Searching for <gz-sensors8> component [imu]
[0.933s] -- Looking for gz-sensors8-imu -- found version 8.2.2
[0.933s] -- Searching for dependencies of gz-sensors8-imu
[0.934s] -- Searching for <gz-sensors8> component [force_torque]
[0.934s] -- Looking for gz-sensors8-force_torque -- found version 8.2.2
[0.934s] -- Searching for dependencies of gz-sensors8-force_torque
[0.934s] -- Searching for <gz-sensors8> component [logical_camera]
[0.935s] -- Looking for gz-sensors8-logical_camera -- found version 8.2.2
[0.935s] -- Searching for dependencies of gz-sensors8-logical_camera
[0.935s] -- Searching for <gz-sensors8> component [magnetometer]
[0.935s] -- Looking for gz-sensors8-magnetometer -- found version 8.2.2
[0.936s] -- Searching for dependencies of gz-sensors8-magnetometer
[0.936s] -- Searching for <gz-sensors8> component [navsat]
[0.936s] -- Looking for gz-sensors8-navsat -- found version 8.2.2
[0.936s] -- Searching for dependencies of gz-sensors8-navsat
[0.937s] -- Searching for <gz-sensors8> component [dvl]
[0.937s] -- Looking for gz-sensors8-dvl -- found version 8.2.2
[0.937s] -- Searching for dependencies of gz-sensors8-dvl
[0.937s] -- Looking for gz-sensors8 -- found version 8.2.2
[0.938s] -- Searching for dependencies of gz-sensors8
[0.957s] -- Looking for gz-math7 -- found version 7.5.2
[0.957s] -- Looking for gz-common5 -- found version 5.7.1
[0.957s] -- Looking for gz-transport13 -- found version 13.4.1
[0.957s] -- Looking for gz-rendering8 -- found version 8.2.2
[0.958s] -- Looking for gz-msgs10 -- found version 10.3.2
[0.958s] -- Looking for sdformat14 -- found version 14.8.0
[0.958s] -- Searching for <gz-sensors8> component [rendering]
[0.959s] -- Looking for gz-sensors8-rendering -- found version 8.2.2
[0.959s] -- Searching for dependencies of gz-sensors8-rendering
[0.960s] -- Searching for <gz-sensors8> component [rendering]
[0.960s] -- Searching for <gz-sensors8> component [lidar]
[0.960s] -- Looking for gz-sensors8-lidar -- found version 8.2.2
[0.960s] -- Searching for dependencies of gz-sensors8-lidar
[0.960s] -- Looking for gz-sensors8 -- found version 8.2.2
[0.961s] -- Searching for <gz-sensors8> component [gpu_lidar]
[0.961s] -- Looking for gz-sensors8-gpu_lidar -- found version 8.2.2
[0.961s] -- Searching for dependencies of gz-sensors8-gpu_lidar
[0.962s] -- Looking for gz-sensors8 -- found version 8.2.2
[0.962s] -- Searching for <gz-sensors8> component [camera]
[0.962s] -- Looking for gz-sensors8-camera -- found version 8.2.2
[0.962s] -- Searching for dependencies of gz-sensors8-camera
[0.963s] -- Looking for gz-sensors8 -- found version 8.2.2
[0.963s] -- Searching for <gz-sensors8> component [boundingbox_camera]
[0.963s] -- Looking for gz-sensors8-boundingbox_camera -- found version 8.2.2
[0.963s] -- Searching for dependencies of gz-sensors8-boundingbox_camera
[0.964s] -- Searching for <gz-sensors8> component [segmentation_camera]
[0.964s] -- Looking for gz-sensors8-segmentation_camera -- found version 8.2.2
[0.964s] -- Searching for dependencies of gz-sensors8-segmentation_camera
[0.965s] -- Searching for <gz-sensors8> component [depth_camera]
[0.965s] -- Looking for gz-sensors8-depth_camera -- found version 8.2.2
[0.965s] -- Searching for dependencies of gz-sensors8-depth_camera
[0.965s] -- Looking for gz-sensors8 -- found version 8.2.2
[0.966s] -- Searching for <gz-sensors8> component [rgbd_camera]
[0.966s] -- Looking for gz-sensors8-rgbd_camera -- found version 8.2.2
[0.966s] -- Searching for dependencies of gz-sensors8-rgbd_camera
[0.966s] -- Looking for gz-sensors8 -- found version 8.2.2
[0.967s] -- Searching for <gz-sensors8> component [thermal_camera]
[0.967s] -- Looking for gz-sensors8-thermal_camera -- found version 8.2.2
[0.967s] -- Searching for dependencies of gz-sensors8-thermal_camera
[0.967s] -- Looking for gz-sensors8 -- found version 8.2.2
[0.968s] -- Searching for <gz-sensors8> component [wide_angle_camera]
[0.968s] -- Looking for gz-sensors8-wide_angle_camera -- found version 8.2.2
[0.968s] -- Searching for dependencies of gz-sensors8-wide_angle_camera
[0.969s] -- Looking for gz-rendering8 -- found version 8.2.2
[0.969s] -- Looking for gz-math7 -- found version 7.5.2
[0.970s] -- Looking for gz-utils2 -- found version 2.2.1
[0.989s] -- Found rclcpp: 28.1.12 (/opt/ros/jazzy/share/rclcpp/cmake)
[1.006s] -- Found rosidl_generator_c: 4.6.6 (/opt/ros/jazzy/share/rosidl_generator_c/cmake)
[1.013s] -- Found rosidl_generator_cpp: 4.6.6 (/opt/ros/jazzy/share/rosidl_generator_cpp/cmake)
[1.023s] -- Using all available rosidl_typesupport_c: rosidl_typesupport_fastrtps_c;rosidl_typesupport_introspection_c
[1.033s] -- Using all available rosidl_typesupport_cpp: rosidl_typesupport_fastrtps_cpp;rosidl_typesupport_introspection_cpp
[1.089s] -- Found rmw_implementation_cmake: 7.3.2 (/opt/ros/jazzy/share/rmw_implementation_cmake/cmake)
[1.090s] -- Found rmw_fastrtps_cpp: 8.4.3 (/opt/ros/jazzy/share/rmw_fastrtps_cpp/cmake)
[1.143s] -- Using RMW implementation 'rmw_fastrtps_cpp' as default
[1.195s] -- Looking for gz-plugin2 -- found version 2.0.4
[1.195s] -- Found ament_lint_auto: 0.17.3 (/opt/ros/jazzy/share/ament_lint_auto/cmake)
[1.269s] -- Added test 'cppcheck' to perform static code analysis on C / C++ code
[1.269s] -- Configured cppcheck include dirs: 
[1.269s] -- Configured cppcheck exclude dirs and/or files: 
[1.269s] -- Added test 'lint_cmake' to check CMake code style
[1.270s] -- Added test 'uncrustify' to check C / C++ code style
[1.270s] -- Configured uncrustify additional arguments: 
[1.270s] -- Added test 'xmllint' to check XML markup files
[1.271s] -- Configuring done (1.2s)
[1.287s] [31mCMake Error at CMakeLists.txt:25 (target_link_libraries):
[1.287s]   Target "TeensyEmulator" links to:
[1.287s] 
[1.287s]     gz-common6::Time
[1.287s] 
[1.287s]   but the target was not found.  Possible reasons include:
[1.288s] 
[1.288s]     * There is a typo in the target name.
[1.288s]     * A find_package call is missing for an IMPORTED target.
[1.288s]     * An ALIAS target is missing.
[1.288s] 
[1.288s] 
[1.288s] [0m
[1.288s] -- Generating done (0.0s)
[1.289s] [0mCMake Generate step failed.  Build files cannot be regenerated correctly.[0m
[1.298s] gmake: *** [Makefile:267: cmake_check_build_system] Error 1
[1.300s] Invoked command in '/home/jmendes/drone_ws/build/drone_gazebo_plugins' returned '2': CMAKE_PREFIX_PATH=${CMAKE_PREFIX_PATH}:/opt/ros/jazzy /usr/bin/cmake --build /home/jmendes/drone_ws/build/drone_gazebo_plugins -- -j8 -l8
