[0.013s] Invoking command in '/home/jmendes/drone_ws/build/drone_description': CMAKE_PREFIX_PATH=${CMAKE_PREFIX_PATH}:/opt/ros/jazzy /usr/bin/cmake /home/jmendes/drone_ws/src/drone_description -DCMAKE_INSTALL_PREFIX=/home/jmendes/drone_ws/install/drone_description
[0.055s] -- The C compiler identification is GNU 13.3.0
[0.096s] -- The CXX compiler identification is GNU 13.3.0
[0.108s] -- Detecting C compiler ABI info
[0.172s] -- Detecting C compiler ABI info - done
[0.185s] -- Check for working C compiler: /usr/bin/cc - skipped
[0.185s] -- Detecting C compile features
[0.185s] -- Detecting C compile features - done
[0.193s] -- Detecting CXX compiler ABI info
[0.263s] -- Detecting CXX compiler ABI info - done
[0.270s] -- Check for working CXX compiler: /usr/bin/c++ - skipped
[0.270s] -- Detecting CXX compile features
[0.270s] -- Detecting CXX compile features - done
[0.275s] -- Found ament_cmake: 2.5.4 (/opt/ros/jazzy/share/ament_cmake/cmake)
[0.398s] -- Found Python3: /usr/bin/python3 (found version "3.12.3") found components: Interpreter 
[0.527s] -- Found ament_lint_auto: 0.17.3 (/opt/ros/jazzy/share/ament_lint_auto/cmake)
[0.634s] -- Added test 'flake8' to check Python code syntax and style conventions
[0.634s] -- Configured 'flake8' exclude dirs and/or files: 
[0.635s] -- Added test 'lint_cmake' to check CMake code style
[0.636s] -- Added test 'pep257' to check Python code against some of the docstring style conventions in PEP 257
[0.637s] -- Added test 'xmllint' to check XML markup files
[0.638s] -- Configuring done (0.6s)
[0.641s] -- Generating done (0.0s)
[0.642s] -- Build files have been written to: /home/jmendes/drone_ws/build/drone_description
[0.645s] Invoked command in '/home/jmendes/drone_ws/build/drone_description' returned '0': CMAKE_PREFIX_PATH=${CMAKE_PREFIX_PATH}:/opt/ros/jazzy /usr/bin/cmake /home/jmendes/drone_ws/src/drone_description -DCMAKE_INSTALL_PREFIX=/home/jmendes/drone_ws/install/drone_description
[0.646s] Invoking command in '/home/jmendes/drone_ws/build/drone_description': CMAKE_PREFIX_PATH=${CMAKE_PREFIX_PATH}:/opt/ros/jazzy /usr/bin/cmake --build /home/jmendes/drone_ws/build/drone_description -- -j8 -l8
[0.677s] Invoked command in '/home/jmendes/drone_ws/build/drone_description' returned '0': CMAKE_PREFIX_PATH=${CMAKE_PREFIX_PATH}:/opt/ros/jazzy /usr/bin/cmake --build /home/jmendes/drone_ws/build/drone_description -- -j8 -l8
[0.684s] Invoking command in '/home/jmendes/drone_ws/build/drone_description': CMAKE_PREFIX_PATH=${CMAKE_PREFIX_PATH}:/opt/ros/jazzy /usr/bin/cmake --install /home/jmendes/drone_ws/build/drone_description
[0.690s] -- Install configuration: ""
[0.690s] -- Installing: /home/jmendes/drone_ws/install/drone_description/share/drone_description/launch
[0.690s] -- Installing: /home/jmendes/drone_ws/install/drone_description/share/drone_description/launch/drone.display.launch.py
[0.690s] -- Installing: /home/jmendes/drone_ws/install/drone_description/share/drone_description/meshes
[0.690s] -- Installing: /home/jmendes/drone_ws/install/drone_description/share/drone_description/meshes/frame.stl
[0.691s] -- Installing: /home/jmendes/drone_ws/install/drone_description/share/drone_description/meshes/landing_gear.stl
[0.692s] -- Installing: /home/jmendes/drone_ws/install/drone_description/share/drone_description/meshes/propeller.stl
[0.692s] -- Installing: /home/jmendes/drone_ws/install/drone_description/share/drone_description/meshes/motor.stl
[0.692s] -- Installing: /home/jmendes/drone_ws/install/drone_description/share/drone_description/rviz
[0.692s] -- Installing: /home/jmendes/drone_ws/install/drone_description/share/drone_description/rviz/display.rviz
[0.692s] -- Installing: /home/jmendes/drone_ws/install/drone_description/share/drone_description/urdf
[0.692s] -- Installing: /home/jmendes/drone_ws/install/drone_description/share/drone_description/urdf/control
[0.692s] -- Installing: /home/jmendes/drone_ws/install/drone_description/share/drone_description/urdf/control/drone.gazebo.xacro
[0.692s] -- Installing: /home/jmendes/drone_ws/install/drone_description/share/drone_description/urdf/robot
[0.693s] -- Installing: /home/jmendes/drone_ws/install/drone_description/share/drone_description/urdf/robot/drone.urdf.xacro
[0.693s] -- Installing: /home/jmendes/drone_ws/install/drone_description/share/drone_description/urdf/robot/macros.xacro
[0.693s] -- Installing: /home/jmendes/drone_ws/install/drone_description/share/ament_index/resource_index/package_run_dependencies/drone_description
[0.693s] -- Installing: /home/jmendes/drone_ws/install/drone_description/share/ament_index/resource_index/parent_prefix_path/drone_description
[0.693s] -- Installing: /home/jmendes/drone_ws/install/drone_description/share/drone_description/environment/ament_prefix_path.sh
[0.693s] -- Installing: /home/jmendes/drone_ws/install/drone_description/share/drone_description/environment/ament_prefix_path.dsv
[0.693s] -- Installing: /home/jmendes/drone_ws/install/drone_description/share/drone_description/environment/path.sh
[0.693s] -- Installing: /home/jmendes/drone_ws/install/drone_description/share/drone_description/environment/path.dsv
[0.693s] -- Installing: /home/jmendes/drone_ws/install/drone_description/share/drone_description/local_setup.bash
[0.693s] -- Installing: /home/jmendes/drone_ws/install/drone_description/share/drone_description/local_setup.sh
[0.693s] -- Installing: /home/jmendes/drone_ws/install/drone_description/share/drone_description/local_setup.zsh
[0.693s] -- Installing: /home/jmendes/drone_ws/install/drone_description/share/drone_description/local_setup.dsv
[0.694s] -- Installing: /home/jmendes/drone_ws/install/drone_description/share/drone_description/package.dsv
[0.694s] -- Installing: /home/jmendes/drone_ws/install/drone_description/share/ament_index/resource_index/packages/drone_description
[0.694s] -- Installing: /home/jmendes/drone_ws/install/drone_description/share/drone_description/cmake/drone_descriptionConfig.cmake
[0.694s] -- Installing: /home/jmendes/drone_ws/install/drone_description/share/drone_description/cmake/drone_descriptionConfig-version.cmake
[0.694s] -- Installing: /home/jmendes/drone_ws/install/drone_description/share/drone_description/package.xml
[0.695s] Invoked command in '/home/jmendes/drone_ws/build/drone_description' returned '0': CMAKE_PREFIX_PATH=${CMAKE_PREFIX_PATH}:/opt/ros/jazzy /usr/bin/cmake --install /home/jmendes/drone_ws/build/drone_description
