[0.011s] Invoking command in '/home/jmendes/drone_ws/build/drone_gazebo_plugins': CMAKE_PREFIX_PATH=${CMAKE_PREFIX_PATH}:/opt/ros/jazzy /usr/bin/cmake --build /home/jmendes/drone_ws/build/drone_gazebo_plugins -- -j8 -l8
[0.037s] -- Found ament_cmake: 2.5.4 (/opt/ros/jazzy/share/ament_cmake/cmake)
[0.215s] -- Looking for gz-common6 -- found version 6.1.0
[0.227s] -- Searching for dependencies of gz-common6
[0.233s] -- Looking for gz-utils3 -- found version 3.1.1
[0.233s] -- Searching for dependencies of gz-utils3
[0.233s] -- Searching for <gz-utils3> component [log]
[0.238s] -- Looking for gz-utils3-log -- found version 3.1.1
[0.238s] -- Searching for dependencies of gz-utils3-log
[0.245s] -- Found Threads: TRUE  
[0.257s] -- Checking for module 'uuid'
[0.267s] --   Found uuid, version 2.39.3
[0.288s] -- Looking for gz-msgs10 -- found version 10.3.2
[0.289s] -- Searching for dependencies of gz-msgs10
[0.314s] -- Looking for gz-utils2 -- found version 2.2.1
[0.314s] -- Searching for dependencies of gz-utils2
[0.315s] -- Looking for gz-math7 -- found version 7.5.2
[0.315s] -- Searching for dependencies of gz-math7
[0.315s] -- Looking for gz-utils2 -- found version 2.2.1
[0.320s] -- Checking for module 'tinyxml2'
[0.329s] --   Found tinyxml2, version 10.0.0
[0.351s] -- Looking for gz-transport13 -- found version 13.4.1
[0.351s] -- Searching for dependencies of gz-transport13
[0.382s] -- Config-file not installed for ZeroMQ -- checking for pkg-config
[0.385s] -- Checking for module 'libzmq >= 4'
[0.395s] --   Found libzmq, version 4.3.5
[0.428s] -- Looking for gz-utils2 -- found version 2.2.1
[0.428s] -- Searching for dependencies of gz-utils2
[0.428s] -- Searching for <gz-utils2> component [cli]
[0.429s] -- Looking for gz-utils2-cli -- found version 2.2.1
[0.429s] -- Searching for dependencies of gz-utils2-cli
[0.430s] -- Looking for gz-msgs10 -- found version 10.3.2
[0.431s] -- Looking for gz-sim8 -- found version 8.9.0
[0.431s] -- Searching for dependencies of gz-sim8
[0.432s] -- Looking for sdformat14 -- found version 14.8.0
[0.432s] -- Searching for dependencies of sdformat14
[0.436s] -- Looking for gz-math7 -- found version 7.5.2
[0.436s] -- Looking for gz-utils2 -- found version 2.2.1
[0.437s] -- Looking for gz-plugin2 -- found version 2.0.4
[0.438s] -- Searching for dependencies of gz-plugin2
[0.438s] -- Looking for gz-utils2 -- found version 2.2.1
[0.439s] -- Searching for <gz-plugin2> component [loader]
[0.439s] -- Looking for gz-plugin2-loader -- found version 2.0.4
[0.439s] -- Searching for dependencies of gz-plugin2-loader
[0.440s] -- Searching for <gz-plugin2> component [register]
[0.441s] -- Looking for gz-plugin2-register -- found version 2.0.4
[0.441s] -- Searching for dependencies of gz-plugin2-register
[0.441s] -- Looking for gz-transport13 -- found version 13.4.1
[0.442s] -- Searching for dependencies of gz-transport13
[0.472s] -- Config-file not installed for ZeroMQ -- checking for pkg-config
[0.476s] -- Checking for module 'libzmq >= 4'
[0.487s] --   Found libzmq, version 4.3.5
[0.518s] -- Looking for gz-utils2 -- found version 2.2.1
[0.518s] -- Looking for gz-msgs10 -- found version 10.3.2
[0.519s] -- Searching for <gz-transport13> component [log]
[0.519s] -- Looking for gz-transport13-log -- found version 13.4.1
[0.519s] -- Searching for dependencies of gz-transport13-log
[0.520s] -- Searching for <gz-transport13> component [parameters]
[0.521s] -- Looking for gz-transport13-parameters -- found version 13.4.1
[0.521s] -- Searching for dependencies of gz-transport13-parameters
[0.522s] -- Looking for gz-msgs10 -- found version 10.3.2
[0.522s] -- Looking for gz-common5 -- found version 5.7.1
[0.522s] -- Searching for dependencies of gz-common5
[0.523s] -- Looking for gz-utils2 -- found version 2.2.1
[0.523s] -- Looking for dlfcn.h - found
[0.523s] -- Looking for libdl - found
[0.529s] -- Searching for <gz-common5> component [av]
[0.529s] -- Looking for gz-common5-av -- found version 5.7.1
[0.529s] -- Searching for dependencies of gz-common5-av
[0.533s] -- Checking for module 'libswscale'
[0.543s] --   Found libswscale, version 7.5.100
[0.568s] -- Checking for module 'libavdevice >= 56.4.100'
[0.579s] --   Found libavdevice, version 60.3.100
[0.613s] -- Checking for module 'libavformat'
[0.623s] --   Found libavformat, version 60.16.100
[0.651s] -- Checking for module 'libavcodec'
[0.661s] --   Found libavcodec, version 60.31.102
[0.687s] -- Checking for module 'libavutil'
[0.697s] --   Found libavutil, version 58.29.100
[0.719s] -- Searching for <gz-common5> component [events]
[0.719s] -- Looking for gz-common5-events -- found version 5.7.1
[0.719s] -- Searching for dependencies of gz-common5-events
[0.720s] -- Looking for gz-math7 -- found version 7.5.2
[0.720s] -- Searching for <gz-common5> component [graphics]
[0.721s] -- Looking for gz-common5-graphics -- found version 5.7.1
[0.721s] -- Searching for dependencies of gz-common5-graphics
[0.721s] -- Looking for gz-math7 -- found version 7.5.2
[0.724s] -- Searching for <gz-common5> component [io]
[0.724s] -- Looking for gz-common5-io -- found version 5.7.1
[0.724s] -- Searching for dependencies of gz-common5-io
[0.725s] -- Searching for <gz-common5> component [profiler]
[0.726s] -- Looking for gz-common5-profiler -- found version 5.7.1
[0.726s] -- Searching for dependencies of gz-common5-profiler
[0.727s] -- Looking for gz-fuel_tools9 -- found version 9.1.1
[0.727s] -- Searching for dependencies of gz-fuel_tools9
[0.768s] -- Checking for module 'jsoncpp'
[0.779s] --   Found jsoncpp, version 1.9.5
[0.816s] -- Checking for module 'yaml-0.1'
[0.826s] --   Found yaml-0.1, version 0.2.5
[0.851s] -- Checking for module 'libzip'
[0.862s] --   Found libzip, version 1.7.3
[0.884s] -- Looking for gz-utils2 -- found version 2.2.1
[0.884s] -- Looking for gz-common5 -- found version 5.7.1
[0.884s] -- Searching for dependencies of gz-common5
[0.885s] -- Looking for gz-utils2 -- found version 2.2.1
[0.885s] -- Looking for dlfcn.h - found
[0.885s] -- Looking for libdl - found
[0.890s] -- Searching for <gz-common5> component [testing]
[0.891s] -- Looking for gz-common5-testing -- found version 5.7.1
[0.891s] -- Searching for dependencies of gz-common5-testing
[0.892s] -- Looking for gz-math7 -- found version 7.5.2
[0.892s] -- Looking for gz-msgs10 -- found version 10.3.2
[0.894s] -- Looking for gz-gui8 -- found version 8.4.0
[0.894s] -- Searching for dependencies of gz-gui8
[0.917s] -- Looking for gz-utils2 -- found version 2.2.1
[0.917s] -- Looking for gz-math7 -- found version 7.5.2
[0.917s] -- Looking for gz-common5 -- found version 5.7.1
[0.918s] -- Looking for gz-plugin2 -- found version 2.0.4
[0.918s] -- Looking for gz-transport13 -- found version 13.4.1
[0.918s] -- Looking for gz-rendering8 -- found version 8.2.2
[0.919s] -- Searching for dependencies of gz-rendering8
[0.919s] -- Looking for gz-math7 -- found version 7.5.2
[0.919s] -- Searching for dependencies of gz-math7
[0.919s] -- Looking for gz-utils2 -- found version 2.2.1
[0.920s] -- Searching for <gz-math7> component [eigen3]
[0.920s] -- Looking for gz-math7-eigen3 -- found version 7.5.2
[0.920s] -- Searching for dependencies of gz-math7-eigen3
[0.922s] -- Looking for gz-common5 -- found version 5.7.1
[0.922s] -- Searching for dependencies of gz-common5
[0.923s] -- Looking for gz-utils2 -- found version 2.2.1
[0.923s] -- Looking for dlfcn.h - found
[0.923s] -- Looking for libdl - found
[0.928s] -- Searching for <gz-common5> component [graphics]
[0.928s] -- Searching for <gz-common5> component [events]
[0.928s] -- Searching for <gz-common5> component [geospatial]
[0.929s] -- Looking for gz-common5-geospatial -- found version 5.7.1
[0.929s] -- Searching for dependencies of gz-common5-geospatial
[0.929s] -- Looking for gz-math7 -- found version 7.5.2
[0.930s] -- Looking for gz-common5 -- found version 5.7.1
[0.931s] -- Looking for gz-plugin2 -- found version 2.0.4
[0.931s] -- Searching for dependencies of gz-plugin2
[0.931s] -- Looking for gz-utils2 -- found version 2.2.1
[0.931s] -- Searching for <gz-plugin2> component [all]
[0.932s] -- Looking for all libraries of gz-plugin2 -- found version 2.0.4
[0.932s] -- Looking for gz-plugin2 -- found version 2.0.4
[0.933s] -- Looking for gz-utils2 -- found version 2.2.1
[0.937s] -- Looking for gz-msgs10 -- found version 10.3.2
[0.955s] -- Looking for gz-physics7 -- found version 7.5.0
[0.955s] -- Searching for dependencies of gz-physics7
[0.955s] -- Looking for gz-common5 -- found version 5.7.1
[0.956s] -- Looking for gz-math7 -- found version 7.5.2
[0.956s] -- Looking for gz-plugin2 -- found version 2.0.4
[0.956s] -- Looking for gz-utils2 -- found version 2.2.1
[0.958s] -- Searching for <gz-physics7> component [heightmap]
[0.958s] -- Looking for gz-physics7-heightmap -- found version 7.5.0
[0.958s] -- Searching for dependencies of gz-physics7-heightmap
[0.959s] -- Looking for gz-common5 -- found version 5.7.1
[0.959s] -- Searching for <gz-physics7> component [mesh]
[0.960s] -- Looking for gz-physics7-mesh -- found version 7.5.0
[0.960s] -- Searching for dependencies of gz-physics7-mesh
[0.960s] -- Looking for gz-common5 -- found version 5.7.1
[0.961s] -- Searching for <gz-physics7> component [sdf]
[0.961s] -- Looking for gz-physics7-sdf -- found version 7.5.0
[0.961s] -- Searching for dependencies of gz-physics7-sdf
[0.962s] -- Looking for sdformat14 -- found version 14.8.0
[0.963s] -- Looking for gz-sensors8 -- found version 8.2.2
[0.963s] -- Searching for dependencies of gz-sensors8
[0.981s] -- Looking for gz-math7 -- found version 7.5.2
[0.982s] -- Looking for gz-common5 -- found version 5.7.1
[0.982s] -- Looking for gz-transport13 -- found version 13.4.1
[0.982s] -- Looking for gz-rendering8 -- found version 8.2.2
[0.983s] -- Looking for gz-msgs10 -- found version 10.3.2
[0.983s] -- Looking for sdformat14 -- found version 14.8.0
[0.984s] -- Searching for <gz-sensors8> component [air_pressure]
[0.984s] -- Looking for gz-sensors8-air_pressure -- found version 8.2.2
[0.984s] -- Searching for dependencies of gz-sensors8-air_pressure
[0.985s] -- Searching for <gz-sensors8> component [air_speed]
[0.985s] -- Looking for gz-sensors8-air_speed -- found version 8.2.2
[0.986s] -- Searching for dependencies of gz-sensors8-air_speed
[0.986s] -- Searching for <gz-sensors8> component [altimeter]
[0.987s] -- Looking for gz-sensors8-altimeter -- found version 8.2.2
[0.987s] -- Searching for dependencies of gz-sensors8-altimeter
[0.987s] -- Searching for <gz-sensors8> component [imu]
[0.988s] -- Looking for gz-sensors8-imu -- found version 8.2.2
[0.988s] -- Searching for dependencies of gz-sensors8-imu
[0.989s] -- Searching for <gz-sensors8> component [force_torque]
[0.989s] -- Looking for gz-sensors8-force_torque -- found version 8.2.2
[0.989s] -- Searching for dependencies of gz-sensors8-force_torque
[0.990s] -- Searching for <gz-sensors8> component [logical_camera]
[0.991s] -- Looking for gz-sensors8-logical_camera -- found version 8.2.2
[0.991s] -- Searching for dependencies of gz-sensors8-logical_camera
[0.991s] -- Searching for <gz-sensors8> component [magnetometer]
[0.992s] -- Looking for gz-sensors8-magnetometer -- found version 8.2.2
[0.992s] -- Searching for dependencies of gz-sensors8-magnetometer
[0.993s] -- Searching for <gz-sensors8> component [navsat]
[0.993s] -- Looking for gz-sensors8-navsat -- found version 8.2.2
[0.993s] -- Searching for dependencies of gz-sensors8-navsat
[0.994s] -- Searching for <gz-sensors8> component [dvl]
[0.995s] -- Looking for gz-sensors8-dvl -- found version 8.2.2
[0.995s] -- Searching for dependencies of gz-sensors8-dvl
[0.995s] -- Looking for gz-sensors8 -- found version 8.2.2
[0.995s] -- Searching for dependencies of gz-sensors8
[1.014s] -- Looking for gz-math7 -- found version 7.5.2
[1.015s] -- Looking for gz-common5 -- found version 5.7.1
[1.015s] -- Looking for gz-transport13 -- found version 13.4.1
[1.015s] -- Looking for gz-rendering8 -- found version 8.2.2
[1.016s] -- Looking for gz-msgs10 -- found version 10.3.2
[1.016s] -- Looking for sdformat14 -- found version 14.8.0
[1.016s] -- Searching for <gz-sensors8> component [rendering]
[1.017s] -- Looking for gz-sensors8-rendering -- found version 8.2.2
[1.017s] -- Searching for dependencies of gz-sensors8-rendering
[1.018s] -- Searching for <gz-sensors8> component [rendering]
[1.018s] -- Searching for <gz-sensors8> component [lidar]
[1.019s] -- Looking for gz-sensors8-lidar -- found version 8.2.2
[1.019s] -- Searching for dependencies of gz-sensors8-lidar
[1.019s] -- Looking for gz-sensors8 -- found version 8.2.2
[1.020s] -- Searching for <gz-sensors8> component [gpu_lidar]
[1.020s] -- Looking for gz-sensors8-gpu_lidar -- found version 8.2.2
[1.020s] -- Searching for dependencies of gz-sensors8-gpu_lidar
[1.021s] -- Looking for gz-sensors8 -- found version 8.2.2
[1.021s] -- Searching for <gz-sensors8> component [camera]
[1.022s] -- Looking for gz-sensors8-camera -- found version 8.2.2
[1.022s] -- Searching for dependencies of gz-sensors8-camera
[1.022s] -- Looking for gz-sensors8 -- found version 8.2.2
[1.023s] -- Searching for <gz-sensors8> component [boundingbox_camera]
[1.023s] -- Looking for gz-sensors8-boundingbox_camera -- found version 8.2.2
[1.023s] -- Searching for dependencies of gz-sensors8-boundingbox_camera
[1.024s] -- Searching for <gz-sensors8> component [segmentation_camera]
[1.025s] -- Looking for gz-sensors8-segmentation_camera -- found version 8.2.2
[1.025s] -- Searching for dependencies of gz-sensors8-segmentation_camera
[1.025s] -- Searching for <gz-sensors8> component [depth_camera]
[1.026s] -- Looking for gz-sensors8-depth_camera -- found version 8.2.2
[1.026s] -- Searching for dependencies of gz-sensors8-depth_camera
[1.026s] -- Looking for gz-sensors8 -- found version 8.2.2
[1.027s] -- Searching for <gz-sensors8> component [rgbd_camera]
[1.027s] -- Looking for gz-sensors8-rgbd_camera -- found version 8.2.2
[1.027s] -- Searching for dependencies of gz-sensors8-rgbd_camera
[1.028s] -- Looking for gz-sensors8 -- found version 8.2.2
[1.029s] -- Searching for <gz-sensors8> component [thermal_camera]
[1.029s] -- Looking for gz-sensors8-thermal_camera -- found version 8.2.2
[1.029s] -- Searching for dependencies of gz-sensors8-thermal_camera
[1.030s] -- Looking for gz-sensors8 -- found version 8.2.2
[1.030s] -- Searching for <gz-sensors8> component [wide_angle_camera]
[1.031s] -- Looking for gz-sensors8-wide_angle_camera -- found version 8.2.2
[1.031s] -- Searching for dependencies of gz-sensors8-wide_angle_camera
[1.032s] -- Looking for gz-rendering8 -- found version 8.2.2
[1.032s] -- Looking for gz-math7 -- found version 7.5.2
[1.033s] -- Looking for gz-utils2 -- found version 2.2.1
[1.053s] -- Found rclcpp: 28.1.12 (/opt/ros/jazzy/share/rclcpp/cmake)
[1.075s] -- Found rosidl_generator_c: 4.6.6 (/opt/ros/jazzy/share/rosidl_generator_c/cmake)
[1.084s] -- Found rosidl_generator_cpp: 4.6.6 (/opt/ros/jazzy/share/rosidl_generator_cpp/cmake)
[1.097s] -- Using all available rosidl_typesupport_c: rosidl_typesupport_fastrtps_c;rosidl_typesupport_introspection_c
[1.110s] -- Using all available rosidl_typesupport_cpp: rosidl_typesupport_fastrtps_cpp;rosidl_typesupport_introspection_cpp
[1.165s] -- Found rmw_implementation_cmake: 7.3.2 (/opt/ros/jazzy/share/rmw_implementation_cmake/cmake)
[1.166s] -- Found rmw_fastrtps_cpp: 8.4.3 (/opt/ros/jazzy/share/rmw_fastrtps_cpp/cmake)
[1.218s] -- Using RMW implementation 'rmw_fastrtps_cpp' as default
[1.270s] -- Looking for gz-plugin2 -- found version 2.0.4
[1.270s] -- Found ament_lint_auto: 0.17.3 (/opt/ros/jazzy/share/ament_lint_auto/cmake)
[1.349s] -- Added test 'cppcheck' to perform static code analysis on C / C++ code
[1.349s] -- Configured cppcheck include dirs: 
[1.349s] -- Configured cppcheck exclude dirs and/or files: 
[1.349s] -- Added test 'lint_cmake' to check CMake code style
[1.350s] -- Added test 'uncrustify' to check C / C++ code style
[1.350s] -- Configured uncrustify additional arguments: 
[1.350s] -- Added test 'xmllint' to check XML markup files
[1.351s] -- Configuring done (1.3s)
[1.371s] -- Generating done (0.0s)
[1.375s] -- Build files have been written to: /home/jmendes/drone_ws/build/drone_gazebo_plugins
[1.418s] [ 50%] [32mBuilding CXX object CMakeFiles/TeensyEmulator.dir/src/TeensyEmulator.cpp.o[0m
[1.695s] In file included from [01m[K/home/jmendes/drone_ws/src/drone_gazebo_plugins/src/TeensyEmulator.cpp:2[m[K:
[1.695s] [01m[K/home/jmendes/drone_ws/src/drone_gazebo_plugins/src/TeensyEmulator.h:6:10:[m[K [01;31m[Kfatal error: [m[Kgz/common/Time.hh: No such file or directory
[1.695s]     6 | #include [01;31m[K<gz/common/Time.hh>[m[K
[1.695s]       |          [01;31m[K^~~~~~~~~~~~~~~~~~~[m[K
[1.695s] compilation terminated.
[1.697s] gmake[2]: *** [CMakeFiles/TeensyEmulator.dir/build.make:76: CMakeFiles/TeensyEmulator.dir/src/TeensyEmulator.cpp.o] Error 1
[1.697s] gmake[1]: *** [CMakeFiles/Makefile2:137: CMakeFiles/TeensyEmulator.dir/all] Error 2
[1.697s] gmake: *** [Makefile:146: all] Error 2
[1.699s] Invoked command in '/home/jmendes/drone_ws/build/drone_gazebo_plugins' returned '2': CMAKE_PREFIX_PATH=${CMAKE_PREFIX_PATH}:/opt/ros/jazzy /usr/bin/cmake --build /home/jmendes/drone_ws/build/drone_gazebo_plugins -- -j8 -l8
