[0.013s] Invoking command in '/home/jmendes/drone_ws/build/drone_gazebo_plugins': CMAKE_PREFIX_PATH=${CMAKE_PREFIX_PATH}:/opt/ros/jazzy /usr/bin/cmake --build /home/jmendes/drone_ws/build/drone_gazebo_plugins -- -j8 -l8
[0.039s] -- Found ament_cmake: 2.5.4 (/opt/ros/jazzy/share/ament_cmake/cmake)
[0.216s] -- Looking for gz-common6 -- found version 6.1.0
[0.219s] -- Searching for dependencies of gz-common6
[0.220s] -- Looking for gz-utils3 -- found version 3.1.1
[0.220s] -- Searching for dependencies of gz-utils3
[0.220s] -- Searching for <gz-utils3> component [log]
[0.221s] -- Looking for gz-utils3-log -- found version 3.1.1
[0.221s] -- Searching for dependencies of gz-utils3-log
[0.227s] -- Checking for module 'uuid'
[0.237s] --   Found uuid, version 2.39.3
[0.258s] -- Looking for gz-msgs10 -- found version 10.3.2
[0.259s] -- Searching for dependencies of gz-msgs10
[0.278s] -- Looking for gz-utils2 -- found version 2.2.1
[0.278s] -- Searching for dependencies of gz-utils2
[0.278s] -- Looking for gz-math7 -- found version 7.5.2
[0.278s] -- Searching for dependencies of gz-math7
[0.279s] -- Looking for gz-utils2 -- found version 2.2.1
[0.283s] -- Checking for module 'tinyxml2'
[0.294s] --   Found tinyxml2, version 10.0.0
[0.318s] -- Looking for gz-transport13 -- found version 13.4.1
[0.318s] -- Searching for dependencies of gz-transport13
[0.349s] -- Config-file not installed for ZeroMQ -- checking for pkg-config
[0.352s] -- Checking for module 'libzmq >= 4'
[0.362s] --   Found libzmq, version 4.3.5
[0.393s] -- Looking for gz-utils2 -- found version 2.2.1
[0.393s] -- Searching for dependencies of gz-utils2
[0.393s] -- Searching for <gz-utils2> component [cli]
[0.394s] -- Looking for gz-utils2-cli -- found version 2.2.1
[0.394s] -- Searching for dependencies of gz-utils2-cli
[0.395s] -- Looking for gz-msgs10 -- found version 10.3.2
[0.396s] -- Looking for gz-sim8 -- found version 8.9.0
[0.396s] -- Searching for dependencies of gz-sim8
[0.396s] -- Looking for sdformat14 -- found version 14.8.0
[0.396s] -- Searching for dependencies of sdformat14
[0.401s] -- Looking for gz-math7 -- found version 7.5.2
[0.401s] -- Looking for gz-utils2 -- found version 2.2.1
[0.401s] -- Looking for gz-plugin2 -- found version 2.0.4
[0.402s] -- Searching for dependencies of gz-plugin2
[0.402s] -- Looking for gz-utils2 -- found version 2.2.1
[0.402s] -- Searching for <gz-plugin2> component [loader]
[0.403s] -- Looking for gz-plugin2-loader -- found version 2.0.4
[0.403s] -- Searching for dependencies of gz-plugin2-loader
[0.403s] -- Searching for <gz-plugin2> component [register]
[0.403s] -- Looking for gz-plugin2-register -- found version 2.0.4
[0.403s] -- Searching for dependencies of gz-plugin2-register
[0.404s] -- Looking for gz-transport13 -- found version 13.4.1
[0.404s] -- Searching for dependencies of gz-transport13
[0.435s] -- Config-file not installed for ZeroMQ -- checking for pkg-config
[0.439s] -- Checking for module 'libzmq >= 4'
[0.449s] --   Found libzmq, version 4.3.5
[0.485s] -- Looking for gz-utils2 -- found version 2.2.1
[0.485s] -- Looking for gz-msgs10 -- found version 10.3.2
[0.486s] -- Searching for <gz-transport13> component [log]
[0.486s] -- Looking for gz-transport13-log -- found version 13.4.1
[0.486s] -- Searching for dependencies of gz-transport13-log
[0.487s] -- Searching for <gz-transport13> component [parameters]
[0.488s] -- Looking for gz-transport13-parameters -- found version 13.4.1
[0.488s] -- Searching for dependencies of gz-transport13-parameters
[0.489s] -- Looking for gz-msgs10 -- found version 10.3.2
[0.489s] -- Looking for gz-common5 -- found version 5.7.1
[0.489s] -- Searching for dependencies of gz-common5
[0.490s] -- Looking for gz-utils2 -- found version 2.2.1
[0.490s] -- Looking for dlfcn.h - found
[0.490s] -- Looking for libdl - found
[0.498s] -- Searching for <gz-common5> component [av]
[0.499s] -- Looking for gz-common5-av -- found version 5.7.1
[0.499s] -- Searching for dependencies of gz-common5-av
[0.504s] -- Checking for module 'libswscale'
[0.515s] --   Found libswscale, version 7.5.100
[0.542s] -- Checking for module 'libavdevice >= 56.4.100'
[0.554s] --   Found libavdevice, version 60.3.100
[0.593s] -- Checking for module 'libavformat'
[0.605s] --   Found libavformat, version 60.16.100
[0.634s] -- Checking for module 'libavcodec'
[0.644s] --   Found libavcodec, version 60.31.102
[0.674s] -- Checking for module 'libavutil'
[0.685s] --   Found libavutil, version 58.29.100
[0.713s] -- Searching for <gz-common5> component [events]
[0.714s] -- Looking for gz-common5-events -- found version 5.7.1
[0.714s] -- Searching for dependencies of gz-common5-events
[0.714s] -- Looking for gz-math7 -- found version 7.5.2
[0.715s] -- Searching for <gz-common5> component [graphics]
[0.715s] -- Looking for gz-common5-graphics -- found version 5.7.1
[0.715s] -- Searching for dependencies of gz-common5-graphics
[0.715s] -- Looking for gz-math7 -- found version 7.5.2
[0.717s] -- Searching for <gz-common5> component [io]
[0.717s] -- Looking for gz-common5-io -- found version 5.7.1
[0.718s] -- Searching for dependencies of gz-common5-io
[0.718s] -- Searching for <gz-common5> component [profiler]
[0.718s] -- Looking for gz-common5-profiler -- found version 5.7.1
[0.718s] -- Searching for dependencies of gz-common5-profiler
[0.719s] -- Looking for gz-fuel_tools9 -- found version 9.1.1
[0.719s] -- Searching for dependencies of gz-fuel_tools9
[0.763s] -- Checking for module 'jsoncpp'
[0.773s] --   Found jsoncpp, version 1.9.5
[0.822s] -- Checking for module 'yaml-0.1'
[0.834s] --   Found yaml-0.1, version 0.2.5
[0.867s] -- Checking for module 'libzip'
[0.882s] --   Found libzip, version 1.7.3
[0.908s] -- Looking for gz-utils2 -- found version 2.2.1
[0.908s] -- Looking for gz-common5 -- found version 5.7.1
[0.908s] -- Searching for dependencies of gz-common5
[0.909s] -- Looking for gz-utils2 -- found version 2.2.1
[0.909s] -- Looking for dlfcn.h - found
[0.909s] -- Looking for libdl - found
[0.915s] -- Searching for <gz-common5> component [testing]
[0.916s] -- Looking for gz-common5-testing -- found version 5.7.1
[0.916s] -- Searching for dependencies of gz-common5-testing
[0.916s] -- Looking for gz-math7 -- found version 7.5.2
[0.917s] -- Looking for gz-msgs10 -- found version 10.3.2
[0.918s] -- Looking for gz-gui8 -- found version 8.4.0
[0.918s] -- Searching for dependencies of gz-gui8
[0.942s] -- Looking for gz-utils2 -- found version 2.2.1
[0.942s] -- Looking for gz-math7 -- found version 7.5.2
[0.942s] -- Looking for gz-common5 -- found version 5.7.1
[0.942s] -- Looking for gz-plugin2 -- found version 2.0.4
[0.943s] -- Looking for gz-transport13 -- found version 13.4.1
[0.943s] -- Looking for gz-rendering8 -- found version 8.2.2
[0.943s] -- Searching for dependencies of gz-rendering8
[0.943s] -- Looking for gz-math7 -- found version 7.5.2
[0.944s] -- Searching for dependencies of gz-math7
[0.944s] -- Looking for gz-utils2 -- found version 2.2.1
[0.944s] -- Searching for <gz-math7> component [eigen3]
[0.945s] -- Looking for gz-math7-eigen3 -- found version 7.5.2
[0.945s] -- Searching for dependencies of gz-math7-eigen3
[0.946s] -- Looking for gz-common5 -- found version 5.7.1
[0.946s] -- Searching for dependencies of gz-common5
[0.947s] -- Looking for gz-utils2 -- found version 2.2.1
[0.947s] -- Looking for dlfcn.h - found
[0.947s] -- Looking for libdl - found
[0.953s] -- Searching for <gz-common5> component [graphics]
[0.953s] -- Searching for <gz-common5> component [events]
[0.953s] -- Searching for <gz-common5> component [geospatial]
[0.953s] -- Looking for gz-common5-geospatial -- found version 5.7.1
[0.953s] -- Searching for dependencies of gz-common5-geospatial
[0.954s] -- Looking for gz-math7 -- found version 7.5.2
[0.954s] -- Looking for gz-common5 -- found version 5.7.1
[0.955s] -- Looking for gz-plugin2 -- found version 2.0.4
[0.955s] -- Searching for dependencies of gz-plugin2
[0.955s] -- Looking for gz-utils2 -- found version 2.2.1
[0.956s] -- Searching for <gz-plugin2> component [all]
[0.956s] -- Looking for all libraries of gz-plugin2 -- found version 2.0.4
[0.956s] -- Looking for gz-plugin2 -- found version 2.0.4
[0.957s] -- Looking for gz-utils2 -- found version 2.2.1
[0.960s] -- Looking for gz-msgs10 -- found version 10.3.2
[0.973s] -- Looking for gz-physics7 -- found version 7.5.0
[0.974s] -- Searching for dependencies of gz-physics7
[0.974s] -- Looking for gz-common5 -- found version 5.7.1
[0.974s] -- Looking for gz-math7 -- found version 7.5.2
[0.974s] -- Looking for gz-plugin2 -- found version 2.0.4
[0.975s] -- Looking for gz-utils2 -- found version 2.2.1
[0.976s] -- Searching for <gz-physics7> component [heightmap]
[0.976s] -- Looking for gz-physics7-heightmap -- found version 7.5.0
[0.976s] -- Searching for dependencies of gz-physics7-heightmap
[0.977s] -- Looking for gz-common5 -- found version 5.7.1
[0.977s] -- Searching for <gz-physics7> component [mesh]
[0.977s] -- Looking for gz-physics7-mesh -- found version 7.5.0
[0.977s] -- Searching for dependencies of gz-physics7-mesh
[0.978s] -- Looking for gz-common5 -- found version 5.7.1
[0.978s] -- Searching for <gz-physics7> component [sdf]
[0.979s] -- Looking for gz-physics7-sdf -- found version 7.5.0
[0.979s] -- Searching for dependencies of gz-physics7-sdf
[0.979s] -- Looking for sdformat14 -- found version 14.8.0
[0.980s] -- Looking for gz-sensors8 -- found version 8.2.2
[0.980s] -- Searching for dependencies of gz-sensors8
[1.000s] -- Looking for gz-math7 -- found version 7.5.2
[1.001s] -- Looking for gz-common5 -- found version 5.7.1
[1.001s] -- Looking for gz-transport13 -- found version 13.4.1
[1.001s] -- Looking for gz-rendering8 -- found version 8.2.2
[1.001s] -- Looking for gz-msgs10 -- found version 10.3.2
[1.002s] -- Looking for sdformat14 -- found version 14.8.0
[1.002s] -- Searching for <gz-sensors8> component [air_pressure]
[1.003s] -- Looking for gz-sensors8-air_pressure -- found version 8.2.2
[1.003s] -- Searching for dependencies of gz-sensors8-air_pressure
[1.003s] -- Searching for <gz-sensors8> component [air_speed]
[1.003s] -- Looking for gz-sensors8-air_speed -- found version 8.2.2
[1.004s] -- Searching for dependencies of gz-sensors8-air_speed
[1.004s] -- Searching for <gz-sensors8> component [altimeter]
[1.004s] -- Looking for gz-sensors8-altimeter -- found version 8.2.2
[1.004s] -- Searching for dependencies of gz-sensors8-altimeter
[1.005s] -- Searching for <gz-sensors8> component [imu]
[1.005s] -- Looking for gz-sensors8-imu -- found version 8.2.2
[1.005s] -- Searching for dependencies of gz-sensors8-imu
[1.005s] -- Searching for <gz-sensors8> component [force_torque]
[1.006s] -- Looking for gz-sensors8-force_torque -- found version 8.2.2
[1.006s] -- Searching for dependencies of gz-sensors8-force_torque
[1.006s] -- Searching for <gz-sensors8> component [logical_camera]
[1.006s] -- Looking for gz-sensors8-logical_camera -- found version 8.2.2
[1.007s] -- Searching for dependencies of gz-sensors8-logical_camera
[1.007s] -- Searching for <gz-sensors8> component [magnetometer]
[1.007s] -- Looking for gz-sensors8-magnetometer -- found version 8.2.2
[1.007s] -- Searching for dependencies of gz-sensors8-magnetometer
[1.008s] -- Searching for <gz-sensors8> component [navsat]
[1.008s] -- Looking for gz-sensors8-navsat -- found version 8.2.2
[1.008s] -- Searching for dependencies of gz-sensors8-navsat
[1.009s] -- Searching for <gz-sensors8> component [dvl]
[1.009s] -- Looking for gz-sensors8-dvl -- found version 8.2.2
[1.009s] -- Searching for dependencies of gz-sensors8-dvl
[1.009s] -- Looking for gz-sensors8 -- found version 8.2.2
[1.010s] -- Searching for dependencies of gz-sensors8
[1.030s] -- Looking for gz-math7 -- found version 7.5.2
[1.030s] -- Looking for gz-common5 -- found version 5.7.1
[1.031s] -- Looking for gz-transport13 -- found version 13.4.1
[1.031s] -- Looking for gz-rendering8 -- found version 8.2.2
[1.031s] -- Looking for gz-msgs10 -- found version 10.3.2
[1.032s] -- Looking for sdformat14 -- found version 14.8.0
[1.032s] -- Searching for <gz-sensors8> component [rendering]
[1.032s] -- Looking for gz-sensors8-rendering -- found version 8.2.2
[1.032s] -- Searching for dependencies of gz-sensors8-rendering
[1.033s] -- Searching for <gz-sensors8> component [rendering]
[1.034s] -- Searching for <gz-sensors8> component [lidar]
[1.034s] -- Looking for gz-sensors8-lidar -- found version 8.2.2
[1.034s] -- Searching for dependencies of gz-sensors8-lidar
[1.034s] -- Looking for gz-sensors8 -- found version 8.2.2
[1.035s] -- Searching for <gz-sensors8> component [gpu_lidar]
[1.035s] -- Looking for gz-sensors8-gpu_lidar -- found version 8.2.2
[1.035s] -- Searching for dependencies of gz-sensors8-gpu_lidar
[1.036s] -- Looking for gz-sensors8 -- found version 8.2.2
[1.036s] -- Searching for <gz-sensors8> component [camera]
[1.037s] -- Looking for gz-sensors8-camera -- found version 8.2.2
[1.037s] -- Searching for dependencies of gz-sensors8-camera
[1.037s] -- Looking for gz-sensors8 -- found version 8.2.2
[1.038s] -- Searching for <gz-sensors8> component [boundingbox_camera]
[1.038s] -- Looking for gz-sensors8-boundingbox_camera -- found version 8.2.2
[1.038s] -- Searching for dependencies of gz-sensors8-boundingbox_camera
[1.039s] -- Searching for <gz-sensors8> component [segmentation_camera]
[1.039s] -- Looking for gz-sensors8-segmentation_camera -- found version 8.2.2
[1.039s] -- Searching for dependencies of gz-sensors8-segmentation_camera
[1.040s] -- Searching for <gz-sensors8> component [depth_camera]
[1.040s] -- Looking for gz-sensors8-depth_camera -- found version 8.2.2
[1.040s] -- Searching for dependencies of gz-sensors8-depth_camera
[1.041s] -- Looking for gz-sensors8 -- found version 8.2.2
[1.041s] -- Searching for <gz-sensors8> component [rgbd_camera]
[1.041s] -- Looking for gz-sensors8-rgbd_camera -- found version 8.2.2
[1.042s] -- Searching for dependencies of gz-sensors8-rgbd_camera
[1.042s] -- Looking for gz-sensors8 -- found version 8.2.2
[1.042s] -- Searching for <gz-sensors8> component [thermal_camera]
[1.043s] -- Looking for gz-sensors8-thermal_camera -- found version 8.2.2
[1.043s] -- Searching for dependencies of gz-sensors8-thermal_camera
[1.043s] -- Looking for gz-sensors8 -- found version 8.2.2
[1.044s] -- Searching for <gz-sensors8> component [wide_angle_camera]
[1.045s] -- Looking for gz-sensors8-wide_angle_camera -- found version 8.2.2
[1.045s] -- Searching for dependencies of gz-sensors8-wide_angle_camera
[1.045s] -- Looking for gz-rendering8 -- found version 8.2.2
[1.046s] -- Looking for gz-math7 -- found version 7.5.2
[1.046s] -- Looking for gz-utils2 -- found version 2.2.1
[1.067s] -- Found rclcpp: 28.1.12 (/opt/ros/jazzy/share/rclcpp/cmake)
[1.085s] -- Found rosidl_generator_c: 4.6.6 (/opt/ros/jazzy/share/rosidl_generator_c/cmake)
[1.093s] -- Found rosidl_generator_cpp: 4.6.6 (/opt/ros/jazzy/share/rosidl_generator_cpp/cmake)
[1.103s] -- Using all available rosidl_typesupport_c: rosidl_typesupport_fastrtps_c;rosidl_typesupport_introspection_c
[1.121s] -- Using all available rosidl_typesupport_cpp: rosidl_typesupport_fastrtps_cpp;rosidl_typesupport_introspection_cpp
[1.176s] -- Found rmw_implementation_cmake: 7.3.2 (/opt/ros/jazzy/share/rmw_implementation_cmake/cmake)
[1.177s] -- Found rmw_fastrtps_cpp: 8.4.3 (/opt/ros/jazzy/share/rmw_fastrtps_cpp/cmake)
[1.238s] -- Using RMW implementation 'rmw_fastrtps_cpp' as default
[1.293s] -- Looking for gz-plugin2 -- found version 2.0.4
[1.297s] -- Found ament_lint_auto: 0.17.3 (/opt/ros/jazzy/share/ament_lint_auto/cmake)
[1.369s] -- Added test 'cppcheck' to perform static code analysis on C / C++ code
[1.369s] -- Configured cppcheck include dirs: 
[1.369s] -- Configured cppcheck exclude dirs and/or files: 
[1.369s] -- Added test 'lint_cmake' to check CMake code style
[1.370s] -- Added test 'uncrustify' to check C / C++ code style
[1.370s] -- Configured uncrustify additional arguments: 
[1.370s] -- Added test 'xmllint' to check XML markup files
[1.371s] -- Configuring done (1.3s)
[1.386s] [31mCMake Error at CMakeLists.txt:25 (target_link_libraries):
[1.386s]   Target "TeensyEmulator" links to:
[1.386s] 
[1.386s]     gz-common6::time
[1.386s] 
[1.386s]   but the target was not found.  Possible reasons include:
[1.386s] 
[1.386s]     * There is a typo in the target name.
[1.386s]     * A find_package call is missing for an IMPORTED target.
[1.386s]     * An ALIAS target is missing.
[1.386s] 
[1.386s] 
[1.386s] [0m
[1.387s] -- Generating done (0.0s)
[1.387s] [0mCMake Generate step failed.  Build files cannot be regenerated correctly.[0m
[1.395s] gmake: *** [Makefile:267: cmake_check_build_system] Error 1
[1.396s] Invoked command in '/home/jmendes/drone_ws/build/drone_gazebo_plugins' returned '2': CMAKE_PREFIX_PATH=${CMAKE_PREFIX_PATH}:/opt/ros/jazzy /usr/bin/cmake --build /home/jmendes/drone_ws/build/drone_gazebo_plugins -- -j8 -l8
