[0.017s] Invoking command in '/home/jmendes/drone_ws/build/drone_description': CMAKE_PREFIX_PATH=${CMAKE_PREFIX_PATH}:/opt/ros/jazzy /usr/bin/cmake --build /home/jmendes/drone_ws/build/drone_description -- -j8 -l8
[0.062s] Invoked command in '/home/jmendes/drone_ws/build/drone_description' returned '0': CMAKE_PREFIX_PATH=${CMAKE_PREFIX_PATH}:/opt/ros/jazzy /usr/bin/cmake --build /home/jmendes/drone_ws/build/drone_description -- -j8 -l8
[0.063s] Invoking command in '/home/jmendes/drone_ws/build/drone_description': CMAKE_PREFIX_PATH=${CMAKE_PREFIX_PATH}:/opt/ros/jazzy /usr/bin/cmake --install /home/jmendes/drone_ws/build/drone_description
[0.070s] -- Install configuration: ""
[0.070s] -- Up-to-date: /home/jmendes/drone_ws/install/drone_description/share/drone_description/launch
[0.070s] -- Up-to-date: /home/jmendes/drone_ws/install/drone_description/share/drone_description/launch/drone.display.launch.py
[0.070s] -- Up-to-date: /home/jmendes/drone_ws/install/drone_description/share/drone_description/meshes
[0.070s] -- Up-to-date: /home/jmendes/drone_ws/install/drone_description/share/drone_description/meshes/frame.stl
[0.070s] -- Up-to-date: /home/jmendes/drone_ws/install/drone_description/share/drone_description/meshes/landing_gear.stl
[0.070s] -- Up-to-date: /home/jmendes/drone_ws/install/drone_description/share/drone_description/meshes/propeller.stl
[0.070s] -- Up-to-date: /home/jmendes/drone_ws/install/drone_description/share/drone_description/meshes/motor.stl
[0.070s] -- Up-to-date: /home/jmendes/drone_ws/install/drone_description/share/drone_description/rviz
[0.070s] -- Up-to-date: /home/jmendes/drone_ws/install/drone_description/share/drone_description/rviz/display.rviz
[0.071s] -- Up-to-date: /home/jmendes/drone_ws/install/drone_description/share/drone_description/urdf
[0.071s] -- Up-to-date: /home/jmendes/drone_ws/install/drone_description/share/drone_description/urdf/control
[0.071s] -- Up-to-date: /home/jmendes/drone_ws/install/drone_description/share/drone_description/urdf/control/drone.gazebo.xacro
[0.071s] -- Up-to-date: /home/jmendes/drone_ws/install/drone_description/share/drone_description/urdf/robot
[0.074s] -- Up-to-date: /home/jmendes/drone_ws/install/drone_description/share/drone_description/urdf/robot/drone.urdf.xacro
[0.077s] -- Up-to-date: /home/jmendes/drone_ws/install/drone_description/share/drone_description/urdf/robot/macros.xacro
[0.077s] -- Up-to-date: /home/jmendes/drone_ws/install/drone_description/share/ament_index/resource_index/package_run_dependencies/drone_description
[0.077s] -- Up-to-date: /home/jmendes/drone_ws/install/drone_description/share/ament_index/resource_index/parent_prefix_path/drone_description
[0.077s] -- Up-to-date: /home/jmendes/drone_ws/install/drone_description/share/drone_description/environment/ament_prefix_path.sh
[0.077s] -- Up-to-date: /home/jmendes/drone_ws/install/drone_description/share/drone_description/environment/ament_prefix_path.dsv
[0.078s] -- Up-to-date: /home/jmendes/drone_ws/install/drone_description/share/drone_description/environment/path.sh
[0.078s] -- Up-to-date: /home/jmendes/drone_ws/install/drone_description/share/drone_description/environment/path.dsv
[0.078s] -- Up-to-date: /home/jmendes/drone_ws/install/drone_description/share/drone_description/local_setup.bash
[0.078s] -- Up-to-date: /home/jmendes/drone_ws/install/drone_description/share/drone_description/local_setup.sh
[0.078s] -- Up-to-date: /home/jmendes/drone_ws/install/drone_description/share/drone_description/local_setup.zsh
[0.078s] -- Up-to-date: /home/jmendes/drone_ws/install/drone_description/share/drone_description/local_setup.dsv
[0.079s] -- Installing: /home/jmendes/drone_ws/install/drone_description/share/drone_description/package.dsv
[0.080s] -- Up-to-date: /home/jmendes/drone_ws/install/drone_description/share/ament_index/resource_index/packages/drone_description
[0.080s] -- Up-to-date: /home/jmendes/drone_ws/install/drone_description/share/drone_description/cmake/drone_descriptionConfig.cmake
[0.080s] -- Up-to-date: /home/jmendes/drone_ws/install/drone_description/share/drone_description/cmake/drone_descriptionConfig-version.cmake
[0.080s] -- Up-to-date: /home/jmendes/drone_ws/install/drone_description/share/drone_description/package.xml
[0.088s] Invoked command in '/home/jmendes/drone_ws/build/drone_description' returned '0': CMAKE_PREFIX_PATH=${CMAKE_PREFIX_PATH}:/opt/ros/jazzy /usr/bin/cmake --install /home/jmendes/drone_ws/build/drone_description
