-- Install configuration: ""
-- Up-to-date: /home/jmendes/drone_ws/install/drone_description/share/drone_description/launch
-- Up-to-date: /home/jmendes/drone_ws/install/drone_description/share/drone_description/launch/drone.display.launch.py
-- Up-to-date: /home/jmendes/drone_ws/install/drone_description/share/drone_description/meshes
-- Up-to-date: /home/jmendes/drone_ws/install/drone_description/share/drone_description/meshes/frame.stl
-- Up-to-date: /home/jmendes/drone_ws/install/drone_description/share/drone_description/meshes/landing_gear.stl
-- Up-to-date: /home/jmendes/drone_ws/install/drone_description/share/drone_description/meshes/propeller.stl
-- Up-to-date: /home/jmendes/drone_ws/install/drone_description/share/drone_description/meshes/motor.stl
-- Up-to-date: /home/jmendes/drone_ws/install/drone_description/share/drone_description/rviz
-- Up-to-date: /home/jmendes/drone_ws/install/drone_description/share/drone_description/rviz/display.rviz
-- Up-to-date: /home/jmendes/drone_ws/install/drone_description/share/drone_description/urdf
-- Up-to-date: /home/jmendes/drone_ws/install/drone_description/share/drone_description/urdf/control
-- Installing: /home/jmendes/drone_ws/install/drone_description/share/drone_description/urdf/control/drone.gazebo.xacro
-- Up-to-date: /home/jmendes/drone_ws/install/drone_description/share/drone_description/urdf/robot
-- Up-to-date: /home/jmendes/drone_ws/install/drone_description/share/drone_description/urdf/robot/drone.urdf.xacro
-- Up-to-date: /home/jmendes/drone_ws/install/drone_description/share/drone_description/urdf/robot/macros.xacro
-- Up-to-date: /home/jmendes/drone_ws/install/drone_description/share/ament_index/resource_index/package_run_dependencies/drone_description
-- Up-to-date: /home/jmendes/drone_ws/install/drone_description/share/ament_index/resource_index/parent_prefix_path/drone_description
-- Up-to-date: /home/jmendes/drone_ws/install/drone_description/share/drone_description/environment/ament_prefix_path.sh
-- Up-to-date: /home/jmendes/drone_ws/install/drone_description/share/drone_description/environment/ament_prefix_path.dsv
-- Up-to-date: /home/jmendes/drone_ws/install/drone_description/share/drone_description/environment/path.sh
-- Up-to-date: /home/jmendes/drone_ws/install/drone_description/share/drone_description/environment/path.dsv
-- Up-to-date: /home/jmendes/drone_ws/install/drone_description/share/drone_description/local_setup.bash
-- Up-to-date: /home/jmendes/drone_ws/install/drone_description/share/drone_description/local_setup.sh
-- Up-to-date: /home/jmendes/drone_ws/install/drone_description/share/drone_description/local_setup.zsh
-- Up-to-date: /home/jmendes/drone_ws/install/drone_description/share/drone_description/local_setup.dsv
-- Up-to-date: /home/jmendes/drone_ws/install/drone_description/share/drone_description/package.dsv
-- Up-to-date: /home/jmendes/drone_ws/install/drone_description/share/ament_index/resource_index/packages/drone_description
-- Up-to-date: /home/jmendes/drone_ws/install/drone_description/share/drone_description/cmake/drone_descriptionConfig.cmake
-- Up-to-date: /home/jmendes/drone_ws/install/drone_description/share/drone_description/cmake/drone_descriptionConfig-version.cmake
-- Up-to-date: /home/jmendes/drone_ws/install/drone_description/share/drone_description/package.xml
