[01m[K/home/jmendes/drone_ws/src/drone_gazebo_plugins/src/TeensyEmulator.cpp:[m[K In member function ‘[01m[Kvirtual void DroneTeensyEmulator::TeensyEmulator::[01;32m[KConfigure[m[K(const gz::sim::v8::Entity&, const std::shared_ptr<const sdf::v14::Element>&, gz::sim::v8::EntityComponentManager&, gz::sim::v8::EventManager&)[m[K’:
[01m[K/home/jmendes/drone_ws/src/drone_gazebo_plugins/src/TeensyEmulator.cpp:18:86:[m[K [01;35m[Kwarning: [m[Kunused parameter ‘[01m[Kecm[m[K’ [[01;35m[K-Wunused-parameter[m[K]
   18 |     std::shared_ptr<sdf::Element const> const& sdf, [01;35m[Kgz::sim::EntityComponentManager& ecm[m[K,
      |                                                     [01;35m[K~~~~~~~~~~~~~~~~~~~~~~~~~~~~~~~~~^~~[m[K
[01m[K/home/jmendes/drone_ws/src/drone_gazebo_plugins/src/TeensyEmulator.cpp:19:28:[m[K [01;35m[Kwarning: [m[Kunused parameter ‘[01m[KeventMgr[m[K’ [[01;35m[K-Wunused-parameter[m[K]
   19 |     [01;35m[Kgz::sim::EventManager& eventMgr[m[K)
      |     [01;35m[K~~~~~~~~~~~~~~~~~~~~~~~^~~~~~~~[m[K
[01m[K/home/jmendes/drone_ws/src/drone_gazebo_plugins/src/TeensyEmulator.cpp:[m[K In member function ‘[01m[Kvirtual void DroneTeensyEmulator::TeensyEmulator::[01;32m[KPreUpdate[m[K(const gz::sim::v8::UpdateInfo&, gz::sim::v8::EntityComponentManager&)[m[K’:
[01m[K/home/jmendes/drone_ws/src/drone_gazebo_plugins/src/TeensyEmulator.cpp:31:80:[m[K [01;35m[Kwarning: [m[Kunused parameter ‘[01m[K_info[m[K’ [[01;35m[K-Wunused-parameter[m[K]
   31 | void DroneTeensyEmulator::TeensyEmulator::PreUpdate([01;35m[Kconst gz::sim::UpdateInfo& _info[m[K,
      |                                                     [01;35m[K~~~~~~~~~~~~~~~~~~~~~~~~~~~^~~~~[m[K
[01m[K/home/jmendes/drone_ws/src/drone_gazebo_plugins/src/TeensyEmulator.cpp:32:38:[m[K [01;35m[Kwarning: [m[Kunused parameter ‘[01m[K_ecm[m[K’ [[01;35m[K-Wunused-parameter[m[K]
   32 |     [01;35m[Kgz::sim::EntityComponentManager& _ecm[m[K)
      |     [01;35m[K~~~~~~~~~~~~~~~~~~~~~~~~~~~~~~~~~^~~~[m[K
[01m[K/home/jmendes/drone_ws/src/drone_gazebo_plugins/src/TeensyEmulator.cpp:[m[K In member function ‘[01m[Kvirtual void DroneTeensyEmulator::TeensyEmulator::[01;32m[KPostUpdate[m[K(const gz::sim::v8::UpdateInfo&, const gz::sim::v8::EntityComponentManager&)[m[K’:
[01m[K/home/jmendes/drone_ws/src/drone_gazebo_plugins/src/TeensyEmulator.cpp:36:81:[m[K [01;35m[Kwarning: [m[Kunused parameter ‘[01m[K_info[m[K’ [[01;35m[K-Wunused-parameter[m[K]
   36 | void DroneTeensyEmulator::TeensyEmulator::PostUpdate([01;35m[Kconst gz::sim::UpdateInfo& _info[m[K,
      |                                                      [01;35m[K~~~~~~~~~~~~~~~~~~~~~~~~~~~^~~~~[m[K
[01m[K/home/jmendes/drone_ws/src/drone_gazebo_plugins/src/TeensyEmulator.cpp:37:44:[m[K [01;35m[Kwarning: [m[Kunused parameter ‘[01m[K_ecm[m[K’ [[01;35m[K-Wunused-parameter[m[K]
   37 |     [01;35m[Kconst gz::sim::EntityComponentManager& _ecm[m[K)
      |     [01;35m[K~~~~~~~~~~~~~~~~~~~~~~~~~~~~~~~~~~~~~~~^~~~[m[K
