[0.010s] Invoking command in '/home/jmendes/drone_ws/build/drone_gazebo_plugins': CMAKE_PREFIX_PATH=${CMAKE_PREFIX_PATH}:/opt/ros/jazzy /usr/bin/cmake --build /home/jmendes/drone_ws/build/drone_gazebo_plugins -- -j8 -l8
[0.036s] -- Found ament_cmake: 2.5.4 (/opt/ros/jazzy/share/ament_cmake/cmake)
[0.257s] -- Looking for gz-math8 -- found version 8.2.0
[0.261s] -- Searching for dependencies of gz-math8
[0.261s] -- Looking for gz-utils3 -- found version 3.1.1
[0.261s] -- Searching for dependencies of gz-utils3
[0.262s] -- Looking for gz-msgs10 -- found version 10.3.2
[0.263s] -- Searching for dependencies of gz-msgs10
[0.282s] -- Looking for gz-utils2 -- found version 2.2.1
[0.282s] -- Searching for dependencies of gz-utils2
[0.282s] -- Looking for gz-math7 -- found version 7.5.2
[0.283s] -- Searching for dependencies of gz-math7
[0.283s] -- Looking for gz-utils2 -- found version 2.2.1
[0.286s] -- Checking for module 'tinyxml2'
[0.296s] --   Found tinyxml2, version 10.0.0
[0.317s] -- Looking for gz-plugin2 -- found version 2.0.4
[0.317s] -- Searching for dependencies of gz-plugin2
[0.317s] -- Looking for gz-utils2 -- found version 2.2.1
[0.317s] -- Searching for dependencies of gz-utils2
[0.317s] -- Searching for <gz-utils2> component [cli]
[0.318s] -- Looking for gz-utils2-cli -- found version 2.2.1
[0.318s] -- Searching for dependencies of gz-utils2-cli
[0.318s] -- Searching for <gz-plugin2> component [register]
[0.319s] -- Looking for gz-plugin2-register -- found version 2.0.4
[0.319s] -- Searching for dependencies of gz-plugin2-register
[0.319s] -- Looking for gz-transport13 -- found version 13.4.1
[0.319s] -- Searching for dependencies of gz-transport13
[0.350s] -- Config-file not installed for ZeroMQ -- checking for pkg-config
[0.354s] -- Checking for module 'libzmq >= 4'
[0.364s] --   Found libzmq, version 4.3.5
[0.397s] -- Checking for module 'uuid'
[0.407s] --   Found uuid, version 2.39.3
[0.427s] -- Looking for gz-utils2 -- found version 2.2.1
[0.427s] -- Looking for gz-msgs10 -- found version 10.3.2
[0.428s] -- Looking for gz-sim8 -- found version 8.9.0
[0.428s] -- Searching for dependencies of gz-sim8
[0.428s] -- Looking for sdformat14 -- found version 14.8.0
[0.428s] -- Searching for dependencies of sdformat14
[0.432s] -- Looking for gz-math7 -- found version 7.5.2
[0.432s] -- Looking for gz-utils2 -- found version 2.2.1
[0.433s] -- Looking for gz-plugin2 -- found version 2.0.4
[0.434s] -- Searching for dependencies of gz-plugin2
[0.434s] -- Looking for gz-utils2 -- found version 2.2.1
[0.434s] -- Searching for <gz-plugin2> component [loader]
[0.434s] -- Looking for gz-plugin2-loader -- found version 2.0.4
[0.434s] -- Searching for dependencies of gz-plugin2-loader
[0.435s] -- Searching for <gz-plugin2> component [register]
[0.435s] -- Looking for gz-transport13 -- found version 13.4.1
[0.435s] -- Searching for dependencies of gz-transport13
[0.466s] -- Config-file not installed for ZeroMQ -- checking for pkg-config
[0.469s] -- Checking for module 'libzmq >= 4'
[0.479s] --   Found libzmq, version 4.3.5
[0.530s] -- Looking for gz-utils2 -- found version 2.2.1
[0.530s] -- Looking for gz-msgs10 -- found version 10.3.2
[0.530s] -- Searching for <gz-transport13> component [log]
[0.531s] -- Looking for gz-transport13-log -- found version 13.4.1
[0.531s] -- Searching for dependencies of gz-transport13-log
[0.532s] -- Searching for <gz-transport13> component [parameters]
[0.532s] -- Looking for gz-transport13-parameters -- found version 13.4.1
[0.532s] -- Searching for dependencies of gz-transport13-parameters
[0.533s] -- Looking for gz-msgs10 -- found version 10.3.2
[0.534s] -- Looking for gz-common5 -- found version 5.7.1
[0.534s] -- Searching for dependencies of gz-common5
[0.534s] -- Looking for gz-utils2 -- found version 2.2.1
[0.534s] -- Looking for dlfcn.h - found
[0.534s] -- Looking for libdl - found
[0.543s] -- Searching for <gz-common5> component [av]
[0.543s] -- Looking for gz-common5-av -- found version 5.7.1
[0.543s] -- Searching for dependencies of gz-common5-av
[0.548s] -- Checking for module 'libswscale'
[0.559s] --   Found libswscale, version 7.5.100
[0.595s] -- Checking for module 'libavdevice >= 56.4.100'
[0.615s] --   Found libavdevice, version 60.3.100
[0.679s] -- Checking for module 'libavformat'
[0.699s] --   Found libavformat, version 60.16.100
[0.757s] -- Checking for module 'libavcodec'
[0.776s] --   Found libavcodec, version 60.31.102
[0.834s] -- Checking for module 'libavutil'
[0.864s] --   Found libavutil, version 58.29.100
[0.908s] -- Searching for <gz-common5> component [events]
[0.908s] -- Looking for gz-common5-events -- found version 5.7.1
[0.908s] -- Searching for dependencies of gz-common5-events
[0.909s] -- Looking for gz-math7 -- found version 7.5.2
[0.909s] -- Searching for <gz-common5> component [graphics]
[0.910s] -- Looking for gz-common5-graphics -- found version 5.7.1
[0.910s] -- Searching for dependencies of gz-common5-graphics
[0.911s] -- Looking for gz-math7 -- found version 7.5.2
[0.914s] -- Searching for <gz-common5> component [io]
[0.914s] -- Looking for gz-common5-io -- found version 5.7.1
[0.915s] -- Searching for dependencies of gz-common5-io
[0.915s] -- Searching for <gz-common5> component [profiler]
[0.916s] -- Looking for gz-common5-profiler -- found version 5.7.1
[0.916s] -- Searching for dependencies of gz-common5-profiler
[0.917s] -- Looking for gz-fuel_tools9 -- found version 9.1.1
[0.917s] -- Searching for dependencies of gz-fuel_tools9
[0.981s] -- Checking for module 'jsoncpp'
[1.003s] --   Found jsoncpp, version 1.9.5
[1.072s] -- Checking for module 'yaml-0.1'
[1.085s] --   Found yaml-0.1, version 0.2.5
[1.112s] -- Checking for module 'libzip'
[1.123s] --   Found libzip, version 1.7.3
[1.146s] -- Looking for gz-utils2 -- found version 2.2.1
[1.147s] -- Looking for gz-common5 -- found version 5.7.1
[1.147s] -- Searching for dependencies of gz-common5
[1.147s] -- Looking for gz-utils2 -- found version 2.2.1
[1.147s] -- Looking for dlfcn.h - found
[1.147s] -- Looking for libdl - found
[1.155s] -- Searching for <gz-common5> component [testing]
[1.155s] -- Looking for gz-common5-testing -- found version 5.7.1
[1.155s] -- Searching for dependencies of gz-common5-testing
[1.157s] -- Looking for gz-math7 -- found version 7.5.2
[1.157s] -- Looking for gz-msgs10 -- found version 10.3.2
[1.158s] -- Looking for gz-gui8 -- found version 8.4.0
[1.158s] -- Searching for dependencies of gz-gui8
[1.194s] -- Looking for gz-utils2 -- found version 2.2.1
[1.194s] -- Looking for gz-math7 -- found version 7.5.2
[1.195s] -- Looking for gz-common5 -- found version 5.7.1
[1.195s] -- Looking for gz-plugin2 -- found version 2.0.4
[1.195s] -- Looking for gz-transport13 -- found version 13.4.1
[1.196s] -- Looking for gz-rendering8 -- found version 8.2.2
[1.196s] -- Searching for dependencies of gz-rendering8
[1.196s] -- Looking for gz-math7 -- found version 7.5.2
[1.197s] -- Searching for dependencies of gz-math7
[1.197s] -- Looking for gz-utils2 -- found version 2.2.1
[1.197s] -- Searching for <gz-math7> component [eigen3]
[1.198s] -- Looking for gz-math7-eigen3 -- found version 7.5.2
[1.198s] -- Searching for dependencies of gz-math7-eigen3
[1.200s] -- Looking for gz-common5 -- found version 5.7.1
[1.200s] -- Searching for dependencies of gz-common5
[1.200s] -- Looking for gz-utils2 -- found version 2.2.1
[1.201s] -- Looking for dlfcn.h - found
[1.201s] -- Looking for libdl - found
[1.209s] -- Searching for <gz-common5> component [graphics]
[1.209s] -- Searching for <gz-common5> component [events]
[1.209s] -- Searching for <gz-common5> component [geospatial]
[1.210s] -- Looking for gz-common5-geospatial -- found version 5.7.1
[1.210s] -- Searching for dependencies of gz-common5-geospatial
[1.210s] -- Looking for gz-math7 -- found version 7.5.2
[1.211s] -- Looking for gz-common5 -- found version 5.7.1
[1.212s] -- Looking for gz-plugin2 -- found version 2.0.4
[1.212s] -- Searching for dependencies of gz-plugin2
[1.213s] -- Looking for gz-utils2 -- found version 2.2.1
[1.213s] -- Searching for <gz-plugin2> component [all]
[1.213s] -- Looking for all libraries of gz-plugin2 -- found version 2.0.4
[1.214s] -- Looking for gz-plugin2 -- found version 2.0.4
[1.215s] -- Looking for gz-utils2 -- found version 2.2.1
[1.219s] -- Looking for gz-msgs10 -- found version 10.3.2
[1.240s] -- Looking for gz-physics7 -- found version 7.5.0
[1.240s] -- Searching for dependencies of gz-physics7
[1.240s] -- Looking for gz-common5 -- found version 5.7.1
[1.241s] -- Looking for gz-math7 -- found version 7.5.2
[1.241s] -- Looking for gz-plugin2 -- found version 2.0.4
[1.242s] -- Looking for gz-utils2 -- found version 2.2.1
[1.243s] -- Searching for <gz-physics7> component [heightmap]
[1.244s] -- Looking for gz-physics7-heightmap -- found version 7.5.0
[1.244s] -- Searching for dependencies of gz-physics7-heightmap
[1.244s] -- Looking for gz-common5 -- found version 5.7.1
[1.245s] -- Searching for <gz-physics7> component [mesh]
[1.245s] -- Looking for gz-physics7-mesh -- found version 7.5.0
[1.245s] -- Searching for dependencies of gz-physics7-mesh
[1.246s] -- Looking for gz-common5 -- found version 5.7.1
[1.246s] -- Searching for <gz-physics7> component [sdf]
[1.247s] -- Looking for gz-physics7-sdf -- found version 7.5.0
[1.247s] -- Searching for dependencies of gz-physics7-sdf
[1.248s] -- Looking for sdformat14 -- found version 14.8.0
[1.249s] -- Looking for gz-sensors8 -- found version 8.2.2
[1.249s] -- Searching for dependencies of gz-sensors8
[1.276s] -- Looking for gz-math7 -- found version 7.5.2
[1.277s] -- Looking for gz-common5 -- found version 5.7.1
[1.277s] -- Looking for gz-transport13 -- found version 13.4.1
[1.278s] -- Looking for gz-rendering8 -- found version 8.2.2
[1.278s] -- Looking for gz-msgs10 -- found version 10.3.2
[1.279s] -- Looking for sdformat14 -- found version 14.8.0
[1.279s] -- Searching for <gz-sensors8> component [air_pressure]
[1.280s] -- Looking for gz-sensors8-air_pressure -- found version 8.2.2
[1.280s] -- Searching for dependencies of gz-sensors8-air_pressure
[1.281s] -- Searching for <gz-sensors8> component [air_speed]
[1.281s] -- Looking for gz-sensors8-air_speed -- found version 8.2.2
[1.281s] -- Searching for dependencies of gz-sensors8-air_speed
[1.282s] -- Searching for <gz-sensors8> component [altimeter]
[1.282s] -- Looking for gz-sensors8-altimeter -- found version 8.2.2
[1.282s] -- Searching for dependencies of gz-sensors8-altimeter
[1.283s] -- Searching for <gz-sensors8> component [imu]
[1.283s] -- Looking for gz-sensors8-imu -- found version 8.2.2
[1.284s] -- Searching for dependencies of gz-sensors8-imu
[1.284s] -- Searching for <gz-sensors8> component [force_torque]
[1.285s] -- Looking for gz-sensors8-force_torque -- found version 8.2.2
[1.285s] -- Searching for dependencies of gz-sensors8-force_torque
[1.285s] -- Searching for <gz-sensors8> component [logical_camera]
[1.286s] -- Looking for gz-sensors8-logical_camera -- found version 8.2.2
[1.286s] -- Searching for dependencies of gz-sensors8-logical_camera
[1.287s] -- Searching for <gz-sensors8> component [magnetometer]
[1.287s] -- Looking for gz-sensors8-magnetometer -- found version 8.2.2
[1.287s] -- Searching for dependencies of gz-sensors8-magnetometer
[1.288s] -- Searching for <gz-sensors8> component [navsat]
[1.288s] -- Looking for gz-sensors8-navsat -- found version 8.2.2
[1.289s] -- Searching for dependencies of gz-sensors8-navsat
[1.289s] -- Searching for <gz-sensors8> component [dvl]
[1.290s] -- Looking for gz-sensors8-dvl -- found version 8.2.2
[1.290s] -- Searching for dependencies of gz-sensors8-dvl
[1.290s] -- Looking for gz-sensors8 -- found version 8.2.2
[1.291s] -- Searching for dependencies of gz-sensors8
[1.318s] -- Looking for gz-math7 -- found version 7.5.2
[1.318s] -- Looking for gz-common5 -- found version 5.7.1
[1.319s] -- Looking for gz-transport13 -- found version 13.4.1
[1.319s] -- Looking for gz-rendering8 -- found version 8.2.2
[1.320s] -- Looking for gz-msgs10 -- found version 10.3.2
[1.320s] -- Looking for sdformat14 -- found version 14.8.0
[1.321s] -- Searching for <gz-sensors8> component [rendering]
[1.321s] -- Looking for gz-sensors8-rendering -- found version 8.2.2
[1.321s] -- Searching for dependencies of gz-sensors8-rendering
[1.323s] -- Searching for <gz-sensors8> component [rendering]
[1.323s] -- Searching for <gz-sensors8> component [lidar]
[1.323s] -- Looking for gz-sensors8-lidar -- found version 8.2.2
[1.323s] -- Searching for dependencies of gz-sensors8-lidar
[1.324s] -- Looking for gz-sensors8 -- found version 8.2.2
[1.324s] -- Searching for <gz-sensors8> component [gpu_lidar]
[1.325s] -- Looking for gz-sensors8-gpu_lidar -- found version 8.2.2
[1.325s] -- Searching for dependencies of gz-sensors8-gpu_lidar
[1.326s] -- Looking for gz-sensors8 -- found version 8.2.2
[1.326s] -- Searching for <gz-sensors8> component [camera]
[1.327s] -- Looking for gz-sensors8-camera -- found version 8.2.2
[1.327s] -- Searching for dependencies of gz-sensors8-camera
[1.327s] -- Looking for gz-sensors8 -- found version 8.2.2
[1.328s] -- Searching for <gz-sensors8> component [boundingbox_camera]
[1.329s] -- Looking for gz-sensors8-boundingbox_camera -- found version 8.2.2
[1.329s] -- Searching for dependencies of gz-sensors8-boundingbox_camera
[1.329s] -- Searching for <gz-sensors8> component [segmentation_camera]
[1.330s] -- Looking for gz-sensors8-segmentation_camera -- found version 8.2.2
[1.330s] -- Searching for dependencies of gz-sensors8-segmentation_camera
[1.331s] -- Searching for <gz-sensors8> component [depth_camera]
[1.331s] -- Looking for gz-sensors8-depth_camera -- found version 8.2.2
[1.331s] -- Searching for dependencies of gz-sensors8-depth_camera
[1.332s] -- Looking for gz-sensors8 -- found version 8.2.2
[1.333s] -- Searching for <gz-sensors8> component [rgbd_camera]
[1.333s] -- Looking for gz-sensors8-rgbd_camera -- found version 8.2.2
[1.333s] -- Searching for dependencies of gz-sensors8-rgbd_camera
[1.334s] -- Looking for gz-sensors8 -- found version 8.2.2
[1.334s] -- Searching for <gz-sensors8> component [thermal_camera]
[1.335s] -- Looking for gz-sensors8-thermal_camera -- found version 8.2.2
[1.335s] -- Searching for dependencies of gz-sensors8-thermal_camera
[1.336s] -- Looking for gz-sensors8 -- found version 8.2.2
[1.336s] -- Searching for <gz-sensors8> component [wide_angle_camera]
[1.337s] -- Looking for gz-sensors8-wide_angle_camera -- found version 8.2.2
[1.337s] -- Searching for dependencies of gz-sensors8-wide_angle_camera
[1.338s] -- Looking for gz-rendering8 -- found version 8.2.2
[1.339s] -- Looking for gz-math7 -- found version 7.5.2
[1.339s] -- Looking for gz-utils2 -- found version 2.2.1
[1.367s] -- Found rclcpp: 28.1.12 (/opt/ros/jazzy/share/rclcpp/cmake)
[1.396s] -- Found rosidl_generator_c: 4.6.6 (/opt/ros/jazzy/share/rosidl_generator_c/cmake)
[1.408s] -- Found rosidl_generator_cpp: 4.6.6 (/opt/ros/jazzy/share/rosidl_generator_cpp/cmake)
[1.424s] -- Using all available rosidl_typesupport_c: rosidl_typesupport_fastrtps_c;rosidl_typesupport_introspection_c
[1.443s] -- Using all available rosidl_typesupport_cpp: rosidl_typesupport_fastrtps_cpp;rosidl_typesupport_introspection_cpp
[1.525s] -- Found rmw_implementation_cmake: 7.3.2 (/opt/ros/jazzy/share/rmw_implementation_cmake/cmake)
[1.527s] -- Found rmw_fastrtps_cpp: 8.4.3 (/opt/ros/jazzy/share/rmw_fastrtps_cpp/cmake)
[1.609s] -- Using RMW implementation 'rmw_fastrtps_cpp' as default
[1.688s] -- Looking for gz-plugin2 -- found version 2.0.4
[1.688s] -- Found ament_lint_auto: 0.17.3 (/opt/ros/jazzy/share/ament_lint_auto/cmake)
[1.781s] -- Added test 'cppcheck' to perform static code analysis on C / C++ code
[1.781s] -- Configured cppcheck include dirs: 
[1.781s] -- Configured cppcheck exclude dirs and/or files: 
[1.781s] -- Added test 'lint_cmake' to check CMake code style
[1.782s] -- Added test 'uncrustify' to check C / C++ code style
[1.782s] -- Configured uncrustify additional arguments: 
[1.783s] -- Added test 'xmllint' to check XML markup files
[1.783s] -- Configuring done (1.8s)
[1.808s] -- Generating done (0.0s)
[1.814s] -- Build files have been written to: /home/jmendes/drone_ws/build/drone_gazebo_plugins
[1.864s] [ 50%] [32mBuilding CXX object CMakeFiles/TeensyEmulator.dir/src/TeensyEmulator.cpp.o[0m
[4.524s] [01m[K/home/jmendes/drone_ws/src/drone_gazebo_plugins/src/TeensyEmulator.cpp:[m[K In member function ‘[01m[Kvirtual void DroneTeensyEmulator::TeensyEmulator::[01;32m[KConfigure[m[K(const gz::sim::v8::Entity&, const std::shared_ptr<const sdf::v14::Element>&, gz::sim::v8::EntityComponentManager&, gz::sim::v8::EventManager&)[m[K’:
[4.525s] [01m[K/home/jmendes/drone_ws/src/drone_gazebo_plugins/src/TeensyEmulator.cpp:18:86:[m[K [01;35m[Kwarning: [m[Kunused parameter ‘[01m[Kecm[m[K’ [[01;35m[K-Wunused-parameter[m[K]
[4.525s]    18 |     std::shared_ptr<sdf::Element const> const& sdf, [01;35m[Kgz::sim::EntityComponentManager& ecm[m[K,
[4.525s]       |                                                     [01;35m[K~~~~~~~~~~~~~~~~~~~~~~~~~~~~~~~~~^~~[m[K
[4.525s] [01m[K/home/jmendes/drone_ws/src/drone_gazebo_plugins/src/TeensyEmulator.cpp:19:28:[m[K [01;35m[Kwarning: [m[Kunused parameter ‘[01m[KeventMgr[m[K’ [[01;35m[K-Wunused-parameter[m[K]
[4.525s]    19 |     [01;35m[Kgz::sim::EventManager& eventMgr[m[K)
[4.525s]       |     [01;35m[K~~~~~~~~~~~~~~~~~~~~~~~^~~~~~~~[m[K
[4.528s] [01m[K/home/jmendes/drone_ws/src/drone_gazebo_plugins/src/TeensyEmulator.cpp:[m[K In member function ‘[01m[Kvirtual void DroneTeensyEmulator::TeensyEmulator::[01;32m[KPreUpdate[m[K(const gz::sim::v8::UpdateInfo&, gz::sim::v8::EntityComponentManager&)[m[K’:
[4.528s] [01m[K/home/jmendes/drone_ws/src/drone_gazebo_plugins/src/TeensyEmulator.cpp:31:80:[m[K [01;35m[Kwarning: [m[Kunused parameter ‘[01m[K_info[m[K’ [[01;35m[K-Wunused-parameter[m[K]
[4.528s]    31 | void DroneTeensyEmulator::TeensyEmulator::PreUpdate([01;35m[Kconst gz::sim::UpdateInfo& _info[m[K,
[4.528s]       |                                                     [01;35m[K~~~~~~~~~~~~~~~~~~~~~~~~~~~^~~~~[m[K
[4.528s] [01m[K/home/jmendes/drone_ws/src/drone_gazebo_plugins/src/TeensyEmulator.cpp:32:38:[m[K [01;35m[Kwarning: [m[Kunused parameter ‘[01m[K_ecm[m[K’ [[01;35m[K-Wunused-parameter[m[K]
[4.528s]    32 |     [01;35m[Kgz::sim::EntityComponentManager& _ecm[m[K)
[4.528s]       |     [01;35m[K~~~~~~~~~~~~~~~~~~~~~~~~~~~~~~~~~^~~~[m[K
[4.528s] [01m[K/home/jmendes/drone_ws/src/drone_gazebo_plugins/src/TeensyEmulator.cpp:[m[K In member function ‘[01m[Kvirtual void DroneTeensyEmulator::TeensyEmulator::[01;32m[KPostUpdate[m[K(const gz::sim::v8::UpdateInfo&, const gz::sim::v8::EntityComponentManager&)[m[K’:
[4.528s] [01m[K/home/jmendes/drone_ws/src/drone_gazebo_plugins/src/TeensyEmulator.cpp:36:81:[m[K [01;35m[Kwarning: [m[Kunused parameter ‘[01m[K_info[m[K’ [[01;35m[K-Wunused-parameter[m[K]
[4.528s]    36 | void DroneTeensyEmulator::TeensyEmulator::PostUpdate([01;35m[Kconst gz::sim::UpdateInfo& _info[m[K,
[4.528s]       |                                                      [01;35m[K~~~~~~~~~~~~~~~~~~~~~~~~~~~^~~~~[m[K
[4.528s] [01m[K/home/jmendes/drone_ws/src/drone_gazebo_plugins/src/TeensyEmulator.cpp:37:44:[m[K [01;35m[Kwarning: [m[Kunused parameter ‘[01m[K_ecm[m[K’ [[01;35m[K-Wunused-parameter[m[K]
[4.528s]    37 |     [01;35m[Kconst gz::sim::EntityComponentManager& _ecm[m[K)
[4.529s]       |     [01;35m[K~~~~~~~~~~~~~~~~~~~~~~~~~~~~~~~~~~~~~~~^~~~[m[K
[6.097s] [100%] [32m[1mLinking CXX shared library libTeensyEmulator.so[0m
[6.299s] [100%] Built target TeensyEmulator
[6.308s] Invoked command in '/home/jmendes/drone_ws/build/drone_gazebo_plugins' returned '0': CMAKE_PREFIX_PATH=${CMAKE_PREFIX_PATH}:/opt/ros/jazzy /usr/bin/cmake --build /home/jmendes/drone_ws/build/drone_gazebo_plugins -- -j8 -l8
[6.309s] Invoking command in '/home/jmendes/drone_ws/build/drone_gazebo_plugins': CMAKE_PREFIX_PATH=${CMAKE_PREFIX_PATH}:/opt/ros/jazzy /usr/bin/cmake --install /home/jmendes/drone_ws/build/drone_gazebo_plugins
[6.315s] -- Install configuration: ""
[6.315s] -- Installing: /home/jmendes/drone_ws/install/drone_gazebo_plugins/lib/libTeensyEmulator.so
[6.316s] -- Set non-toolchain portion of runtime path of "/home/jmendes/drone_ws/install/drone_gazebo_plugins/lib/libTeensyEmulator.so" to ""
[6.316s] -- Up-to-date: /home/jmendes/drone_ws/install/drone_gazebo_plugins/share/ament_index/resource_index/package_run_dependencies/drone_gazebo_plugins
[6.316s] -- Installing: /home/jmendes/drone_ws/install/drone_gazebo_plugins/share/ament_index/resource_index/parent_prefix_path/drone_gazebo_plugins
[6.316s] -- Up-to-date: /home/jmendes/drone_ws/install/drone_gazebo_plugins/share/drone_gazebo_plugins/environment/ament_prefix_path.sh
[6.317s] -- Up-to-date: /home/jmendes/drone_ws/install/drone_gazebo_plugins/share/drone_gazebo_plugins/environment/ament_prefix_path.dsv
[6.317s] -- Up-to-date: /home/jmendes/drone_ws/install/drone_gazebo_plugins/share/drone_gazebo_plugins/environment/path.sh
[6.317s] -- Up-to-date: /home/jmendes/drone_ws/install/drone_gazebo_plugins/share/drone_gazebo_plugins/environment/path.dsv
[6.317s] -- Up-to-date: /home/jmendes/drone_ws/install/drone_gazebo_plugins/share/drone_gazebo_plugins/local_setup.bash
[6.317s] -- Up-to-date: /home/jmendes/drone_ws/install/drone_gazebo_plugins/share/drone_gazebo_plugins/local_setup.sh
[6.317s] -- Up-to-date: /home/jmendes/drone_ws/install/drone_gazebo_plugins/share/drone_gazebo_plugins/local_setup.zsh
[6.317s] -- Up-to-date: /home/jmendes/drone_ws/install/drone_gazebo_plugins/share/drone_gazebo_plugins/local_setup.dsv
[6.317s] -- Installing: /home/jmendes/drone_ws/install/drone_gazebo_plugins/share/drone_gazebo_plugins/package.dsv
[6.317s] -- Up-to-date: /home/jmendes/drone_ws/install/drone_gazebo_plugins/share/ament_index/resource_index/packages/drone_gazebo_plugins
[6.317s] -- Up-to-date: /home/jmendes/drone_ws/install/drone_gazebo_plugins/share/drone_gazebo_plugins/cmake/drone_gazebo_pluginsConfig.cmake
[6.317s] -- Up-to-date: /home/jmendes/drone_ws/install/drone_gazebo_plugins/share/drone_gazebo_plugins/cmake/drone_gazebo_pluginsConfig-version.cmake
[6.317s] -- Up-to-date: /home/jmendes/drone_ws/install/drone_gazebo_plugins/share/drone_gazebo_plugins/package.xml
[6.319s] Invoked command in '/home/jmendes/drone_ws/build/drone_gazebo_plugins' returned '0': CMAKE_PREFIX_PATH=${CMAKE_PREFIX_PATH}:/opt/ros/jazzy /usr/bin/cmake --install /home/jmendes/drone_ws/build/drone_gazebo_plugins
