[0.012s] Invoking command in '/home/jmendes/drone_ws/build/drone_gazebo_plugins': CMAKE_PREFIX_PATH=${CMAKE_PREFIX_PATH}:/opt/ros/jazzy /usr/bin/cmake --build /home/jmendes/drone_ws/build/drone_gazebo_plugins -- -j8 -l8
[0.038s] -- Found ament_cmake: 2.5.4 (/opt/ros/jazzy/share/ament_cmake/cmake)
[0.215s] -- Looking for gz-common5 -- found version 5.7.1
[0.221s] -- Searching for dependencies of gz-common5
[0.221s] -- Looking for gz-utils2 -- found version 2.2.1
[0.221s] -- Searching for dependencies of gz-utils2
[0.222s] -- Looking for dlfcn.h - found
[0.222s] -- Looking for libdl - found
[0.229s] -- Checking for module 'uuid'
[0.239s] --   Found uuid, version 2.39.3
[0.260s] -- Looking for gz-msgs10 -- found version 10.3.2
[0.260s] -- Searching for dependencies of gz-msgs10
[0.281s] -- Looking for gz-utils2 -- found version 2.2.1
[0.281s] -- Looking for gz-math7 -- found version 7.5.2
[0.281s] -- Searching for dependencies of gz-math7
[0.281s] -- Looking for gz-utils2 -- found version 2.2.1
[0.285s] -- Checking for module 'tinyxml2'
[0.295s] --   Found tinyxml2, version 10.0.0
[0.317s] -- Looking for gz-transport13 -- found version 13.4.1
[0.317s] -- Searching for dependencies of gz-transport13
[0.348s] -- Config-file not installed for ZeroMQ -- checking for pkg-config
[0.352s] -- Checking for module 'libzmq >= 4'
[0.362s] --   Found libzmq, version 4.3.5
[0.395s] -- Looking for gz-utils2 -- found version 2.2.1
[0.395s] -- Searching for dependencies of gz-utils2
[0.395s] -- Searching for <gz-utils2> component [cli]
[0.395s] -- Looking for gz-utils2-cli -- found version 2.2.1
[0.395s] -- Searching for dependencies of gz-utils2-cli
[0.396s] -- Looking for gz-msgs10 -- found version 10.3.2
[0.397s] -- Looking for gz-sim8 -- found version 8.9.0
[0.397s] -- Searching for dependencies of gz-sim8
[0.397s] -- Looking for sdformat14 -- found version 14.8.0
[0.397s] -- Searching for dependencies of sdformat14
[0.401s] -- Looking for gz-math7 -- found version 7.5.2
[0.401s] -- Looking for gz-utils2 -- found version 2.2.1
[0.402s] -- Looking for gz-plugin2 -- found version 2.0.4
[0.402s] -- Searching for dependencies of gz-plugin2
[0.402s] -- Looking for gz-utils2 -- found version 2.2.1
[0.403s] -- Searching for <gz-plugin2> component [loader]
[0.403s] -- Looking for gz-plugin2-loader -- found version 2.0.4
[0.403s] -- Searching for dependencies of gz-plugin2-loader
[0.404s] -- Searching for <gz-plugin2> component [register]
[0.404s] -- Looking for gz-plugin2-register -- found version 2.0.4
[0.404s] -- Searching for dependencies of gz-plugin2-register
[0.405s] -- Looking for gz-transport13 -- found version 13.4.1
[0.405s] -- Searching for dependencies of gz-transport13
[0.436s] -- Config-file not installed for ZeroMQ -- checking for pkg-config
[0.439s] -- Checking for module 'libzmq >= 4'
[0.450s] --   Found libzmq, version 4.3.5
[0.484s] -- Looking for gz-utils2 -- found version 2.2.1
[0.484s] -- Looking for gz-msgs10 -- found version 10.3.2
[0.484s] -- Searching for <gz-transport13> component [log]
[0.485s] -- Looking for gz-transport13-log -- found version 13.4.1
[0.485s] -- Searching for dependencies of gz-transport13-log
[0.485s] -- Searching for <gz-transport13> component [parameters]
[0.486s] -- Looking for gz-transport13-parameters -- found version 13.4.1
[0.486s] -- Searching for dependencies of gz-transport13-parameters
[0.487s] -- Looking for gz-msgs10 -- found version 10.3.2
[0.487s] -- Looking for gz-common5 -- found version 5.7.1
[0.487s] -- Searching for dependencies of gz-common5
[0.487s] -- Looking for gz-utils2 -- found version 2.2.1
[0.488s] -- Looking for dlfcn.h - found
[0.488s] -- Looking for libdl - found
[0.493s] -- Searching for <gz-common5> component [av]
[0.493s] -- Looking for gz-common5-av -- found version 5.7.1
[0.494s] -- Searching for dependencies of gz-common5-av
[0.498s] -- Checking for module 'libswscale'
[0.508s] --   Found libswscale, version 7.5.100
[0.534s] -- Checking for module 'libavdevice >= 56.4.100'
[0.545s] --   Found libavdevice, version 60.3.100
[0.580s] -- Checking for module 'libavformat'
[0.590s] --   Found libavformat, version 60.16.100
[0.619s] -- Checking for module 'libavcodec'
[0.629s] --   Found libavcodec, version 60.31.102
[0.656s] -- Checking for module 'libavutil'
[0.667s] --   Found libavutil, version 58.29.100
[0.689s] -- Searching for <gz-common5> component [events]
[0.689s] -- Looking for gz-common5-events -- found version 5.7.1
[0.689s] -- Searching for dependencies of gz-common5-events
[0.690s] -- Looking for gz-math7 -- found version 7.5.2
[0.690s] -- Searching for <gz-common5> component [graphics]
[0.690s] -- Looking for gz-common5-graphics -- found version 5.7.1
[0.691s] -- Searching for dependencies of gz-common5-graphics
[0.691s] -- Looking for gz-math7 -- found version 7.5.2
[0.693s] -- Searching for <gz-common5> component [io]
[0.693s] -- Looking for gz-common5-io -- found version 5.7.1
[0.693s] -- Searching for dependencies of gz-common5-io
[0.693s] -- Searching for <gz-common5> component [profiler]
[0.694s] -- Looking for gz-common5-profiler -- found version 5.7.1
[0.694s] -- Searching for dependencies of gz-common5-profiler
[0.695s] -- Looking for gz-fuel_tools9 -- found version 9.1.1
[0.695s] -- Searching for dependencies of gz-fuel_tools9
[0.734s] -- Checking for module 'jsoncpp'
[0.744s] --   Found jsoncpp, version 1.9.5
[0.782s] -- Checking for module 'yaml-0.1'
[0.793s] --   Found yaml-0.1, version 0.2.5
[0.819s] -- Checking for module 'libzip'
[0.830s] --   Found libzip, version 1.7.3
[0.852s] -- Looking for gz-utils2 -- found version 2.2.1
[0.852s] -- Looking for gz-common5 -- found version 5.7.1
[0.852s] -- Searching for dependencies of gz-common5
[0.852s] -- Looking for gz-utils2 -- found version 2.2.1
[0.853s] -- Looking for dlfcn.h - found
[0.853s] -- Looking for libdl - found
[0.858s] -- Searching for <gz-common5> component [testing]
[0.858s] -- Looking for gz-common5-testing -- found version 5.7.1
[0.858s] -- Searching for dependencies of gz-common5-testing
[0.859s] -- Looking for gz-math7 -- found version 7.5.2
[0.860s] -- Looking for gz-msgs10 -- found version 10.3.2
[0.860s] -- Looking for gz-gui8 -- found version 8.4.0
[0.860s] -- Searching for dependencies of gz-gui8
[0.884s] -- Looking for gz-utils2 -- found version 2.2.1
[0.884s] -- Looking for gz-math7 -- found version 7.5.2
[0.885s] -- Looking for gz-common5 -- found version 5.7.1
[0.885s] -- Looking for gz-plugin2 -- found version 2.0.4
[0.885s] -- Looking for gz-transport13 -- found version 13.4.1
[0.886s] -- Looking for gz-rendering8 -- found version 8.2.2
[0.886s] -- Searching for dependencies of gz-rendering8
[0.886s] -- Looking for gz-math7 -- found version 7.5.2
[0.886s] -- Searching for dependencies of gz-math7
[0.886s] -- Looking for gz-utils2 -- found version 2.2.1
[0.887s] -- Searching for <gz-math7> component [eigen3]
[0.887s] -- Looking for gz-math7-eigen3 -- found version 7.5.2
[0.887s] -- Searching for dependencies of gz-math7-eigen3
[0.888s] -- Looking for gz-common5 -- found version 5.7.1
[0.888s] -- Searching for dependencies of gz-common5
[0.888s] -- Looking for gz-utils2 -- found version 2.2.1
[0.889s] -- Looking for dlfcn.h - found
[0.889s] -- Looking for libdl - found
[0.894s] -- Searching for <gz-common5> component [graphics]
[0.894s] -- Searching for <gz-common5> component [events]
[0.894s] -- Searching for <gz-common5> component [geospatial]
[0.895s] -- Looking for gz-common5-geospatial -- found version 5.7.1
[0.895s] -- Searching for dependencies of gz-common5-geospatial
[0.895s] -- Looking for gz-math7 -- found version 7.5.2
[0.895s] -- Looking for gz-common5 -- found version 5.7.1
[0.896s] -- Looking for gz-plugin2 -- found version 2.0.4
[0.896s] -- Searching for dependencies of gz-plugin2
[0.896s] -- Looking for gz-utils2 -- found version 2.2.1
[0.897s] -- Searching for <gz-plugin2> component [all]
[0.897s] -- Looking for all libraries of gz-plugin2 -- found version 2.0.4
[0.897s] -- Looking for gz-plugin2 -- found version 2.0.4
[0.898s] -- Looking for gz-utils2 -- found version 2.2.1
[0.908s] -- Looking for gz-msgs10 -- found version 10.3.2
[0.921s] -- Looking for gz-physics7 -- found version 7.5.0
[0.921s] -- Searching for dependencies of gz-physics7
[0.921s] -- Looking for gz-common5 -- found version 5.7.1
[0.922s] -- Looking for gz-math7 -- found version 7.5.2
[0.922s] -- Looking for gz-plugin2 -- found version 2.0.4
[0.922s] -- Looking for gz-utils2 -- found version 2.2.1
[0.923s] -- Searching for <gz-physics7> component [heightmap]
[0.923s] -- Looking for gz-physics7-heightmap -- found version 7.5.0
[0.924s] -- Searching for dependencies of gz-physics7-heightmap
[0.924s] -- Looking for gz-common5 -- found version 5.7.1
[0.924s] -- Searching for <gz-physics7> component [mesh]
[0.925s] -- Looking for gz-physics7-mesh -- found version 7.5.0
[0.925s] -- Searching for dependencies of gz-physics7-mesh
[0.925s] -- Looking for gz-common5 -- found version 5.7.1
[0.925s] -- Searching for <gz-physics7> component [sdf]
[0.926s] -- Looking for gz-physics7-sdf -- found version 7.5.0
[0.926s] -- Searching for dependencies of gz-physics7-sdf
[0.926s] -- Looking for sdformat14 -- found version 14.8.0
[0.927s] -- Looking for gz-sensors8 -- found version 8.2.2
[0.927s] -- Searching for dependencies of gz-sensors8
[0.946s] -- Looking for gz-math7 -- found version 7.5.2
[0.947s] -- Looking for gz-common5 -- found version 5.7.1
[0.947s] -- Looking for gz-transport13 -- found version 13.4.1
[0.947s] -- Looking for gz-rendering8 -- found version 8.2.2
[0.947s] -- Looking for gz-msgs10 -- found version 10.3.2
[0.948s] -- Looking for sdformat14 -- found version 14.8.0
[0.948s] -- Searching for <gz-sensors8> component [air_pressure]
[0.948s] -- Looking for gz-sensors8-air_pressure -- found version 8.2.2
[0.949s] -- Searching for dependencies of gz-sensors8-air_pressure
[0.949s] -- Searching for <gz-sensors8> component [air_speed]
[0.949s] -- Looking for gz-sensors8-air_speed -- found version 8.2.2
[0.950s] -- Searching for dependencies of gz-sensors8-air_speed
[0.950s] -- Searching for <gz-sensors8> component [altimeter]
[0.950s] -- Looking for gz-sensors8-altimeter -- found version 8.2.2
[0.950s] -- Searching for dependencies of gz-sensors8-altimeter
[0.951s] -- Searching for <gz-sensors8> component [imu]
[0.951s] -- Looking for gz-sensors8-imu -- found version 8.2.2
[0.951s] -- Searching for dependencies of gz-sensors8-imu
[0.951s] -- Searching for <gz-sensors8> component [force_torque]
[0.952s] -- Looking for gz-sensors8-force_torque -- found version 8.2.2
[0.952s] -- Searching for dependencies of gz-sensors8-force_torque
[0.952s] -- Searching for <gz-sensors8> component [logical_camera]
[0.952s] -- Looking for gz-sensors8-logical_camera -- found version 8.2.2
[0.953s] -- Searching for dependencies of gz-sensors8-logical_camera
[0.953s] -- Searching for <gz-sensors8> component [magnetometer]
[0.953s] -- Looking for gz-sensors8-magnetometer -- found version 8.2.2
[0.953s] -- Searching for dependencies of gz-sensors8-magnetometer
[0.954s] -- Searching for <gz-sensors8> component [navsat]
[0.954s] -- Looking for gz-sensors8-navsat -- found version 8.2.2
[0.954s] -- Searching for dependencies of gz-sensors8-navsat
[0.954s] -- Searching for <gz-sensors8> component [dvl]
[0.955s] -- Looking for gz-sensors8-dvl -- found version 8.2.2
[0.955s] -- Searching for dependencies of gz-sensors8-dvl
[0.955s] -- Looking for gz-sensors8 -- found version 8.2.2
[0.955s] -- Searching for dependencies of gz-sensors8
[0.975s] -- Looking for gz-math7 -- found version 7.5.2
[0.975s] -- Looking for gz-common5 -- found version 5.7.1
[0.975s] -- Looking for gz-transport13 -- found version 13.4.1
[0.975s] -- Looking for gz-rendering8 -- found version 8.2.2
[0.976s] -- Looking for gz-msgs10 -- found version 10.3.2
[0.976s] -- Looking for sdformat14 -- found version 14.8.0
[0.976s] -- Searching for <gz-sensors8> component [rendering]
[0.977s] -- Looking for gz-sensors8-rendering -- found version 8.2.2
[0.977s] -- Searching for dependencies of gz-sensors8-rendering
[0.978s] -- Searching for <gz-sensors8> component [rendering]
[0.978s] -- Searching for <gz-sensors8> component [lidar]
[0.978s] -- Looking for gz-sensors8-lidar -- found version 8.2.2
[0.978s] -- Searching for dependencies of gz-sensors8-lidar
[0.979s] -- Looking for gz-sensors8 -- found version 8.2.2
[0.979s] -- Searching for <gz-sensors8> component [gpu_lidar]
[0.979s] -- Looking for gz-sensors8-gpu_lidar -- found version 8.2.2
[0.980s] -- Searching for dependencies of gz-sensors8-gpu_lidar
[0.980s] -- Looking for gz-sensors8 -- found version 8.2.2
[0.980s] -- Searching for <gz-sensors8> component [camera]
[0.981s] -- Looking for gz-sensors8-camera -- found version 8.2.2
[0.981s] -- Searching for dependencies of gz-sensors8-camera
[0.981s] -- Looking for gz-sensors8 -- found version 8.2.2
[0.981s] -- Searching for <gz-sensors8> component [boundingbox_camera]
[0.982s] -- Looking for gz-sensors8-boundingbox_camera -- found version 8.2.2
[0.982s] -- Searching for dependencies of gz-sensors8-boundingbox_camera
[0.982s] -- Searching for <gz-sensors8> component [segmentation_camera]
[0.982s] -- Looking for gz-sensors8-segmentation_camera -- found version 8.2.2
[0.983s] -- Searching for dependencies of gz-sensors8-segmentation_camera
[0.983s] -- Searching for <gz-sensors8> component [depth_camera]
[0.983s] -- Looking for gz-sensors8-depth_camera -- found version 8.2.2
[0.983s] -- Searching for dependencies of gz-sensors8-depth_camera
[0.984s] -- Looking for gz-sensors8 -- found version 8.2.2
[0.984s] -- Searching for <gz-sensors8> component [rgbd_camera]
[0.984s] -- Looking for gz-sensors8-rgbd_camera -- found version 8.2.2
[0.984s] -- Searching for dependencies of gz-sensors8-rgbd_camera
[0.985s] -- Looking for gz-sensors8 -- found version 8.2.2
[0.985s] -- Searching for <gz-sensors8> component [thermal_camera]
[0.985s] -- Looking for gz-sensors8-thermal_camera -- found version 8.2.2
[0.985s] -- Searching for dependencies of gz-sensors8-thermal_camera
[0.986s] -- Looking for gz-sensors8 -- found version 8.2.2
[0.986s] -- Searching for <gz-sensors8> component [wide_angle_camera]
[0.986s] -- Looking for gz-sensors8-wide_angle_camera -- found version 8.2.2
[0.987s] -- Searching for dependencies of gz-sensors8-wide_angle_camera
[0.987s] -- Looking for gz-rendering8 -- found version 8.2.2
[0.988s] -- Looking for gz-math7 -- found version 7.5.2
[0.988s] -- Looking for gz-utils2 -- found version 2.2.1
[1.007s] -- Found rclcpp: 28.1.12 (/opt/ros/jazzy/share/rclcpp/cmake)
[1.025s] -- Found rosidl_generator_c: 4.6.6 (/opt/ros/jazzy/share/rosidl_generator_c/cmake)
[1.033s] -- Found rosidl_generator_cpp: 4.6.6 (/opt/ros/jazzy/share/rosidl_generator_cpp/cmake)
[1.042s] -- Using all available rosidl_typesupport_c: rosidl_typesupport_fastrtps_c;rosidl_typesupport_introspection_c
[1.054s] -- Using all available rosidl_typesupport_cpp: rosidl_typesupport_fastrtps_cpp;rosidl_typesupport_introspection_cpp
[1.104s] -- Found rmw_implementation_cmake: 7.3.2 (/opt/ros/jazzy/share/rmw_implementation_cmake/cmake)
[1.105s] -- Found rmw_fastrtps_cpp: 8.4.3 (/opt/ros/jazzy/share/rmw_fastrtps_cpp/cmake)
[1.157s] -- Using RMW implementation 'rmw_fastrtps_cpp' as default
[1.210s] -- Looking for gz-plugin2 -- found version 2.0.4
[1.210s] -- Found ament_lint_auto: 0.17.3 (/opt/ros/jazzy/share/ament_lint_auto/cmake)
[1.287s] -- Added test 'cppcheck' to perform static code analysis on C / C++ code
[1.287s] -- Configured cppcheck include dirs: 
[1.287s] -- Configured cppcheck exclude dirs and/or files: 
[1.288s] -- Added test 'lint_cmake' to check CMake code style
[1.289s] -- Added test 'uncrustify' to check C / C++ code style
[1.289s] -- Configured uncrustify additional arguments: 
[1.289s] -- Added test 'xmllint' to check XML markup files
[1.290s] -- Configuring done (1.3s)
[1.308s] -- Generating done (0.0s)
[1.312s] -- Build files have been written to: /home/jmendes/drone_ws/build/drone_gazebo_plugins
[1.372s] [ 50%] [32mBuilding CXX object CMakeFiles/TeensyEmulator.dir/src/TeensyEmulator.cpp.o[0m
[1.729s] In file included from [01m[K/home/jmendes/drone_ws/src/drone_gazebo_plugins/src/TeensyEmulator.cpp:2[m[K:
[1.729s] [01m[K/home/jmendes/drone_ws/src/drone_gazebo_plugins/src/TeensyEmulator.h:6:10:[m[K [01;31m[Kfatal error: [m[Kgz/common/Time.hh: No such file or directory
[1.729s]     6 | #include [01;31m[K<gz/common/Time.hh>[m[K
[1.729s]       |          [01;31m[K^~~~~~~~~~~~~~~~~~~[m[K
[1.730s] compilation terminated.
[1.734s] gmake[2]: *** [CMakeFiles/TeensyEmulator.dir/build.make:76: CMakeFiles/TeensyEmulator.dir/src/TeensyEmulator.cpp.o] Error 1
[1.734s] gmake[1]: *** [CMakeFiles/Makefile2:137: CMakeFiles/TeensyEmulator.dir/all] Error 2
[1.734s] gmake: *** [Makefile:146: all] Error 2
[1.738s] Invoked command in '/home/jmendes/drone_ws/build/drone_gazebo_plugins' returned '2': CMAKE_PREFIX_PATH=${CMAKE_PREFIX_PATH}:/opt/ros/jazzy /usr/bin/cmake --build /home/jmendes/drone_ws/build/drone_gazebo_plugins -- -j8 -l8
