[0.009s] Invoking command in '/home/jmendes/drone_ws/build/drone_gazebo_plugins': CMAKE_PREFIX_PATH=${CMAKE_PREFIX_PATH}:/opt/ros/jazzy /usr/bin/cmake /home/jmendes/drone_ws/src/drone_gazebo_plugins -DCMAKE_INSTALL_PREFIX=/home/jmendes/drone_ws/install/drone_gazebo_plugins
[0.047s] -- The C compiler identification is GNU 13.3.0
[0.088s] -- The CXX compiler identification is GNU 13.3.0
[0.100s] -- Detecting C compiler ABI info
[0.164s] -- Detecting C compiler ABI info - done
[0.176s] -- Check for working C compiler: /usr/bin/cc - skipped
[0.177s] -- Detecting C compile features
[0.177s] -- Detecting C compile features - done
[0.184s] -- Detecting CXX compiler ABI info
[0.255s] -- Detecting CXX compiler ABI info - done
[0.261s] -- Check for working CXX compiler: /usr/bin/c++ - skipped
[0.262s] -- Detecting CXX compile features
[0.262s] -- Detecting CXX compile features - done
[0.267s] -- Found ament_cmake: 2.5.4 (/opt/ros/jazzy/share/ament_cmake/cmake)
[0.389s] -- Found Python3: /usr/bin/python3 (found version "3.12.3") found components: Interpreter 
[0.514s] -- Looking for gz-msgs10 -- found version 10.3.2
[0.519s] -- Searching for dependencies of gz-msgs10
[0.614s] -- Found Protobuf: /usr/lib/x86_64-linux-gnu/libprotobuf.so (found version "3.21.12") 
[0.616s] -- Looking for gz-utils2 -- found version 2.2.1
[0.616s] -- Searching for dependencies of gz-utils2
[0.618s] -- Looking for gz-math7 -- found version 7.5.2
[0.618s] -- Searching for dependencies of gz-math7
[0.619s] -- Looking for gz-utils2 -- found version 2.2.1
[0.623s] -- Checking for module 'tinyxml2'
[0.633s] --   Found tinyxml2, version 10.0.0
[0.656s] -- Looking for gz-transport13 -- found version 13.4.1
[0.656s] -- Searching for dependencies of gz-transport13
[0.686s] -- Config-file not installed for ZeroMQ -- checking for pkg-config
[0.690s] -- Checking for module 'libzmq >= 4'
[0.699s] --   Found libzmq, version 4.3.5
[0.726s] -- Found ZeroMQ: TRUE (Required is at least version "4") 
[0.730s] -- Checking for module 'uuid'
[0.740s] --   Found uuid, version 2.39.3
[0.762s] -- Found UUID: TRUE  
[0.762s] -- Looking for gz-utils2 -- found version 2.2.1
[0.762s] -- Searching for dependencies of gz-utils2
[0.762s] -- Searching for <gz-utils2> component [cli]
[0.764s] -- Looking for gz-utils2-cli -- found version 2.2.1
[0.764s] -- Searching for dependencies of gz-utils2-cli
[0.765s] -- Looking for gz-msgs10 -- found version 10.3.2
[0.766s] -- Looking for gz-sim8 -- found version 8.9.0
[0.766s] -- Searching for dependencies of gz-sim8
[0.767s] -- Looking for sdformat14 -- found version 14.8.0
[0.767s] -- Searching for dependencies of sdformat14
[0.772s] -- Looking for gz-math7 -- found version 7.5.2
[0.772s] -- Looking for gz-utils2 -- found version 2.2.1
[0.774s] -- Looking for gz-plugin2 -- found version 2.0.4
[0.774s] -- Searching for dependencies of gz-plugin2
[0.774s] -- Looking for gz-utils2 -- found version 2.2.1
[0.775s] -- Searching for <gz-plugin2> component [loader]
[0.776s] -- Looking for gz-plugin2-loader -- found version 2.0.4
[0.776s] -- Searching for dependencies of gz-plugin2-loader
[0.777s] -- Searching for <gz-plugin2> component [register]
[0.778s] -- Looking for gz-plugin2-register -- found version 2.0.4
[0.778s] -- Searching for dependencies of gz-plugin2-register
[0.779s] -- Looking for gz-transport13 -- found version 13.4.1
[0.779s] -- Searching for dependencies of gz-transport13
[0.816s] -- Config-file not installed for ZeroMQ -- checking for pkg-config
[0.820s] -- Checking for module 'libzmq >= 4'
[0.831s] --   Found libzmq, version 4.3.5
[0.864s] -- Looking for gz-utils2 -- found version 2.2.1
[0.864s] -- Looking for gz-msgs10 -- found version 10.3.2
[0.864s] -- Searching for <gz-transport13> component [log]
[0.865s] -- Looking for gz-transport13-log -- found version 13.4.1
[0.865s] -- Searching for dependencies of gz-transport13-log
[0.866s] -- Searching for <gz-transport13> component [parameters]
[0.867s] -- Looking for gz-transport13-parameters -- found version 13.4.1
[0.867s] -- Searching for dependencies of gz-transport13-parameters
[0.868s] -- Looking for gz-msgs10 -- found version 10.3.2
[0.869s] -- Looking for gz-common5 -- found version 5.7.1
[0.869s] -- Searching for dependencies of gz-common5
[0.870s] -- Looking for gz-utils2 -- found version 2.2.1
[0.870s] -- Looking for dlfcn.h - found
[0.871s] -- Looking for libdl - found
[0.872s] -- Found DL: TRUE  
[0.876s] -- Searching for <gz-common5> component [av]
[0.878s] -- Looking for gz-common5-av -- found version 5.7.1
[0.878s] -- Searching for dependencies of gz-common5-av
[0.881s] -- Checking for module 'libswscale'
[0.891s] --   Found libswscale, version 7.5.100
[0.914s] -- Found SWSCALE: TRUE  
[0.919s] -- Checking for module 'libavdevice >= 56.4.100'
[0.929s] --   Found libavdevice, version 60.3.100
[0.959s] -- Found AVDEVICE: TRUE (Required is at least version "56.4.100") 
[0.963s] -- Checking for module 'libavformat'
[0.973s] --   Found libavformat, version 60.16.100
[1.000s] -- Found AVFORMAT: TRUE  
[1.003s] -- Checking for module 'libavcodec'
[1.013s] --   Found libavcodec, version 60.31.102
[1.045s] -- Found AVCODEC: TRUE  
[1.050s] -- Checking for module 'libavutil'
[1.062s] --   Found libavutil, version 58.29.100
[1.093s] -- Found AVUTIL: TRUE  
[1.094s] -- Searching for <gz-common5> component [events]
[1.097s] -- Looking for gz-common5-events -- found version 5.7.1
[1.097s] -- Searching for dependencies of gz-common5-events
[1.097s] -- Looking for gz-math7 -- found version 7.5.2
[1.098s] -- Searching for <gz-common5> component [graphics]
[1.100s] -- Looking for gz-common5-graphics -- found version 5.7.1
[1.100s] -- Searching for dependencies of gz-common5-graphics
[1.101s] -- Looking for gz-math7 -- found version 7.5.2
[1.106s] -- Found GzAssimp: TRUE (found version "5.3.0") 
[1.106s] -- Searching for <gz-common5> component [io]
[1.108s] -- Looking for gz-common5-io -- found version 5.7.1
[1.108s] -- Searching for dependencies of gz-common5-io
[1.108s] -- Searching for <gz-common5> component [profiler]
[1.110s] -- Looking for gz-common5-profiler -- found version 5.7.1
[1.110s] -- Searching for dependencies of gz-common5-profiler
[1.111s] -- Looking for gz-fuel_tools9 -- found version 9.1.1
[1.112s] -- Searching for dependencies of gz-fuel_tools9
[1.171s] -- Found CURL: /usr/lib/x86_64-linux-gnu/libcurl.so (found version "8.5.0")  
[1.179s] -- Checking for module 'jsoncpp'
[1.189s] --   Found jsoncpp, version 1.9.5
[1.212s] -- Found JSONCPP: TRUE  
[1.227s] -- Checking for module 'yaml-0.1'
[1.236s] --   Found yaml-0.1, version 0.2.5
[1.258s] -- Found YAML: TRUE  
[1.261s] -- Checking for module 'libzip'
[1.272s] --   Found libzip, version 1.7.3
[1.302s] -- Found ZIP: TRUE  
[1.303s] -- Looking for gz-utils2 -- found version 2.2.1
[1.303s] -- Looking for gz-common5 -- found version 5.7.1
[1.303s] -- Searching for dependencies of gz-common5
[1.304s] -- Looking for gz-utils2 -- found version 2.2.1
[1.304s] -- Looking for dlfcn.h - found
[1.304s] -- Looking for libdl - found
[1.311s] -- Searching for <gz-common5> component [testing]
[1.312s] -- Looking for gz-common5-testing -- found version 5.7.1
[1.312s] -- Searching for dependencies of gz-common5-testing
[1.313s] -- Looking for gz-math7 -- found version 7.5.2
[1.313s] -- Looking for gz-msgs10 -- found version 10.3.2
[1.315s] -- Looking for gz-gui8 -- found version 8.4.0
[1.315s] -- Searching for dependencies of gz-gui8
[1.337s] -- Looking for gz-utils2 -- found version 2.2.1
[1.337s] -- Looking for gz-math7 -- found version 7.5.2
[1.337s] -- Looking for gz-common5 -- found version 5.7.1
[1.337s] -- Looking for gz-plugin2 -- found version 2.0.4
[1.338s] -- Looking for gz-transport13 -- found version 13.4.1
[1.339s] -- Looking for gz-rendering8 -- found version 8.2.2
[1.339s] -- Searching for dependencies of gz-rendering8
[1.339s] -- Looking for gz-math7 -- found version 7.5.2
[1.340s] -- Searching for dependencies of gz-math7
[1.340s] -- Looking for gz-utils2 -- found version 2.2.1
[1.340s] -- Searching for <gz-math7> component [eigen3]
[1.341s] -- Looking for gz-math7-eigen3 -- found version 7.5.2
[1.342s] -- Searching for dependencies of gz-math7-eigen3
[1.352s] -- Looking for gz-common5 -- found version 5.7.1
[1.352s] -- Searching for dependencies of gz-common5
[1.352s] -- Looking for gz-utils2 -- found version 2.2.1
[1.353s] -- Looking for dlfcn.h - found
[1.353s] -- Looking for libdl - found
[1.359s] -- Searching for <gz-common5> component [graphics]
[1.359s] -- Searching for <gz-common5> component [events]
[1.359s] -- Searching for <gz-common5> component [geospatial]
[1.360s] -- Looking for gz-common5-geospatial -- found version 5.7.1
[1.360s] -- Searching for dependencies of gz-common5-geospatial
[1.360s] -- Looking for gz-math7 -- found version 7.5.2
[1.361s] -- Looking for gz-common5 -- found version 5.7.1
[1.362s] -- Looking for gz-plugin2 -- found version 2.0.4
[1.362s] -- Searching for dependencies of gz-plugin2
[1.362s] -- Looking for gz-utils2 -- found version 2.2.1
[1.362s] -- Searching for <gz-plugin2> component [all]
[1.363s] -- Looking for all libraries of gz-plugin2 -- found version 2.0.4
[1.364s] -- Looking for gz-plugin2 -- found version 2.0.4
[1.364s] -- Looking for gz-utils2 -- found version 2.2.1
[1.371s] -- Found OpenGL: /usr/lib/x86_64-linux-gnu/libOpenGL.so  found components: OpenGL 
[1.372s] -- Looking for gz-msgs10 -- found version 10.3.2
[1.388s] -- Looking for gz-physics7 -- found version 7.5.0
[1.388s] -- Searching for dependencies of gz-physics7
[1.389s] -- Looking for gz-common5 -- found version 5.7.1
[1.389s] -- Looking for gz-math7 -- found version 7.5.2
[1.389s] -- Looking for gz-plugin2 -- found version 2.0.4
[1.390s] -- Looking for gz-utils2 -- found version 2.2.1
[1.390s] -- Searching for <gz-physics7> component [heightmap]
[1.391s] -- Looking for gz-physics7-heightmap -- found version 7.5.0
[1.391s] -- Searching for dependencies of gz-physics7-heightmap
[1.392s] -- Looking for gz-common5 -- found version 5.7.1
[1.392s] -- Searching for <gz-physics7> component [mesh]
[1.393s] -- Looking for gz-physics7-mesh -- found version 7.5.0
[1.393s] -- Searching for dependencies of gz-physics7-mesh
[1.393s] -- Looking for gz-common5 -- found version 5.7.1
[1.393s] -- Searching for <gz-physics7> component [sdf]
[1.394s] -- Looking for gz-physics7-sdf -- found version 7.5.0
[1.394s] -- Searching for dependencies of gz-physics7-sdf
[1.395s] -- Looking for sdformat14 -- found version 14.8.0
[1.396s] -- Looking for gz-sensors8 -- found version 8.2.2
[1.396s] -- Searching for dependencies of gz-sensors8
[1.413s] -- Looking for gz-math7 -- found version 7.5.2
[1.413s] -- Looking for gz-common5 -- found version 5.7.1
[1.414s] -- Looking for gz-transport13 -- found version 13.4.1
[1.414s] -- Looking for gz-rendering8 -- found version 8.2.2
[1.414s] -- Looking for gz-msgs10 -- found version 10.3.2
[1.415s] -- Looking for sdformat14 -- found version 14.8.0
[1.415s] -- Searching for <gz-sensors8> component [air_pressure]
[1.416s] -- Looking for gz-sensors8-air_pressure -- found version 8.2.2
[1.416s] -- Searching for dependencies of gz-sensors8-air_pressure
[1.416s] -- Searching for <gz-sensors8> component [air_speed]
[1.417s] -- Looking for gz-sensors8-air_speed -- found version 8.2.2
[1.417s] -- Searching for dependencies of gz-sensors8-air_speed
[1.418s] -- Searching for <gz-sensors8> component [altimeter]
[1.419s] -- Looking for gz-sensors8-altimeter -- found version 8.2.2
[1.419s] -- Searching for dependencies of gz-sensors8-altimeter
[1.419s] -- Searching for <gz-sensors8> component [imu]
[1.420s] -- Looking for gz-sensors8-imu -- found version 8.2.2
[1.420s] -- Searching for dependencies of gz-sensors8-imu
[1.420s] -- Searching for <gz-sensors8> component [force_torque]
[1.421s] -- Looking for gz-sensors8-force_torque -- found version 8.2.2
[1.421s] -- Searching for dependencies of gz-sensors8-force_torque
[1.422s] -- Searching for <gz-sensors8> component [logical_camera]
[1.422s] -- Looking for gz-sensors8-logical_camera -- found version 8.2.2
[1.422s] -- Searching for dependencies of gz-sensors8-logical_camera
[1.423s] -- Searching for <gz-sensors8> component [magnetometer]
[1.424s] -- Looking for gz-sensors8-magnetometer -- found version 8.2.2
[1.424s] -- Searching for dependencies of gz-sensors8-magnetometer
[1.424s] -- Searching for <gz-sensors8> component [navsat]
[1.425s] -- Looking for gz-sensors8-navsat -- found version 8.2.2
[1.425s] -- Searching for dependencies of gz-sensors8-navsat
[1.425s] -- Searching for <gz-sensors8> component [dvl]
[1.426s] -- Looking for gz-sensors8-dvl -- found version 8.2.2
[1.426s] -- Searching for dependencies of gz-sensors8-dvl
[1.427s] -- Looking for gz-sensors8 -- found version 8.2.2
[1.427s] -- Searching for dependencies of gz-sensors8
[1.444s] -- Looking for gz-math7 -- found version 7.5.2
[1.444s] -- Looking for gz-common5 -- found version 5.7.1
[1.445s] -- Looking for gz-transport13 -- found version 13.4.1
[1.445s] -- Looking for gz-rendering8 -- found version 8.2.2
[1.445s] -- Looking for gz-msgs10 -- found version 10.3.2
[1.446s] -- Looking for sdformat14 -- found version 14.8.0
[1.446s] -- Searching for <gz-sensors8> component [rendering]
[1.447s] -- Looking for gz-sensors8-rendering -- found version 8.2.2
[1.447s] -- Searching for dependencies of gz-sensors8-rendering
[1.448s] -- Searching for <gz-sensors8> component [rendering]
[1.448s] -- Searching for <gz-sensors8> component [lidar]
[1.449s] -- Looking for gz-sensors8-lidar -- found version 8.2.2
[1.449s] -- Searching for dependencies of gz-sensors8-lidar
[1.450s] -- Looking for gz-sensors8 -- found version 8.2.2
[1.450s] -- Searching for <gz-sensors8> component [gpu_lidar]
[1.451s] -- Looking for gz-sensors8-gpu_lidar -- found version 8.2.2
[1.451s] -- Searching for dependencies of gz-sensors8-gpu_lidar
[1.451s] -- Looking for gz-sensors8 -- found version 8.2.2
[1.452s] -- Searching for <gz-sensors8> component [camera]
[1.453s] -- Looking for gz-sensors8-camera -- found version 8.2.2
[1.453s] -- Searching for dependencies of gz-sensors8-camera
[1.453s] -- Looking for gz-sensors8 -- found version 8.2.2
[1.453s] -- Searching for <gz-sensors8> component [boundingbox_camera]
[1.454s] -- Looking for gz-sensors8-boundingbox_camera -- found version 8.2.2
[1.454s] -- Searching for dependencies of gz-sensors8-boundingbox_camera
[1.455s] -- Searching for <gz-sensors8> component [segmentation_camera]
[1.456s] -- Looking for gz-sensors8-segmentation_camera -- found version 8.2.2
[1.456s] -- Searching for dependencies of gz-sensors8-segmentation_camera
[1.456s] -- Searching for <gz-sensors8> component [depth_camera]
[1.457s] -- Looking for gz-sensors8-depth_camera -- found version 8.2.2
[1.457s] -- Searching for dependencies of gz-sensors8-depth_camera
[1.457s] -- Looking for gz-sensors8 -- found version 8.2.2
[1.458s] -- Searching for <gz-sensors8> component [rgbd_camera]
[1.458s] -- Looking for gz-sensors8-rgbd_camera -- found version 8.2.2
[1.459s] -- Searching for dependencies of gz-sensors8-rgbd_camera
[1.459s] -- Looking for gz-sensors8 -- found version 8.2.2
[1.459s] -- Searching for <gz-sensors8> component [thermal_camera]
[1.460s] -- Looking for gz-sensors8-thermal_camera -- found version 8.2.2
[1.460s] -- Searching for dependencies of gz-sensors8-thermal_camera
[1.460s] -- Looking for gz-sensors8 -- found version 8.2.2
[1.461s] -- Searching for <gz-sensors8> component [wide_angle_camera]
[1.462s] -- Looking for gz-sensors8-wide_angle_camera -- found version 8.2.2
[1.462s] -- Searching for dependencies of gz-sensors8-wide_angle_camera
[1.463s] -- Looking for gz-rendering8 -- found version 8.2.2
[1.463s] -- Looking for gz-math7 -- found version 7.5.2
[1.463s] -- Looking for gz-utils2 -- found version 2.2.1
[1.484s] -- Found rclcpp: 28.1.12 (/opt/ros/jazzy/share/rclcpp/cmake)
[1.529s] -- Found rosidl_generator_c: 4.6.6 (/opt/ros/jazzy/share/rosidl_generator_c/cmake)
[1.546s] -- Found rosidl_generator_cpp: 4.6.6 (/opt/ros/jazzy/share/rosidl_generator_cpp/cmake)
[1.565s] -- Using all available rosidl_typesupport_c: rosidl_typesupport_fastrtps_c;rosidl_typesupport_introspection_c
[1.585s] -- Using all available rosidl_typesupport_cpp: rosidl_typesupport_fastrtps_cpp;rosidl_typesupport_introspection_cpp
[1.667s] -- Found rmw_implementation_cmake: 7.3.2 (/opt/ros/jazzy/share/rmw_implementation_cmake/cmake)
[1.671s] -- Found rmw_fastrtps_cpp: 8.4.3 (/opt/ros/jazzy/share/rmw_fastrtps_cpp/cmake)
[1.747s] -- Found OpenSSL: /usr/lib/x86_64-linux-gnu/libcrypto.so (found version "3.0.13")  
[1.760s] -- Found FastRTPS: /opt/ros/jazzy/include (Required is at least version "2.13") 
[1.777s] -- Using RMW implementation 'rmw_fastrtps_cpp' as default
[1.845s] -- Looking for gz-plugin2 -- found version 2.0.4
[1.848s] -- Found ament_lint_auto: 0.17.3 (/opt/ros/jazzy/share/ament_lint_auto/cmake)
[1.935s] -- Added test 'cppcheck' to perform static code analysis on C / C++ code
[1.935s] -- Configured cppcheck include dirs: 
[1.935s] -- Configured cppcheck exclude dirs and/or files: 
[1.936s] -- Added test 'lint_cmake' to check CMake code style
[1.937s] -- Added test 'uncrustify' to check C / C++ code style
[1.937s] -- Configured uncrustify additional arguments: 
[1.937s] -- Added test 'xmllint' to check XML markup files
[1.939s] -- Configuring done (1.9s)
[1.952s] -- Generating done (0.0s)
[1.955s] -- Build files have been written to: /home/jmendes/drone_ws/build/drone_gazebo_plugins
[1.964s] Invoked command in '/home/jmendes/drone_ws/build/drone_gazebo_plugins' returned '0': CMAKE_PREFIX_PATH=${CMAKE_PREFIX_PATH}:/opt/ros/jazzy /usr/bin/cmake /home/jmendes/drone_ws/src/drone_gazebo_plugins -DCMAKE_INSTALL_PREFIX=/home/jmendes/drone_ws/install/drone_gazebo_plugins
[1.965s] Invoking command in '/home/jmendes/drone_ws/build/drone_gazebo_plugins': CMAKE_PREFIX_PATH=${CMAKE_PREFIX_PATH}:/opt/ros/jazzy /usr/bin/cmake --build /home/jmendes/drone_ws/build/drone_gazebo_plugins -- -j8 -l8
[2.005s] [ 50%] [32mBuilding CXX object CMakeFiles/TeensyEmulator.dir/src/TeensyEmulator.cpp.o[0m
[3.032s] [01m[K/home/jmendes/drone_ws/src/drone_gazebo_plugins/src/TeensyEmulator.cpp:[m[K In member function ‘[01m[Kvirtual void drone_gazebo_sim::TeensyEmulator::[01;32m[KConfigure[m[K(const gz::sim::v8::Entity&, const std::shared_ptr<const sdf::v14::Element>&, gz::sim::v8::EntityComponentManager&, gz::sim::v8::EventManager&)[m[K’:
[3.032s] [01m[K/home/jmendes/drone_ws/src/drone_gazebo_plugins/src/TeensyEmulator.cpp:10:28:[m[K [01;35m[Kwarning: [m[Kunused parameter ‘[01m[KeventMgr[m[K’ [[01;35m[K-Wunused-parameter[m[K]
[3.033s]    10 |     [01;35m[Kgz::sim::EventManager& eventMgr[m[K)
[3.033s]       |     [01;35m[K~~~~~~~~~~~~~~~~~~~~~~~^~~~~~~~[m[K
[3.033s] [01m[K/home/jmendes/drone_ws/src/drone_gazebo_plugins/src/TeensyEmulator.cpp:[m[K In member function ‘[01m[Kvirtual void drone_gazebo_sim::TeensyEmulator::[01;32m[KPreUpdate[m[K(const gz::sim::v8::UpdateInfo&, gz::sim::v8::EntityComponentManager&)[m[K’:
[3.033s] [01m[K/home/jmendes/drone_ws/src/drone_gazebo_plugins/src/TeensyEmulator.cpp:26:77:[m[K [01;35m[Kwarning: [m[Kunused parameter ‘[01m[K_info[m[K’ [[01;35m[K-Wunused-parameter[m[K]
[3.033s]    26 | void drone_gazebo_sim::TeensyEmulator::PreUpdate([01;35m[Kconst gz::sim::UpdateInfo& _info[m[K,
[3.033s]       |                                                  [01;35m[K~~~~~~~~~~~~~~~~~~~~~~~~~~~^~~~~[m[K
[3.033s] [01m[K/home/jmendes/drone_ws/src/drone_gazebo_plugins/src/TeensyEmulator.cpp:27:38:[m[K [01;35m[Kwarning: [m[Kunused parameter ‘[01m[K_ecm[m[K’ [[01;35m[K-Wunused-parameter[m[K]
[3.033s]    27 |     [01;35m[Kgz::sim::EntityComponentManager& _ecm[m[K)
[3.033s]       |     [01;35m[K~~~~~~~~~~~~~~~~~~~~~~~~~~~~~~~~~^~~~[m[K
[3.033s] [01m[K/home/jmendes/drone_ws/src/drone_gazebo_plugins/src/TeensyEmulator.cpp:[m[K In member function ‘[01m[Kvirtual void drone_gazebo_sim::TeensyEmulator::[01;32m[KPostUpdate[m[K(const gz::sim::v8::UpdateInfo&, const gz::sim::v8::EntityComponentManager&)[m[K’:
[3.033s] [01m[K/home/jmendes/drone_ws/src/drone_gazebo_plugins/src/TeensyEmulator.cpp:32:44:[m[K [01;35m[Kwarning: [m[Kunused parameter ‘[01m[K_ecm[m[K’ [[01;35m[K-Wunused-parameter[m[K]
[3.033s]    32 |     [01;35m[Kconst gz::sim::EntityComponentManager& _ecm[m[K)
[3.033s]       |     [01;35m[K~~~~~~~~~~~~~~~~~~~~~~~~~~~~~~~~~~~~~~~^~~~[m[K
[3.921s] [100%] [32m[1mLinking CXX shared library libTeensyEmulator.so[0m
[4.065s] [100%] Built target TeensyEmulator
[4.074s] Invoked command in '/home/jmendes/drone_ws/build/drone_gazebo_plugins' returned '0': CMAKE_PREFIX_PATH=${CMAKE_PREFIX_PATH}:/opt/ros/jazzy /usr/bin/cmake --build /home/jmendes/drone_ws/build/drone_gazebo_plugins -- -j8 -l8
[4.075s] Invoking command in '/home/jmendes/drone_ws/build/drone_gazebo_plugins': CMAKE_PREFIX_PATH=${CMAKE_PREFIX_PATH}:/opt/ros/jazzy /usr/bin/cmake --install /home/jmendes/drone_ws/build/drone_gazebo_plugins
[4.081s] -- Install configuration: ""
[4.081s] -- Installing: /home/jmendes/drone_ws/install/drone_gazebo_plugins/lib/libTeensyEmulator.so
[4.081s] -- Set non-toolchain portion of runtime path of "/home/jmendes/drone_ws/install/drone_gazebo_plugins/lib/libTeensyEmulator.so" to ""
[4.081s] -- Installing: /home/jmendes/drone_ws/install/drone_gazebo_plugins/share/ament_index/resource_index/package_run_dependencies/drone_gazebo_plugins
[4.081s] -- Installing: /home/jmendes/drone_ws/install/drone_gazebo_plugins/share/ament_index/resource_index/parent_prefix_path/drone_gazebo_plugins
[4.082s] -- Installing: /home/jmendes/drone_ws/install/drone_gazebo_plugins/share/drone_gazebo_plugins/environment/ament_prefix_path.sh
[4.082s] -- Installing: /home/jmendes/drone_ws/install/drone_gazebo_plugins/share/drone_gazebo_plugins/environment/ament_prefix_path.dsv
[4.082s] -- Installing: /home/jmendes/drone_ws/install/drone_gazebo_plugins/share/drone_gazebo_plugins/environment/path.sh
[4.082s] -- Installing: /home/jmendes/drone_ws/install/drone_gazebo_plugins/share/drone_gazebo_plugins/environment/path.dsv
[4.082s] -- Installing: /home/jmendes/drone_ws/install/drone_gazebo_plugins/share/drone_gazebo_plugins/local_setup.bash
[4.082s] -- Installing: /home/jmendes/drone_ws/install/drone_gazebo_plugins/share/drone_gazebo_plugins/local_setup.sh
[4.082s] -- Installing: /home/jmendes/drone_ws/install/drone_gazebo_plugins/share/drone_gazebo_plugins/local_setup.zsh
[4.082s] -- Installing: /home/jmendes/drone_ws/install/drone_gazebo_plugins/share/drone_gazebo_plugins/local_setup.dsv
[4.082s] -- Installing: /home/jmendes/drone_ws/install/drone_gazebo_plugins/share/drone_gazebo_plugins/package.dsv
[4.082s] -- Installing: /home/jmendes/drone_ws/install/drone_gazebo_plugins/share/ament_index/resource_index/packages/drone_gazebo_plugins
[4.082s] -- Installing: /home/jmendes/drone_ws/install/drone_gazebo_plugins/share/drone_gazebo_plugins/cmake/drone_gazebo_pluginsConfig.cmake
[4.083s] -- Installing: /home/jmendes/drone_ws/install/drone_gazebo_plugins/share/drone_gazebo_plugins/cmake/drone_gazebo_pluginsConfig-version.cmake
[4.083s] -- Installing: /home/jmendes/drone_ws/install/drone_gazebo_plugins/share/drone_gazebo_plugins/package.xml
[4.084s] Invoked command in '/home/jmendes/drone_ws/build/drone_gazebo_plugins' returned '0': CMAKE_PREFIX_PATH=${CMAKE_PREFIX_PATH}:/opt/ros/jazzy /usr/bin/cmake --install /home/jmendes/drone_ws/build/drone_gazebo_plugins
